
> cpfi-credit-pro-financial-intelligence@1.0.0 test
> jest --passWithNoTests

powershell : FAIL src/app/api/credit-repair/__tests__/integration.test.ts
At line:1 char:1
+ powershell -NoLogo -NonInteractive -Command npm test -- --passWithNoT ...
+ ~~~~~~~~~~~~~~~~~~~~~~~~~~~~~~~~~~~~~~~~~~~~~~~~~~~~~~~~~~~~~~~~~~~~~
    + CategoryInfo          : NotSpecified: (FAIL src/app/ap...gration.test.ts:String) [], RemoteException
    + FullyQualifiedErrorId : NativeCommandError
 
  ΓùÅ Console

    console.error
      Error updating dispute: Error: Dispute has been modified by another process. Please refresh and try again.
          at Object.<anonymous> (C:\Githhub\CreditMaster-Pro-app\src\app\api\credit-repair\__tests__\integration.test.ts:271:9)
          at Promise.finally.completed (C:\Githhub\CreditMaster-Pro-app\node_modules\jest-circus\build\jestAdapterInit.js:1557:28)
          at new Promise (<anonymous>)
          at callAsyncCircusFn (C:\Githhub\CreditMaster-Pro-app\node_modules\jest-circus\build\jestAdapterInit.js:1497:10)
          at _callCircusTest (C:\Githhub\CreditMaster-Pro-app\node_modules\jest-circus\build\jestAdapterInit.js:1007:40)
          at processTicksAndRejections (node:internal/process/task_queues:103:5)
          at _runTest (C:\Githhub\CreditMaster-Pro-app\node_modules\jest-circus\build\jestAdapterInit.js:947:3)
          at C:\Githhub\CreditMaster-Pro-app\node_modules\jest-circus\build\jestAdapterInit.js:849:7
          at _runTestsForDescribeBlock (C:\Githhub\CreditMaster-Pro-app\node_modules\jest-circus\build\jestAdapterInit.js:862:11)
          at _runTestsForDescribeBlock (C:\Githhub\CreditMaster-Pro-app\node_modules\jest-circus\build\jestAdapterInit.js:857:11)
          at _runTestsForDescribeBlock (C:\Githhub\CreditMaster-Pro-app\node_modules\jest-circus\build\jestAdapterInit.js:857:11)
          at run (C:\Githhub\CreditMaster-Pro-app\node_modules\jest-circus\build\jestAdapterInit.js:761:3)
          at runAndTransformResultsToJestFormat 
(C:\Githhub\CreditMaster-Pro-app\node_modules\jest-circus\build\jestAdapterInit.js:1918:21)
          at jestAdapter (C:\Githhub\CreditMaster-Pro-app\node_modules\jest-circus\build\runner.js:101:19)
          at runTestInternal (C:\Githhub\CreditMaster-Pro-app\node_modules\jest-runner\build\testWorker.js:275:16)
          at runTest (C:\Githhub\CreditMaster-Pro-app\node_modules\jest-runner\build\testWorker.js:343:7)
          at Object.worker (C:\Githhub\CreditMaster-Pro-app\node_modules\jest-runner\build\testWorker.js:497:12)

    [0m [90m 226 |[39m     })[33m;[39m
     [90m 227 |[39m   } [36mcatch[39m (error) {
    [31m[1m>[22m[39m[90m 228 |[39m     console[33m.[39merror([32m'Error updating dispute:'[39m[33m,[39m error)[33m;[39m
     [90m     |[39m             [31m[1m^[22m[39m
     [90m 229 |[39m
     [90m 230 |[39m     [90m// Check for optimistic locking error[39m
     [90m 231 |[39m     [36mif[39m ((error [36mas[39m [33mError[39m)[33m.[39mmessage[33m.[39mincludes([32m'modified by 
another process'[39m)) {[0m

      at PUT (src/app/api/credit-repair/disputes/[id]/route.ts:228:13)
      at Object.<anonymous> (src/app/api/credit-repair/__tests__/integration.test.ts:279:30)

    console.error
      Error getting quick wins: TypeError: quickWins is not iterable
          at GET (C:\Githhub\CreditMaster-Pro-app\src\app\api\credit-repair\quick-wins\route.ts:48:28)
          at processTicksAndRejections (node:internal/process/task_queues:103:5)
          at Object.<anonymous> (C:\Githhub\CreditMaster-Pro-app\src\app\api\credit-repair\__tests__\integration.test.ts:553:33)

    [0m [90m  96 |[39m     })[33m;[39m
     [90m  97 |[39m   } [36mcatch[39m (error) {
    [31m[1m>[22m[39m[90m  98 |[39m     console[33m.[39merror([32m'Error getting quick wins:'[39m[33m,[39m error)[33m;[39m
     [90m     |[39m             [31m[1m^[22m[39m
     [90m  99 |[39m
     [90m 100 |[39m     [90m// Audit log error[39m
     [90m 101 |[39m     [36mtry[39m {[0m

      at GET (src/app/api/credit-repair/quick-wins/route.ts:98:13)
      at Object.<anonymous> (src/app/api/credit-repair/__tests__/integration.test.ts:553:33)

    console.error
      Error updating dispute: Error: Dispute has been modified by another process. Please refresh and try again.
          at Object.<anonymous> (C:\Githhub\CreditMaster-Pro-app\src\app\api\credit-repair\__tests__\integration.test.ts:647:9)
          at processTicksAndRejections (node:internal/process/task_queues:103:5)

    [0m [90m 226 |[39m     })[33m;[39m
     [90m 227 |[39m   } [36mcatch[39m (error) {
    [31m[1m>[22m[39m[90m 228 |[39m     console[33m.[39merror([32m'Error updating dispute:'[39m[33m,[39m error)[33m;[39m
     [90m     |[39m             [31m[1m^[22m[39m
     [90m 229 |[39m
     [90m 230 |[39m     [90m// Check for optimistic locking error[39m
     [90m 231 |[39m     [36mif[39m ((error [36mas[39m [33mError[39m)[33m.[39mmessage[33m.[39mincludes([32m'modified by 
another process'[39m)) {[0m

      at PUT (src/app/api/credit-repair/disputes/[id]/route.ts:228:13)
      at Object.<anonymous> (src/app/api/credit-repair/__tests__/integration.test.ts:649:25)

  ΓùÅ Credit Repair API - Integration Tests ΓÇ║ Credit Report Upload and Analysis Flow ΓÇ║ should handle report upload ΓåÆ analysis ΓåÆ 
quick wins identification

    expect(received).toBe(expected) // Object.is equality

    Expected: 200
    Received: 500

    [0m [90m 554 |[39m       [36mconst[39m quickWinsData [33m=[39m [36mawait[39m quickWinsResponse[33m.[39mjson()[33m;[39m
     [90m 555 |[39m
    [31m[1m>[22m[39m[90m 556 |[39m       expect(quickWinsResponse[33m.[39mstatus)[33m.[39mtoBe([35m200[39m)[33m;[39m
     [90m     |[39m                                        [31m[1m^[22m[39m
     [90m 557 |[39m       expect(quickWinsData[33m.[39msuccess)[33m.[39mtoBe([36mtrue[39m)[33m;[39m
     [90m 558 |[39m       expect(quickWinsData[33m.[39mdata[33m.[39mopportunities)[33m.[39mtoHaveLength([35m2[39m)[33m;[39m
     [90m 559 |[39m[0m

      at Object.<anonymous> (src/app/api/credit-repair/__tests__/integration.test.ts:556:40)

FAIL src/app/api/financial/__tests__/ai-endpoints.test.ts
  ΓùÅ AI API Endpoints ΓÇ║ GET /api/financial/credit/ai-insights ΓÇ║ should return credit insights data

    expect(received).toHaveProperty(path)

    Expected path: "creditHealthScore"
    Received path: []

    Received value: {"alerts": [{"actionable": true, "date": "2025-12-25", "description": "Credit utilization increased by 15%", "id": 
"1", "severity": "medium", "title": "Credit Utilization Alert", "type": "utilization_spike"}, {"actionable": false, "date": 
"2025-12-20", "description": "A new credit card account was opened", "id": "2", "severity": "low", "title": "New Account Opened", 
"type": "new_account"}], "factorAnalysis": [{"currentImpact": "positive", "description": "Your payment history is excellent with 100% 
on-time payments", "factor": "Payment History", "impactScore": 35, "potentialImprovement": 0, "recommendation": "Continue making all 
payments on time"}, {"currentImpact": "neutral", "description": "Your credit utilization is at 32%, slightly above the recommended 30%", 
"factor": "Credit Utilization", "impactScore": 0, "potentialImprovement": 15, "recommendation": "Pay down balances to below 30% 
utilization"}], "improvementOpportunities": [{"description": "Lower your credit card balances to below 30% utilization", "difficulty": 
"medium", "id": "1", "potentialIncrease": 25, "priority": "high", "steps": ["Pay down high-balance cards first", "Request credit limit 
increases", "Avoid new charges"], "timeframe": "30-60 days", "title": "Reduce credit utilization"}, {"description": "Ask a family member 
with excellent credit to add you as an authorized user", "difficulty": "easy", "id": "2", "potentialIncrease": 15, "priority": "medium", 
"steps": ["Find someone with excellent credit history", "Request to be added as authorized user", "Ensure they have low utilization"], 
"timeframe": "30-45 days", "title": "Become an authorized user"}], "overallHealthScore": 78, "predictions": [{"confidence": 85, 
"factors": ["Reduced credit utilization", "On-time payments", "Account age"], "predictedScore": 665, "timeframe": "30_days"}, 
{"confidence": 78, "factors": ["Continued on-time payments", "Lower utilization", "Account age growth"], "predictedScore": 680, 
"timeframe": "90_days"}], "recommendedActions": ["Pay down credit card balances", "Set up automatic payments", "Monitor credit reports 
monthly"]}

    [0m [90m 145 |[39m
     [90m 146 |[39m       expect(response[33m.[39mok)[33m.[39mtoBe([36mtrue[39m)[33m;[39m
    [31m[1m>[22m[39m[90m 147 |[39m       
expect(data[33m.[39mdata)[33m.[39mtoHaveProperty([32m'creditHealthScore'[39m)[33m;[39m
     [90m     |[39m                         [31m[1m^[22m[39m
     [90m 148 |[39m       expect(data[33m.[39mdata)[33m.[39mtoHaveProperty([32m'scorePredictions'[39m)[33m;[39m
     [90m 149 |[39m       expect(data[33m.[39mdata)[33m.[39mtoHaveProperty([32m'factorImpacts'[39m)[33m;[39m
     [90m 150 |[39m       expect(data[33m.[39mdata)[33m.[39mtoHaveProperty([32m'improvementOpportunities'[39m)[33m;[39m[0m

      at Object.<anonymous> (src/app/api/financial/__tests__/ai-endpoints.test.ts:147:25)

PASS src/components/investments/analysis/__tests__/ComprehensiveAnalysisPanel.test.tsx
PASS src/app/credit/factors/__tests__/page.test.tsx
  ΓùÅ Console

    console.error
      An update to CreditFactorsPage inside a test was not wrapped in act(...).
      
      When testing, code that causes React state updates should be wrapped into act(...):
      
      act(() => {
        /* fire events that update state */
      });
      /* assert on the output */
      
      This ensures that you're testing the behavior the user would see in the browser. Learn more at 
https://react.dev/link/wrap-tests-with-act

    [0m [90m 256 |[39m       }
     [90m 257 |[39m
    [31m[1m>[22m[39m[90m 258 |[39m       setFactors(data[33m.[39mdata)[33m;[39m
     [90m     |[39m       [31m[1m^[22m[39m
     [90m 259 |[39m     } [36mcatch[39m (err) {
     [90m 260 |[39m       setError(err [36minstanceof[39m [33mError[39m [33m?[39m err[33m.[39mmessage [33m:[39m [32m'An 
error occurred'[39m)[33m;[39m
     [90m 261 |[39m       console[33m.[39merror([32m'Error fetching factors:'[39m[33m,[39m err)[33m;[39m[0m

      at node_modules/react-dom/cjs/react-dom-client.development.js:18758:19
      at runWithFiberInDEV (node_modules/react-dom/cjs/react-dom-client.development.js:874:13)
      at warnIfUpdatesNotWrappedWithActDEV (node_modules/react-dom/cjs/react-dom-client.development.js:18757:9)
      at scheduleUpdateOnFiber (node_modules/react-dom/cjs/react-dom-client.development.js:16409:11)
      at dispatchSetStateInternal (node_modules/react-dom/cjs/react-dom-client.development.js:9170:13)
      at dispatchSetState (node_modules/react-dom/cjs/react-dom-client.development.js:9127:7)
      at fetchFactors (src/app/credit/factors/page.tsx:258:7)

    console.error
      An update to CreditFactorsPage inside a test was not wrapped in act(...).
      
      When testing, code that causes React state updates should be wrapped into act(...):
      
      act(() => {
        /* fire events that update state */
      });
      /* assert on the output */
      
      This ensures that you're testing the behavior the user would see in the browser. Learn more at 
https://react.dev/link/wrap-tests-with-act

    [0m [90m 261 |[39m       console[33m.[39merror([32m'Error fetching factors:'[39m[33m,[39m err)[33m;[39m
     [90m 262 |[39m     } [36mfinally[39m {
    [31m[1m>[22m[39m[90m 263 |[39m       setLoading([36mfalse[39m)[33m;[39m
     [90m     |[39m       [31m[1m^[22m[39m
     [90m 264 |[39m     }
     [90m 265 |[39m   }[33m;[39m
     [90m 266 |[39m[0m

      at node_modules/react-dom/cjs/react-dom-client.development.js:18758:19
      at runWithFiberInDEV (node_modules/react-dom/cjs/react-dom-client.development.js:874:13)
      at warnIfUpdatesNotWrappedWithActDEV (node_modules/react-dom/cjs/react-dom-client.development.js:18757:9)
      at scheduleUpdateOnFiber (node_modules/react-dom/cjs/react-dom-client.development.js:16409:11)
      at dispatchSetStateInternal (node_modules/react-dom/cjs/react-dom-client.development.js:9170:13)
      at dispatchSetState (node_modules/react-dom/cjs/react-dom-client.development.js:9127:7)
      at fetchFactors (src/app/credit/factors/page.tsx:263:7)

    console.error
      Error fetching factors: Error: Failed to fetch
          at fetchFactors (C:\Githhub\CreditMaster-Pro-app\src\app\credit\factors\page.tsx:255:15)

    [0m [90m 259 |[39m     } [36mcatch[39m (err) {
     [90m 260 |[39m       setError(err [36minstanceof[39m [33mError[39m [33m?[39m err[33m.[39mmessage [33m:[39m [32m'An 
error occurred'[39m)[33m;[39m
    [31m[1m>[22m[39m[90m 261 |[39m       console[33m.[39merror([32m'Error fetching factors:'[39m[33m,[39m err)[33m;[39m
     [90m     |[39m               [31m[1m^[22m[39m
     [90m 262 |[39m     } [36mfinally[39m {
     [90m 263 |[39m       setLoading([36mfalse[39m)[33m;[39m
     [90m 264 |[39m     }[0m

      at fetchFactors (src/app/credit/factors/page.tsx:261:15)

    console.error
      An update to CreditFactorsPage inside a test was not wrapped in act(...).
      
      When testing, code that causes React state updates should be wrapped into act(...):
      
      act(() => {
        /* fire events that update state */
      });
      /* assert on the output */
      
      This ensures that you're testing the behavior the user would see in the browser. Learn more at 
https://react.dev/link/wrap-tests-with-act

    [0m [90m 256 |[39m       }
     [90m 257 |[39m
    [31m[1m>[22m[39m[90m 258 |[39m       setFactors(data[33m.[39mdata)[33m;[39m
     [90m     |[39m       [31m[1m^[22m[39m
     [90m 259 |[39m     } [36mcatch[39m (err) {
     [90m 260 |[39m       setError(err [36minstanceof[39m [33mError[39m [33m?[39m err[33m.[39mmessage [33m:[39m [32m'An 
error occurred'[39m)[33m;[39m
     [90m 261 |[39m       console[33m.[39merror([32m'Error fetching factors:'[39m[33m,[39m err)[33m;[39m[0m

      at node_modules/react-dom/cjs/react-dom-client.development.js:18758:19
      at runWithFiberInDEV (node_modules/react-dom/cjs/react-dom-client.development.js:874:13)
      at warnIfUpdatesNotWrappedWithActDEV (node_modules/react-dom/cjs/react-dom-client.development.js:18757:9)
      at scheduleUpdateOnFiber (node_modules/react-dom/cjs/react-dom-client.development.js:16409:11)
      at dispatchSetStateInternal (node_modules/react-dom/cjs/react-dom-client.development.js:9170:13)
      at dispatchSetState (node_modules/react-dom/cjs/react-dom-client.development.js:9127:7)
      at fetchFactors (src/app/credit/factors/page.tsx:258:7)

    console.error
      An update to CreditFactorsPage inside a test was not wrapped in act(...).
      
      When testing, code that causes React state updates should be wrapped into act(...):
      
      act(() => {
        /* fire events that update state */
      });
      /* assert on the output */
      
      This ensures that you're testing the behavior the user would see in the browser. Learn more at 
https://react.dev/link/wrap-tests-with-act

    [0m [90m 261 |[39m       console[33m.[39merror([32m'Error fetching factors:'[39m[33m,[39m err)[33m;[39m
     [90m 262 |[39m     } [36mfinally[39m {
    [31m[1m>[22m[39m[90m 263 |[39m       setLoading([36mfalse[39m)[33m;[39m
     [90m     |[39m       [31m[1m^[22m[39m
     [90m 264 |[39m     }
     [90m 265 |[39m   }[33m;[39m
     [90m 266 |[39m[0m

      at node_modules/react-dom/cjs/react-dom-client.development.js:18758:19
      at runWithFiberInDEV (node_modules/react-dom/cjs/react-dom-client.development.js:874:13)
      at warnIfUpdatesNotWrappedWithActDEV (node_modules/react-dom/cjs/react-dom-client.development.js:18757:9)
      at scheduleUpdateOnFiber (node_modules/react-dom/cjs/react-dom-client.development.js:16409:11)
      at dispatchSetStateInternal (node_modules/react-dom/cjs/react-dom-client.development.js:9170:13)
      at dispatchSetState (node_modules/react-dom/cjs/react-dom-client.development.js:9127:7)
      at fetchFactors (src/app/credit/factors/page.tsx:263:7)

    console.error
      An update to CreditFactorsPage inside a test was not wrapped in act(...).
      
      When testing, code that causes React state updates should be wrapped into act(...):
      
      act(() => {
        /* fire events that update state */
      });
      /* assert on the output */
      
      This ensures that you're testing the behavior the user would see in the browser. Learn more at 
https://react.dev/link/wrap-tests-with-act

    [0m [90m 256 |[39m       }
     [90m 257 |[39m
    [31m[1m>[22m[39m[90m 258 |[39m       setFactors(data[33m.[39mdata)[33m;[39m
     [90m     |[39m       [31m[1m^[22m[39m
     [90m 259 |[39m     } [36mcatch[39m (err) {
     [90m 260 |[39m       setError(err [36minstanceof[39m [33mError[39m [33m?[39m err[33m.[39mmessage [33m:[39m [32m'An 
error occurred'[39m)[33m;[39m
     [90m 261 |[39m       console[33m.[39merror([32m'Error fetching factors:'[39m[33m,[39m err)[33m;[39m[0m

      at node_modules/react-dom/cjs/react-dom-client.development.js:18758:19
      at runWithFiberInDEV (node_modules/react-dom/cjs/react-dom-client.development.js:874:13)
      at warnIfUpdatesNotWrappedWithActDEV (node_modules/react-dom/cjs/react-dom-client.development.js:18757:9)
      at scheduleUpdateOnFiber (node_modules/react-dom/cjs/react-dom-client.development.js:16409:11)
      at dispatchSetStateInternal (node_modules/react-dom/cjs/react-dom-client.development.js:9170:13)
      at dispatchSetState (node_modules/react-dom/cjs/react-dom-client.development.js:9127:7)
      at fetchFactors (src/app/credit/factors/page.tsx:258:7)

    console.error
      An update to CreditFactorsPage inside a test was not wrapped in act(...).
      
      When testing, code that causes React state updates should be wrapped into act(...):
      
      act(() => {
        /* fire events that update state */
      });
      /* assert on the output */
      
      This ensures that you're testing the behavior the user would see in the browser. Learn more at 
https://react.dev/link/wrap-tests-with-act

    [0m [90m 261 |[39m       console[33m.[39merror([32m'Error fetching factors:'[39m[33m,[39m err)[33m;[39m
     [90m 262 |[39m     } [36mfinally[39m {
    [31m[1m>[22m[39m[90m 263 |[39m       setLoading([36mfalse[39m)[33m;[39m
     [90m     |[39m       [31m[1m^[22m[39m
     [90m 264 |[39m     }
     [90m 265 |[39m   }[33m;[39m
     [90m 266 |[39m[0m

      at node_modules/react-dom/cjs/react-dom-client.development.js:18758:19
      at runWithFiberInDEV (node_modules/react-dom/cjs/react-dom-client.development.js:874:13)
      at warnIfUpdatesNotWrappedWithActDEV (node_modules/react-dom/cjs/react-dom-client.development.js:18757:9)
      at scheduleUpdateOnFiber (node_modules/react-dom/cjs/react-dom-client.development.js:16409:11)
      at dispatchSetStateInternal (node_modules/react-dom/cjs/react-dom-client.development.js:9170:13)
      at dispatchSetState (node_modules/react-dom/cjs/react-dom-client.development.js:9127:7)
      at fetchFactors (src/app/credit/factors/page.tsx:263:7)

    console.error
      An update to CreditFactorsPage inside a test was not wrapped in act(...).
      
      When testing, code that causes React state updates should be wrapped into act(...):
      
      act(() => {
        /* fire events that update state */
      });
      /* assert on the output */
      
      This ensures that you're testing the behavior the user would see in the browser. Learn more at 
https://react.dev/link/wrap-tests-with-act

    [0m [90m 256 |[39m       }
     [90m 257 |[39m
    [31m[1m>[22m[39m[90m 258 |[39m       setFactors(data[33m.[39mdata)[33m;[39m
     [90m     |[39m       [31m[1m^[22m[39m
     [90m 259 |[39m     } [36mcatch[39m (err) {
     [90m 260 |[39m       setError(err [36minstanceof[39m [33mError[39m [33m?[39m err[33m.[39mmessage [33m:[39m [32m'An 
error occurred'[39m)[33m;[39m
     [90m 261 |[39m       console[33m.[39merror([32m'Error fetching factors:'[39m[33m,[39m err)[33m;[39m[0m

      at node_modules/react-dom/cjs/react-dom-client.development.js:18758:19
      at runWithFiberInDEV (node_modules/react-dom/cjs/react-dom-client.development.js:874:13)
      at warnIfUpdatesNotWrappedWithActDEV (node_modules/react-dom/cjs/react-dom-client.development.js:18757:9)
      at scheduleUpdateOnFiber (node_modules/react-dom/cjs/react-dom-client.development.js:16409:11)
      at dispatchSetStateInternal (node_modules/react-dom/cjs/react-dom-client.development.js:9170:13)
      at dispatchSetState (node_modules/react-dom/cjs/react-dom-client.development.js:9127:7)
      at fetchFactors (src/app/credit/factors/page.tsx:258:7)

    console.error
      An update to CreditFactorsPage inside a test was not wrapped in act(...).
      
      When testing, code that causes React state updates should be wrapped into act(...):
      
      act(() => {
        /* fire events that update state */
      });
      /* assert on the output */
      
      This ensures that you're testing the behavior the user would see in the browser. Learn more at 
https://react.dev/link/wrap-tests-with-act

    [0m [90m 261 |[39m       console[33m.[39merror([32m'Error fetching factors:'[39m[33m,[39m err)[33m;[39m
     [90m 262 |[39m     } [36mfinally[39m {
    [31m[1m>[22m[39m[90m 263 |[39m       setLoading([36mfalse[39m)[33m;[39m
     [90m     |[39m       [31m[1m^[22m[39m
     [90m 264 |[39m     }
     [90m 265 |[39m   }[33m;[39m
     [90m 266 |[39m[0m

      at node_modules/react-dom/cjs/react-dom-client.development.js:18758:19
      at runWithFiberInDEV (node_modules/react-dom/cjs/react-dom-client.development.js:874:13)
      at warnIfUpdatesNotWrappedWithActDEV (node_modules/react-dom/cjs/react-dom-client.development.js:18757:9)
      at scheduleUpdateOnFiber (node_modules/react-dom/cjs/react-dom-client.development.js:16409:11)
      at dispatchSetStateInternal (node_modules/react-dom/cjs/react-dom-client.development.js:9170:13)
      at dispatchSetState (node_modules/react-dom/cjs/react-dom-client.development.js:9127:7)
      at fetchFactors (src/app/credit/factors/page.tsx:263:7)

PASS src/components/credit-repair/__tests__/AICreditRepairStrategy.test.tsx
  ΓùÅ Console

    console.error
      An update to AICreditRepairStrategy inside a test was not wrapped in act(...).
      
      When testing, code that causes React state updates should be wrapped into act(...):
      
      act(() => {
        /* fire events that update state */
      });
      /* assert on the output */
      
      This ensures that you're testing the behavior the user would see in the browser. Learn more at 
https://react.dev/link/wrap-tests-with-act

    [0m [90m 87 |[39m       
     [90m 88 |[39m       [36mconst[39m result [33m=[39m [36mawait[39m response[33m.[39mjson()[33m;[39m
    [31m[1m>[22m[39m[90m 89 |[39m       setData(result[33m.[39mdata)[33m;[39m
     [90m    |[39m       [31m[1m^[22m[39m
     [90m 90 |[39m     } [36mcatch[39m (err) {
     [90m 91 |[39m       setError(err [36minstanceof[39m [33mError[39m [33m?[39m err[33m.[39mmessage [33m:[39m [32m'An 
error occurred'[39m)[33m;[39m
     [90m 92 |[39m     } [36mfinally[39m {[0m

      at node_modules/react-dom/cjs/react-dom-client.development.js:18758:19
      at runWithFiberInDEV (node_modules/react-dom/cjs/react-dom-client.development.js:874:13)
      at warnIfUpdatesNotWrappedWithActDEV (node_modules/react-dom/cjs/react-dom-client.development.js:18757:9)
      at scheduleUpdateOnFiber (node_modules/react-dom/cjs/react-dom-client.development.js:16409:11)
      at dispatchSetStateInternal (node_modules/react-dom/cjs/react-dom-client.development.js:9170:13)
      at dispatchSetState (node_modules/react-dom/cjs/react-dom-client.development.js:9127:7)
      at fetchData (src/components/credit-repair/AICreditRepairStrategy.tsx:89:7)

    console.error
      An update to AICreditRepairStrategy inside a test was not wrapped in act(...).
      
      When testing, code that causes React state updates should be wrapped into act(...):
      
      act(() => {
        /* fire events that update state */
      });
      /* assert on the output */
      
      This ensures that you're testing the behavior the user would see in the browser. Learn more at 
https://react.dev/link/wrap-tests-with-act

    [0m [90m 91 |[39m       setError(err [36minstanceof[39m [33mError[39m [33m?[39m err[33m.[39mmessage [33m:[39m [32m'An 
error occurred'[39m)[33m;[39m
     [90m 92 |[39m     } [36mfinally[39m {
    [31m[1m>[22m[39m[90m 93 |[39m       setLoading([36mfalse[39m)[33m;[39m
     [90m    |[39m       [31m[1m^[22m[39m
     [90m 94 |[39m     }
     [90m 95 |[39m   }[33m;[39m
     [90m 96 |[39m[0m

      at node_modules/react-dom/cjs/react-dom-client.development.js:18758:19
      at runWithFiberInDEV (node_modules/react-dom/cjs/react-dom-client.development.js:874:13)
      at warnIfUpdatesNotWrappedWithActDEV (node_modules/react-dom/cjs/react-dom-client.development.js:18757:9)
      at scheduleUpdateOnFiber (node_modules/react-dom/cjs/react-dom-client.development.js:16409:11)
      at dispatchSetStateInternal (node_modules/react-dom/cjs/react-dom-client.development.js:9170:13)
      at dispatchSetState (node_modules/react-dom/cjs/react-dom-client.development.js:9127:7)
      at fetchData (src/components/credit-repair/AICreditRepairStrategy.tsx:93:7)

PASS src/components/goals/__tests__/AIGoalsOptimizer.test.tsx
  ΓùÅ Console

    console.error
      An update to AIGoalsOptimizer inside a test was not wrapped in act(...).
      
      When testing, code that causes React state updates should be wrapped into act(...):
      
      act(() => {
        /* fire events that update state */
      });
      /* assert on the output */
      
      This ensures that you're testing the behavior the user would see in the browser. Learn more at 
https://react.dev/link/wrap-tests-with-act

    [0m [90m 61 |[39m       
     [90m 62 |[39m       [36mconst[39m result [33m=[39m [36mawait[39m response[33m.[39mjson()[33m;[39m
    [31m[1m>[22m[39m[90m 63 |[39m       setData(result[33m.[39mdata)[33m;[39m
     [90m    |[39m       [31m[1m^[22m[39m
     [90m 64 |[39m     } [36mcatch[39m (error) {
     [90m 65 |[39m       console[33m.[39merror([32m'Error fetching goal optimizations:'[39m[33m,[39m error)[33m;[39m
     [90m 66 |[39m       toast[33m.[39merror([32m'Failed to load AI recommendations'[39m[33m,[39m [32m'Please try again 
later'[39m)[33m;[39m[0m

      at node_modules/react-dom/cjs/react-dom-client.development.js:18758:19
      at runWithFiberInDEV (node_modules/react-dom/cjs/react-dom-client.development.js:874:13)
      at warnIfUpdatesNotWrappedWithActDEV (node_modules/react-dom/cjs/react-dom-client.development.js:18757:9)
      at scheduleUpdateOnFiber (node_modules/react-dom/cjs/react-dom-client.development.js:16409:11)
      at dispatchSetStateInternal (node_modules/react-dom/cjs/react-dom-client.development.js:9170:13)
      at dispatchSetState (node_modules/react-dom/cjs/react-dom-client.development.js:9127:7)
      at src/components/financial/AIGoalsOptimizer.tsx:63:7

    console.error
      An update to AIGoalsOptimizer inside a test was not wrapped in act(...).
      
      When testing, code that causes React state updates should be wrapped into act(...):
      
      act(() => {
        /* fire events that update state */
      });
      /* assert on the output */
      
      This ensures that you're testing the behavior the user would see in the browser. Learn more at 
https://react.dev/link/wrap-tests-with-act

    [0m [90m 66 |[39m       toast[33m.[39merror([32m'Failed to load AI recommendations'[39m[33m,[39m [32m'Please try again 
later'[39m)[33m;[39m
     [90m 67 |[39m     } [36mfinally[39m {
    [31m[1m>[22m[39m[90m 68 |[39m       setLoading([36mfalse[39m)[33m;[39m
     [90m    |[39m       [31m[1m^[22m[39m
     [90m 69 |[39m     }
     [90m 70 |[39m   }[33m,[39m [user[33m,[39m toast])[33m;[39m
     [90m 71 |[39m[0m

      at node_modules/react-dom/cjs/react-dom-client.development.js:18758:19
      at runWithFiberInDEV (node_modules/react-dom/cjs/react-dom-client.development.js:874:13)
      at warnIfUpdatesNotWrappedWithActDEV (node_modules/react-dom/cjs/react-dom-client.development.js:18757:9)
      at scheduleUpdateOnFiber (node_modules/react-dom/cjs/react-dom-client.development.js:16409:11)
      at dispatchSetStateInternal (node_modules/react-dom/cjs/react-dom-client.development.js:9170:13)
      at dispatchSetState (node_modules/react-dom/cjs/react-dom-client.development.js:9127:7)
      at src/components/financial/AIGoalsOptimizer.tsx:68:7

    console.error
      Error fetching goal optimizations: Error: Failed to fetch goal optimizations
          at C:\Githhub\CreditMaster-Pro-app\src\components\financial\AIGoalsOptimizer.tsx:59:15

    [0m [90m 63 |[39m       setData(result[33m.[39mdata)[33m;[39m
     [90m 64 |[39m     } [36mcatch[39m (error) {
    [31m[1m>[22m[39m[90m 65 |[39m       console[33m.[39merror([32m'Error fetching goal optimizations:'[39m[33m,[39m 
error)[33m;[39m
     [90m    |[39m               [31m[1m^[22m[39m
     [90m 66 |[39m       toast[33m.[39merror([32m'Failed to load AI recommendations'[39m[33m,[39m [32m'Please try again 
later'[39m)[33m;[39m
     [90m 67 |[39m     } [36mfinally[39m {
     [90m 68 |[39m       setLoading([36mfalse[39m)[33m;[39m[0m

      at src/components/financial/AIGoalsOptimizer.tsx:65:15

    console.error
      Error fetching goal optimizations: Error: Failed to fetch goal optimizations
          at C:\Githhub\CreditMaster-Pro-app\src\components\financial\AIGoalsOptimizer.tsx:59:15
          at runNextTicks (node:internal/process/task_queues:64:5)
          at listOnTimeout (node:internal/timers:567:9)
          at processTimers (node:internal/timers:541:7)

    [0m [90m 63 |[39m       setData(result[33m.[39mdata)[33m;[39m
     [90m 64 |[39m     } [36mcatch[39m (error) {
    [31m[1m>[22m[39m[90m 65 |[39m       console[33m.[39merror([32m'Error fetching goal optimizations:'[39m[33m,[39m 
error)[33m;[39m
     [90m    |[39m               [31m[1m^[22m[39m
     [90m 66 |[39m       toast[33m.[39merror([32m'Failed to load AI recommendations'[39m[33m,[39m [32m'Please try again 
later'[39m)[33m;[39m
     [90m 67 |[39m     } [36mfinally[39m {
     [90m 68 |[39m       setLoading([36mfalse[39m)[33m;[39m[0m

      at src/components/financial/AIGoalsOptimizer.tsx:65:15

    console.error
      Error fetching goal optimizations: Error: Failed to fetch goal optimizations
          at C:\Githhub\CreditMaster-Pro-app\src\components\financial\AIGoalsOptimizer.tsx:59:15

    [0m [90m 63 |[39m       setData(result[33m.[39mdata)[33m;[39m
     [90m 64 |[39m     } [36mcatch[39m (error) {
    [31m[1m>[22m[39m[90m 65 |[39m       console[33m.[39merror([32m'Error fetching goal optimizations:'[39m[33m,[39m 
error)[33m;[39m
     [90m    |[39m               [31m[1m^[22m[39m
     [90m 66 |[39m       toast[33m.[39merror([32m'Failed to load AI recommendations'[39m[33m,[39m [32m'Please try again 
later'[39m)[33m;[39m
     [90m 67 |[39m     } [36mfinally[39m {
     [90m 68 |[39m       setLoading([36mfalse[39m)[33m;[39m[0m

      at src/components/financial/AIGoalsOptimizer.tsx:65:15

    console.error
      Error fetching goal optimizations: Error: Failed to fetch goal optimizations
          at C:\Githhub\CreditMaster-Pro-app\src\components\financial\AIGoalsOptimizer.tsx:59:15
          at runNextTicks (node:internal/process/task_queues:64:5)
          at listOnTimeout (node:internal/timers:567:9)
          at processTimers (node:internal/timers:541:7)

    [0m [90m 63 |[39m       setData(result[33m.[39mdata)[33m;[39m
     [90m 64 |[39m     } [36mcatch[39m (error) {
    [31m[1m>[22m[39m[90m 65 |[39m       console[33m.[39merror([32m'Error fetching goal optimizations:'[39m[33m,[39m 
error)[33m;[39m
     [90m    |[39m               [31m[1m^[22m[39m
     [90m 66 |[39m       toast[33m.[39merror([32m'Failed to load AI recommendations'[39m[33m,[39m [32m'Please try again 
later'[39m)[33m;[39m
     [90m 67 |[39m     } [36mfinally[39m {
     [90m 68 |[39m       setLoading([36mfalse[39m)[33m;[39m[0m

      at src/components/financial/AIGoalsOptimizer.tsx:65:15

PASS src/lib/offline/__tests__/OfflineQueue.test.ts
PASS src/components/disputes/__tests__/AIDisputeStrategy.test.tsx
  ΓùÅ Console

    console.error
      An update to AIDisputeStrategy inside a test was not wrapped in act(...).
      
      When testing, code that causes React state updates should be wrapped into act(...):
      
      act(() => {
        /* fire events that update state */
      });
      /* assert on the output */
      
      This ensures that you're testing the behavior the user would see in the browser. Learn more at 
https://react.dev/link/wrap-tests-with-act

    [0m [90m 76 |[39m       
     [90m 77 |[39m       [36mconst[39m result [33m=[39m [36mawait[39m response[33m.[39mjson()[33m;[39m
    [31m[1m>[22m[39m[90m 78 |[39m       setData(result[33m.[39mdata)[33m;[39m
     [90m    |[39m       [31m[1m^[22m[39m
     [90m 79 |[39m     } [36mcatch[39m (error) {
     [90m 80 |[39m       console[33m.[39merror([32m'Error fetching dispute strategy:'[39m[33m,[39m error)[33m;[39m
     [90m 81 |[39m       toast[33m.[39merror([32m'Failed to load AI strategy'[39m[33m,[39m [32m'Please try again 
later'[39m)[33m;[39m[0m

      at node_modules/react-dom/cjs/react-dom-client.development.js:18758:19
      at runWithFiberInDEV (node_modules/react-dom/cjs/react-dom-client.development.js:874:13)
      at warnIfUpdatesNotWrappedWithActDEV (node_modules/react-dom/cjs/react-dom-client.development.js:18757:9)
      at scheduleUpdateOnFiber (node_modules/react-dom/cjs/react-dom-client.development.js:16409:11)
      at dispatchSetStateInternal (node_modules/react-dom/cjs/react-dom-client.development.js:9170:13)
      at dispatchSetState (node_modules/react-dom/cjs/react-dom-client.development.js:9127:7)
      at src/components/disputes/AIDisputeStrategy.tsx:78:7

    console.error
      An update to AIDisputeStrategy inside a test was not wrapped in act(...).
      
      When testing, code that causes React state updates should be wrapped into act(...):
      
      act(() => {
        /* fire events that update state */
      });
      /* assert on the output */
      
      This ensures that you're testing the behavior the user would see in the browser. Learn more at 
https://react.dev/link/wrap-tests-with-act

    [0m [90m 81 |[39m       toast[33m.[39merror([32m'Failed to load AI strategy'[39m[33m,[39m [32m'Please try again 
later'[39m)[33m;[39m
     [90m 82 |[39m     } [36mfinally[39m {
    [31m[1m>[22m[39m[90m 83 |[39m       setLoading([36mfalse[39m)[33m;[39m
     [90m    |[39m       [31m[1m^[22m[39m
     [90m 84 |[39m     }
     [90m 85 |[39m   }[33m,[39m [user[33m,[39m toast])[33m;[39m
     [90m 86 |[39m[0m

      at node_modules/react-dom/cjs/react-dom-client.development.js:18758:19
      at runWithFiberInDEV (node_modules/react-dom/cjs/react-dom-client.development.js:874:13)
      at warnIfUpdatesNotWrappedWithActDEV (node_modules/react-dom/cjs/react-dom-client.development.js:18757:9)
      at scheduleUpdateOnFiber (node_modules/react-dom/cjs/react-dom-client.development.js:16409:11)
      at dispatchSetStateInternal (node_modules/react-dom/cjs/react-dom-client.development.js:9170:13)
      at dispatchSetState (node_modules/react-dom/cjs/react-dom-client.development.js:9127:7)
      at src/components/disputes/AIDisputeStrategy.tsx:83:7

    console.error
      Error fetching dispute strategy: Error: Failed to fetch dispute strategy
          at C:\Githhub\CreditMaster-Pro-app\src\components\disputes\AIDisputeStrategy.tsx:74:15

    [0m [90m 78 |[39m       setData(result[33m.[39mdata)[33m;[39m
     [90m 79 |[39m     } [36mcatch[39m (error) {
    [31m[1m>[22m[39m[90m 80 |[39m       console[33m.[39merror([32m'Error fetching dispute strategy:'[39m[33m,[39m 
error)[33m;[39m
     [90m    |[39m               [31m[1m^[22m[39m
     [90m 81 |[39m       toast[33m.[39merror([32m'Failed to load AI strategy'[39m[33m,[39m [32m'Please try again 
later'[39m)[33m;[39m
     [90m 82 |[39m     } [36mfinally[39m {
     [90m 83 |[39m       setLoading([36mfalse[39m)[33m;[39m[0m

      at src/components/disputes/AIDisputeStrategy.tsx:80:15

    console.error
      Error fetching dispute strategy: Error: Failed to fetch dispute strategy
          at C:\Githhub\CreditMaster-Pro-app\src\components\disputes\AIDisputeStrategy.tsx:74:15
          at runNextTicks (node:internal/process/task_queues:64:5)
          at listOnTimeout (node:internal/timers:567:9)
          at processTimers (node:internal/timers:541:7)

    [0m [90m 78 |[39m       setData(result[33m.[39mdata)[33m;[39m
     [90m 79 |[39m     } [36mcatch[39m (error) {
    [31m[1m>[22m[39m[90m 80 |[39m       console[33m.[39merror([32m'Error fetching dispute strategy:'[39m[33m,[39m 
error)[33m;[39m
     [90m    |[39m               [31m[1m^[22m[39m
     [90m 81 |[39m       toast[33m.[39merror([32m'Failed to load AI strategy'[39m[33m,[39m [32m'Please try again 
later'[39m)[33m;[39m
     [90m 82 |[39m     } [36mfinally[39m {
     [90m 83 |[39m       setLoading([36mfalse[39m)[33m;[39m[0m

      at src/components/disputes/AIDisputeStrategy.tsx:80:15

    console.error
      Error fetching dispute strategy: Error: Failed to fetch dispute strategy
          at C:\Githhub\CreditMaster-Pro-app\src\components\disputes\AIDisputeStrategy.tsx:74:15

    [0m [90m 78 |[39m       setData(result[33m.[39mdata)[33m;[39m
     [90m 79 |[39m     } [36mcatch[39m (error) {
    [31m[1m>[22m[39m[90m 80 |[39m       console[33m.[39merror([32m'Error fetching dispute strategy:'[39m[33m,[39m 
error)[33m;[39m
     [90m    |[39m               [31m[1m^[22m[39m
     [90m 81 |[39m       toast[33m.[39merror([32m'Failed to load AI strategy'[39m[33m,[39m [32m'Please try again 
later'[39m)[33m;[39m
     [90m 82 |[39m     } [36mfinally[39m {
     [90m 83 |[39m       setLoading([36mfalse[39m)[33m;[39m[0m

      at src/components/disputes/AIDisputeStrategy.tsx:80:15

    console.error
      Error fetching dispute strategy: Error: Failed to fetch dispute strategy
          at C:\Githhub\CreditMaster-Pro-app\src\components\disputes\AIDisputeStrategy.tsx:74:15
          at runNextTicks (node:internal/process/task_queues:64:5)
          at listOnTimeout (node:internal/timers:567:9)
          at processTimers (node:internal/timers:541:7)

    [0m [90m 78 |[39m       setData(result[33m.[39mdata)[33m;[39m
     [90m 79 |[39m     } [36mcatch[39m (error) {
    [31m[1m>[22m[39m[90m 80 |[39m       console[33m.[39merror([32m'Error fetching dispute strategy:'[39m[33m,[39m 
error)[33m;[39m
     [90m    |[39m               [31m[1m^[22m[39m
     [90m 81 |[39m       toast[33m.[39merror([32m'Failed to load AI strategy'[39m[33m,[39m [32m'Please try again 
later'[39m)[33m;[39m
     [90m 82 |[39m     } [36mfinally[39m {
     [90m 83 |[39m       setLoading([36mfalse[39m)[33m;[39m[0m

      at src/components/disputes/AIDisputeStrategy.tsx:80:15

PASS src/components/investments/allocation/__tests__/AssetAllocationPanel.test.tsx
PASS src/components/budget/__tests__/AIBudgetOptimizer.test.tsx
  ΓùÅ Console

    console.error
      An update to AIBudgetOptimizer inside a test was not wrapped in act(...).
      
      When testing, code that causes React state updates should be wrapped into act(...):
      
      act(() => {
        /* fire events that update state */
      });
      /* assert on the output */
      
      This ensures that you're testing the behavior the user would see in the browser. Learn more at 
https://react.dev/link/wrap-tests-with-act

    [0m [90m 73 |[39m       [36mconst[39m optimizationScore [33m=[39m [33mMath[39m[33m.[39mmin([35m100[39m[33m,[39m 
[33mMath[39m[33m.[39mmax([35m0[39m[33m,[39m [35m100[39m [33m-[39m (recommendations[33m.[39mlength [33m*[39m 
[35m10[39m)))[33m;[39m
     [90m 74 |[39m
    [31m[1m>[22m[39m[90m 75 |[39m       setData({
     [90m    |[39m       [31m[1m^[22m[39m
     [90m 76 |[39m         recommendations[33m,[39m
     [90m 77 |[39m         predictions[33m,[39m
     [90m 78 |[39m         totalPotentialSavings[33m,[39m[0m

      at node_modules/react-dom/cjs/react-dom-client.development.js:18758:19
      at runWithFiberInDEV (node_modules/react-dom/cjs/react-dom-client.development.js:874:13)
      at warnIfUpdatesNotWrappedWithActDEV (node_modules/react-dom/cjs/react-dom-client.development.js:18757:9)
      at scheduleUpdateOnFiber (node_modules/react-dom/cjs/react-dom-client.development.js:16409:11)
      at dispatchSetStateInternal (node_modules/react-dom/cjs/react-dom-client.development.js:9170:13)
      at dispatchSetState (node_modules/react-dom/cjs/react-dom-client.development.js:9127:7)
      at src/components/financial/AIBudgetOptimizer.tsx:75:7

    console.error
      An update to AIBudgetOptimizer inside a test was not wrapped in act(...).
      
      When testing, code that causes React state updates should be wrapped into act(...):
      
      act(() => {
        /* fire events that update state */
      });
      /* assert on the output */
      
      This ensures that you're testing the behavior the user would see in the browser. Learn more at 
https://react.dev/link/wrap-tests-with-act

    [0m [90m 83 |[39m       toast[33m.[39merror([32m'Failed to load AI recommendations'[39m[33m,[39m [32m'Please try again 
later'[39m)[33m;[39m
     [90m 84 |[39m     } [36mfinally[39m {
    [31m[1m>[22m[39m[90m 85 |[39m       setLoading([36mfalse[39m)[33m;[39m
     [90m    |[39m       [31m[1m^[22m[39m
     [90m 86 |[39m     }
     [90m 87 |[39m   }[33m,[39m [user[33m,[39m toast])[33m;[39m
     [90m 88 |[39m[0m

      at node_modules/react-dom/cjs/react-dom-client.development.js:18758:19
      at runWithFiberInDEV (node_modules/react-dom/cjs/react-dom-client.development.js:874:13)
      at warnIfUpdatesNotWrappedWithActDEV (node_modules/react-dom/cjs/react-dom-client.development.js:18757:9)
      at scheduleUpdateOnFiber (node_modules/react-dom/cjs/react-dom-client.development.js:16409:11)
      at dispatchSetStateInternal (node_modules/react-dom/cjs/react-dom-client.development.js:9170:13)
      at dispatchSetState (node_modules/react-dom/cjs/react-dom-client.development.js:9127:7)
      at src/components/financial/AIBudgetOptimizer.tsx:85:7

    console.error
      Error fetching budget optimizations: Error: Failed to fetch budget recommendations
          at C:\Githhub\CreditMaster-Pro-app\src\components\financial\AIBudgetOptimizer.tsx:48:15

    [0m [90m 80 |[39m       })[33m;[39m
     [90m 81 |[39m     } [36mcatch[39m (error) {
    [31m[1m>[22m[39m[90m 82 |[39m       console[33m.[39merror([32m'Error fetching budget optimizations:'[39m[33m,[39m 
error)[33m;[39m
     [90m    |[39m               [31m[1m^[22m[39m
     [90m 83 |[39m       toast[33m.[39merror([32m'Failed to load AI recommendations'[39m[33m,[39m [32m'Please try again 
later'[39m)[33m;[39m
     [90m 84 |[39m     } [36mfinally[39m {
     [90m 85 |[39m       setLoading([36mfalse[39m)[33m;[39m[0m

      at src/components/financial/AIBudgetOptimizer.tsx:82:15

    console.error
      Error fetching budget optimizations: Error: Failed to fetch budget recommendations
          at C:\Githhub\CreditMaster-Pro-app\src\components\financial\AIBudgetOptimizer.tsx:48:15
          at runNextTicks (node:internal/process/task_queues:64:5)
          at listOnTimeout (node:internal/timers:567:9)
          at processTimers (node:internal/timers:541:7)

    [0m [90m 80 |[39m       })[33m;[39m
     [90m 81 |[39m     } [36mcatch[39m (error) {
    [31m[1m>[22m[39m[90m 82 |[39m       console[33m.[39merror([32m'Error fetching budget optimizations:'[39m[33m,[39m 
error)[33m;[39m
     [90m    |[39m               [31m[1m^[22m[39m
     [90m 83 |[39m       toast[33m.[39merror([32m'Failed to load AI recommendations'[39m[33m,[39m [32m'Please try again 
later'[39m)[33m;[39m
     [90m 84 |[39m     } [36mfinally[39m {
     [90m 85 |[39m       setLoading([36mfalse[39m)[33m;[39m[0m

      at src/components/financial/AIBudgetOptimizer.tsx:82:15

    console.error
      Error fetching budget optimizations: Error: Failed to fetch budget recommendations
          at C:\Githhub\CreditMaster-Pro-app\src\components\financial\AIBudgetOptimizer.tsx:48:15

    [0m [90m 80 |[39m       })[33m;[39m
     [90m 81 |[39m     } [36mcatch[39m (error) {
    [31m[1m>[22m[39m[90m 82 |[39m       console[33m.[39merror([32m'Error fetching budget optimizations:'[39m[33m,[39m 
error)[33m;[39m
     [90m    |[39m               [31m[1m^[22m[39m
     [90m 83 |[39m       toast[33m.[39merror([32m'Failed to load AI recommendations'[39m[33m,[39m [32m'Please try again 
later'[39m)[33m;[39m
     [90m 84 |[39m     } [36mfinally[39m {
     [90m 85 |[39m       setLoading([36mfalse[39m)[33m;[39m[0m

      at src/components/financial/AIBudgetOptimizer.tsx:82:15

    console.error
      Error fetching budget optimizations: Error: Failed to fetch budget recommendations
          at C:\Githhub\CreditMaster-Pro-app\src\components\financial\AIBudgetOptimizer.tsx:48:15
          at runNextTicks (node:internal/process/task_queues:64:5)
          at listOnTimeout (node:internal/timers:567:9)
          at processTimers (node:internal/timers:541:7)

    [0m [90m 80 |[39m       })[33m;[39m
     [90m 81 |[39m     } [36mcatch[39m (error) {
    [31m[1m>[22m[39m[90m 82 |[39m       console[33m.[39merror([32m'Error fetching budget optimizations:'[39m[33m,[39m 
error)[33m;[39m
     [90m    |[39m               [31m[1m^[22m[39m
     [90m 83 |[39m       toast[33m.[39merror([32m'Failed to load AI recommendations'[39m[33m,[39m [32m'Please try again 
later'[39m)[33m;[39m
     [90m 84 |[39m     } [36mfinally[39m {
     [90m 85 |[39m       setLoading([36mfalse[39m)[33m;[39m[0m

      at src/components/financial/AIBudgetOptimizer.tsx:82:15

PASS src/app/settings/__tests__/settings-pages.test.tsx
PASS src/components/bills/__tests__/AIBillsOptimizer.test.tsx
  ΓùÅ Console

    console.error
      An update to AIBillsOptimizer inside a test was not wrapped in act(...).
      
      When testing, code that causes React state updates should be wrapped into act(...):
      
      act(() => {
        /* fire events that update state */
      });
      /* assert on the output */
      
      This ensures that you're testing the behavior the user would see in the browser. Learn more at 
https://react.dev/link/wrap-tests-with-act

    [0m [90m 66 |[39m       
     [90m 67 |[39m       [36mconst[39m result [33m=[39m [36mawait[39m response[33m.[39mjson()[33m;[39m
    [31m[1m>[22m[39m[90m 68 |[39m       setData(result[33m.[39mdata)[33m;[39m
     [90m    |[39m       [31m[1m^[22m[39m
     [90m 69 |[39m     } [36mcatch[39m (error) {
     [90m 70 |[39m       console[33m.[39merror([32m'Error fetching bill optimizations:'[39m[33m,[39m error)[33m;[39m
     [90m 71 |[39m       toast[33m.[39merror([32m'Failed to load AI recommendations'[39m[33m,[39m [32m'Please try again 
later'[39m)[33m;[39m[0m

      at node_modules/react-dom/cjs/react-dom-client.development.js:18758:19
      at runWithFiberInDEV (node_modules/react-dom/cjs/react-dom-client.development.js:874:13)
      at warnIfUpdatesNotWrappedWithActDEV (node_modules/react-dom/cjs/react-dom-client.development.js:18757:9)
      at scheduleUpdateOnFiber (node_modules/react-dom/cjs/react-dom-client.development.js:16409:11)
      at dispatchSetStateInternal (node_modules/react-dom/cjs/react-dom-client.development.js:9170:13)
      at dispatchSetState (node_modules/react-dom/cjs/react-dom-client.development.js:9127:7)
      at src/components/financial/AIBillsOptimizer.tsx:68:7

    console.error
      An update to AIBillsOptimizer inside a test was not wrapped in act(...).
      
      When testing, code that causes React state updates should be wrapped into act(...):
      
      act(() => {
        /* fire events that update state */
      });
      /* assert on the output */
      
      This ensures that you're testing the behavior the user would see in the browser. Learn more at 
https://react.dev/link/wrap-tests-with-act

    [0m [90m 71 |[39m       toast[33m.[39merror([32m'Failed to load AI recommendations'[39m[33m,[39m [32m'Please try again 
later'[39m)[33m;[39m
     [90m 72 |[39m     } [36mfinally[39m {
    [31m[1m>[22m[39m[90m 73 |[39m       setLoading([36mfalse[39m)[33m;[39m
     [90m    |[39m       [31m[1m^[22m[39m
     [90m 74 |[39m     }
     [90m 75 |[39m   }[33m,[39m [user[33m,[39m toast])[33m;[39m
     [90m 76 |[39m[0m

      at node_modules/react-dom/cjs/react-dom-client.development.js:18758:19
      at runWithFiberInDEV (node_modules/react-dom/cjs/react-dom-client.development.js:874:13)
      at warnIfUpdatesNotWrappedWithActDEV (node_modules/react-dom/cjs/react-dom-client.development.js:18757:9)
      at scheduleUpdateOnFiber (node_modules/react-dom/cjs/react-dom-client.development.js:16409:11)
      at dispatchSetStateInternal (node_modules/react-dom/cjs/react-dom-client.development.js:9170:13)
      at dispatchSetState (node_modules/react-dom/cjs/react-dom-client.development.js:9127:7)
      at src/components/financial/AIBillsOptimizer.tsx:73:7

    console.error
      Error fetching bill optimizations: Error: Failed to fetch bill optimizations
          at C:\Githhub\CreditMaster-Pro-app\src\components\financial\AIBillsOptimizer.tsx:64:15

    [0m [90m 68 |[39m       setData(result[33m.[39mdata)[33m;[39m
     [90m 69 |[39m     } [36mcatch[39m (error) {
    [31m[1m>[22m[39m[90m 70 |[39m       console[33m.[39merror([32m'Error fetching bill optimizations:'[39m[33m,[39m 
error)[33m;[39m
     [90m    |[39m               [31m[1m^[22m[39m
     [90m 71 |[39m       toast[33m.[39merror([32m'Failed to load AI recommendations'[39m[33m,[39m [32m'Please try again 
later'[39m)[33m;[39m
     [90m 72 |[39m     } [36mfinally[39m {
     [90m 73 |[39m       setLoading([36mfalse[39m)[33m;[39m[0m

      at src/components/financial/AIBillsOptimizer.tsx:70:15

    console.error
      Error fetching bill optimizations: Error: Failed to fetch bill optimizations
          at C:\Githhub\CreditMaster-Pro-app\src\components\financial\AIBillsOptimizer.tsx:64:15
          at runNextTicks (node:internal/process/task_queues:64:5)
          at listOnTimeout (node:internal/timers:567:9)
          at processTimers (node:internal/timers:541:7)

    [0m [90m 68 |[39m       setData(result[33m.[39mdata)[33m;[39m
     [90m 69 |[39m     } [36mcatch[39m (error) {
    [31m[1m>[22m[39m[90m 70 |[39m       console[33m.[39merror([32m'Error fetching bill optimizations:'[39m[33m,[39m 
error)[33m;[39m
     [90m    |[39m               [31m[1m^[22m[39m
     [90m 71 |[39m       toast[33m.[39merror([32m'Failed to load AI recommendations'[39m[33m,[39m [32m'Please try again 
later'[39m)[33m;[39m
     [90m 72 |[39m     } [36mfinally[39m {
     [90m 73 |[39m       setLoading([36mfalse[39m)[33m;[39m[0m

      at src/components/financial/AIBillsOptimizer.tsx:70:15

    console.error
      Error fetching bill optimizations: Error: Failed to fetch bill optimizations
          at C:\Githhub\CreditMaster-Pro-app\src\components\financial\AIBillsOptimizer.tsx:64:15

    [0m [90m 68 |[39m       setData(result[33m.[39mdata)[33m;[39m
     [90m 69 |[39m     } [36mcatch[39m (error) {
    [31m[1m>[22m[39m[90m 70 |[39m       console[33m.[39merror([32m'Error fetching bill optimizations:'[39m[33m,[39m 
error)[33m;[39m
     [90m    |[39m               [31m[1m^[22m[39m
     [90m 71 |[39m       toast[33m.[39merror([32m'Failed to load AI recommendations'[39m[33m,[39m [32m'Please try again 
later'[39m)[33m;[39m
     [90m 72 |[39m     } [36mfinally[39m {
     [90m 73 |[39m       setLoading([36mfalse[39m)[33m;[39m[0m

      at src/components/financial/AIBillsOptimizer.tsx:70:15

    console.error
      Error fetching bill optimizations: Error: Failed to fetch bill optimizations
          at C:\Githhub\CreditMaster-Pro-app\src\components\financial\AIBillsOptimizer.tsx:64:15
          at runNextTicks (node:internal/process/task_queues:64:5)
          at listOnTimeout (node:internal/timers:567:9)
          at processTimers (node:internal/timers:541:7)

    [0m [90m 68 |[39m       setData(result[33m.[39mdata)[33m;[39m
     [90m 69 |[39m     } [36mcatch[39m (error) {
    [31m[1m>[22m[39m[90m 70 |[39m       console[33m.[39merror([32m'Error fetching bill optimizations:'[39m[33m,[39m 
error)[33m;[39m
     [90m    |[39m               [31m[1m^[22m[39m
     [90m 71 |[39m       toast[33m.[39merror([32m'Failed to load AI recommendations'[39m[33m,[39m [32m'Please try again 
later'[39m)[33m;[39m
     [90m 72 |[39m     } [36mfinally[39m {
     [90m 73 |[39m       setLoading([36mfalse[39m)[33m;[39m[0m

      at src/components/financial/AIBillsOptimizer.tsx:70:15

PASS src/components/spending/__tests__/AISpendingInsights.test.tsx
  ΓùÅ Console

    console.error
      An update to AISpendingInsights inside a test was not wrapped in act(...).
      
      When testing, code that causes React state updates should be wrapped into act(...):
      
      act(() => {
        /* fire events that update state */
      });
      /* assert on the output */
      
      This ensures that you're testing the behavior the user would see in the browser. Learn more at 
https://react.dev/link/wrap-tests-with-act

    [0m [90m 67 |[39m       
     [90m 68 |[39m       [36mconst[39m result [33m=[39m [36mawait[39m response[33m.[39mjson()[33m;[39m
    [31m[1m>[22m[39m[90m 69 |[39m       setData(result[33m.[39mdata)[33m;[39m
     [90m    |[39m       [31m[1m^[22m[39m
     [90m 70 |[39m     } [36mcatch[39m (error) {
     [90m 71 |[39m       console[33m.[39merror([32m'Error fetching spending insights:'[39m[33m,[39m error)[33m;[39m
     [90m 72 |[39m       toast[33m.[39merror([32m'Failed to load AI insights'[39m[33m,[39m [32m'Please try again 
later'[39m)[33m;[39m[0m

      at node_modules/react-dom/cjs/react-dom-client.development.js:18758:19
      at runWithFiberInDEV (node_modules/react-dom/cjs/react-dom-client.development.js:874:13)
      at warnIfUpdatesNotWrappedWithActDEV (node_modules/react-dom/cjs/react-dom-client.development.js:18757:9)
      at scheduleUpdateOnFiber (node_modules/react-dom/cjs/react-dom-client.development.js:16409:11)
      at dispatchSetStateInternal (node_modules/react-dom/cjs/react-dom-client.development.js:9170:13)
      at dispatchSetState (node_modules/react-dom/cjs/react-dom-client.development.js:9127:7)
      at src/components/financial/AISpendingInsights.tsx:69:7

    console.error
      An update to AISpendingInsights inside a test was not wrapped in act(...).
      
      When testing, code that causes React state updates should be wrapped into act(...):
      
      act(() => {
        /* fire events that update state */
      });
      /* assert on the output */
      
      This ensures that you're testing the behavior the user would see in the browser. Learn more at 
https://react.dev/link/wrap-tests-with-act

    [0m [90m 72 |[39m       toast[33m.[39merror([32m'Failed to load AI insights'[39m[33m,[39m [32m'Please try again 
later'[39m)[33m;[39m
     [90m 73 |[39m     } [36mfinally[39m {
    [31m[1m>[22m[39m[90m 74 |[39m       setLoading([36mfalse[39m)[33m;[39m
     [90m    |[39m       [31m[1m^[22m[39m
     [90m 75 |[39m     }
     [90m 76 |[39m   }[33m,[39m [user[33m,[39m toast])[33m;[39m
     [90m 77 |[39m[0m

      at node_modules/react-dom/cjs/react-dom-client.development.js:18758:19
      at runWithFiberInDEV (node_modules/react-dom/cjs/react-dom-client.development.js:874:13)
      at warnIfUpdatesNotWrappedWithActDEV (node_modules/react-dom/cjs/react-dom-client.development.js:18757:9)
      at scheduleUpdateOnFiber (node_modules/react-dom/cjs/react-dom-client.development.js:16409:11)
      at dispatchSetStateInternal (node_modules/react-dom/cjs/react-dom-client.development.js:9170:13)
      at dispatchSetState (node_modules/react-dom/cjs/react-dom-client.development.js:9127:7)
      at src/components/financial/AISpendingInsights.tsx:74:7

    console.error
      Error fetching spending insights: Error: Failed to fetch spending insights
          at C:\Githhub\CreditMaster-Pro-app\src\components\financial\AISpendingInsights.tsx:65:15

    [0m [90m 69 |[39m       setData(result[33m.[39mdata)[33m;[39m
     [90m 70 |[39m     } [36mcatch[39m (error) {
    [31m[1m>[22m[39m[90m 71 |[39m       console[33m.[39merror([32m'Error fetching spending insights:'[39m[33m,[39m 
error)[33m;[39m
     [90m    |[39m               [31m[1m^[22m[39m
     [90m 72 |[39m       toast[33m.[39merror([32m'Failed to load AI insights'[39m[33m,[39m [32m'Please try again 
later'[39m)[33m;[39m
     [90m 73 |[39m     } [36mfinally[39m {
     [90m 74 |[39m       setLoading([36mfalse[39m)[33m;[39m[0m

      at src/components/financial/AISpendingInsights.tsx:71:15

    console.error
      Error fetching spending insights: Error: Failed to fetch spending insights
          at C:\Githhub\CreditMaster-Pro-app\src\components\financial\AISpendingInsights.tsx:65:15
          at runNextTicks (node:internal/process/task_queues:64:5)
          at listOnTimeout (node:internal/timers:567:9)
          at processTimers (node:internal/timers:541:7)

    [0m [90m 69 |[39m       setData(result[33m.[39mdata)[33m;[39m
     [90m 70 |[39m     } [36mcatch[39m (error) {
    [31m[1m>[22m[39m[90m 71 |[39m       console[33m.[39merror([32m'Error fetching spending insights:'[39m[33m,[39m 
error)[33m;[39m
     [90m    |[39m               [31m[1m^[22m[39m
     [90m 72 |[39m       toast[33m.[39merror([32m'Failed to load AI insights'[39m[33m,[39m [32m'Please try again 
later'[39m)[33m;[39m
     [90m 73 |[39m     } [36mfinally[39m {
     [90m 74 |[39m       setLoading([36mfalse[39m)[33m;[39m[0m

      at src/components/financial/AISpendingInsights.tsx:71:15

    console.error
      Error fetching spending insights: Error: Failed to fetch spending insights
          at C:\Githhub\CreditMaster-Pro-app\src\components\financial\AISpendingInsights.tsx:65:15

    [0m [90m 69 |[39m       setData(result[33m.[39mdata)[33m;[39m
     [90m 70 |[39m     } [36mcatch[39m (error) {
    [31m[1m>[22m[39m[90m 71 |[39m       console[33m.[39merror([32m'Error fetching spending insights:'[39m[33m,[39m 
error)[33m;[39m
     [90m    |[39m               [31m[1m^[22m[39m
     [90m 72 |[39m       toast[33m.[39merror([32m'Failed to load AI insights'[39m[33m,[39m [32m'Please try again 
later'[39m)[33m;[39m
     [90m 73 |[39m     } [36mfinally[39m {
     [90m 74 |[39m       setLoading([36mfalse[39m)[33m;[39m[0m

      at src/components/financial/AISpendingInsights.tsx:71:15

    console.error
      Error fetching spending insights: Error: Failed to fetch spending insights
          at C:\Githhub\CreditMaster-Pro-app\src\components\financial\AISpendingInsights.tsx:65:15
          at runNextTicks (node:internal/process/task_queues:64:5)
          at listOnTimeout (node:internal/timers:567:9)
          at processTimers (node:internal/timers:541:7)

    [0m [90m 69 |[39m       setData(result[33m.[39mdata)[33m;[39m
     [90m 70 |[39m     } [36mcatch[39m (error) {
    [31m[1m>[22m[39m[90m 71 |[39m       console[33m.[39merror([32m'Error fetching spending insights:'[39m[33m,[39m 
error)[33m;[39m
     [90m    |[39m               [31m[1m^[22m[39m
     [90m 72 |[39m       toast[33m.[39merror([32m'Failed to load AI insights'[39m[33m,[39m [32m'Please try again 
later'[39m)[33m;[39m
     [90m 73 |[39m     } [36mfinally[39m {
     [90m 74 |[39m       setLoading([36mfalse[39m)[33m;[39m[0m

      at src/components/financial/AISpendingInsights.tsx:71:15

PASS src/hooks/__tests__/usePortfolio.test.ts
  ΓùÅ Console

    console.warn
      [MSW] Warning: captured a request without a matching request handler:
      
        ΓÇó GET http://localhost/api/investments/portfolio
      
      If you still wish to intercept this unhandled request, please create a request handler for it.
      Read more: https://mswjs.io/docs/getting-started/mocks

      at Object.warn (node_modules/msw/lib/node/index.js:55:11)
      at applyStrategy (node_modules/msw/lib/node/index.js:1391:18)
      at onUnhandledRequest (node_modules/msw/lib/node/index.js:1412:3)
      at handleRequest (node_modules/msw/lib/node/index.js:1444:5)
      at node_modules/msw/lib/node/index.js:1503:25

    console.warn
      [MSW] Warning: captured a request without a matching request handler:
      
        ΓÇó GET http://localhost/api/investments/portfolio
      
      If you still wish to intercept this unhandled request, please create a request handler for it.
      Read more: https://mswjs.io/docs/getting-started/mocks

      at Object.warn (node_modules/msw/lib/node/index.js:55:11)
      at applyStrategy (node_modules/msw/lib/node/index.js:1391:18)
      at onUnhandledRequest (node_modules/msw/lib/node/index.js:1412:3)
      at handleRequest (node_modules/msw/lib/node/index.js:1444:5)
      at node_modules/msw/lib/node/index.js:1503:25

    console.warn
      [MSW] Warning: captured a request without a matching request handler:
      
        ΓÇó GET http://localhost/api/investments/portfolio
      
      If you still wish to intercept this unhandled request, please create a request handler for it.
      Read more: https://mswjs.io/docs/getting-started/mocks

      at Object.warn (node_modules/msw/lib/node/index.js:55:11)
      at applyStrategy (node_modules/msw/lib/node/index.js:1391:18)
      at onUnhandledRequest (node_modules/msw/lib/node/index.js:1412:3)
      at handleRequest (node_modules/msw/lib/node/index.js:1444:5)
      at node_modules/msw/lib/node/index.js:1503:25

    console.error
      Portfolio fetch error: Error: Failed to fetch portfolio
          at C:\Githhub\CreditMaster-Pro-app\src\hooks\usePortfolio.ts:79:17

    [0m [90m  96 |[39m         [36mconst[39m errorMessage [33m=[39m err [36minstanceof[39m [33mError[39m [33m?[39m 
err[33m.[39mmessage [33m:[39m [32m'Failed to load portfolio'[39m[33m;[39m
     [90m  97 |[39m         setError(errorMessage)[33m;[39m
    [31m[1m>[22m[39m[90m  98 |[39m         console[33m.[39merror([32m'Portfolio fetch error:'[39m[33m,[39m err)[33m;[39m
     [90m     |[39m                 [31m[1m^[22m[39m
     [90m  99 |[39m       } [36mfinally[39m {
     [90m 100 |[39m         setLoading([36mfalse[39m)[33m;[39m
     [90m 101 |[39m         setIsRefreshing([36mfalse[39m)[33m;[39m[0m

      at src/hooks/usePortfolio.ts:98:17

    console.warn
      [MSW] Warning: captured a request without a matching request handler:
      
        ΓÇó GET http://localhost/api/investments/portfolio
      
      If you still wish to intercept this unhandled request, please create a request handler for it.
      Read more: https://mswjs.io/docs/getting-started/mocks

      at Object.warn (node_modules/msw/lib/node/index.js:55:11)
      at applyStrategy (node_modules/msw/lib/node/index.js:1391:18)
      at onUnhandledRequest (node_modules/msw/lib/node/index.js:1412:3)
      at handleRequest (node_modules/msw/lib/node/index.js:1444:5)
      at node_modules/msw/lib/node/index.js:1503:25

    console.error
      Portfolio fetch error: Error: Network error
          at Object.<anonymous> (C:\Githhub\CreditMaster-Pro-app\src\hooks\__tests__\usePortfolio.test.ts:110:37)
          at Promise.finally.completed (C:\Githhub\CreditMaster-Pro-app\node_modules\jest-circus\build\jestAdapterInit.js:1557:28)
          at new Promise (<anonymous>)
          at callAsyncCircusFn (C:\Githhub\CreditMaster-Pro-app\node_modules\jest-circus\build\jestAdapterInit.js:1497:10)
          at _callCircusTest (C:\Githhub\CreditMaster-Pro-app\node_modules\jest-circus\build\jestAdapterInit.js:1007:40)
          at _runTest (C:\Githhub\CreditMaster-Pro-app\node_modules\jest-circus\build\jestAdapterInit.js:947:3)
          at C:\Githhub\CreditMaster-Pro-app\node_modules\jest-circus\build\jestAdapterInit.js:849:7
          at _runTestsForDescribeBlock (C:\Githhub\CreditMaster-Pro-app\node_modules\jest-circus\build\jestAdapterInit.js:862:11)
          at _runTestsForDescribeBlock (C:\Githhub\CreditMaster-Pro-app\node_modules\jest-circus\build\jestAdapterInit.js:857:11)
          at run (C:\Githhub\CreditMaster-Pro-app\node_modules\jest-circus\build\jestAdapterInit.js:761:3)
          at runAndTransformResultsToJestFormat 
(C:\Githhub\CreditMaster-Pro-app\node_modules\jest-circus\build\jestAdapterInit.js:1918:21)
          at jestAdapter (C:\Githhub\CreditMaster-Pro-app\node_modules\jest-circus\build\runner.js:101:19)
          at runTestInternal (C:\Githhub\CreditMaster-Pro-app\node_modules\jest-runner\build\testWorker.js:275:16)
          at runTest (C:\Githhub\CreditMaster-Pro-app\node_modules\jest-runner\build\testWorker.js:343:7)
          at Object.worker (C:\Githhub\CreditMaster-Pro-app\node_modules\jest-runner\build\testWorker.js:497:12)

    [0m [90m  96 |[39m         [36mconst[39m errorMessage [33m=[39m err [36minstanceof[39m [33mError[39m [33m?[39m 
err[33m.[39mmessage [33m:[39m [32m'Failed to load portfolio'[39m[33m;[39m
     [90m  97 |[39m         setError(errorMessage)[33m;[39m
    [31m[1m>[22m[39m[90m  98 |[39m         console[33m.[39merror([32m'Portfolio fetch error:'[39m[33m,[39m err)[33m;[39m
     [90m     |[39m                 [31m[1m^[22m[39m
     [90m  99 |[39m       } [36mfinally[39m {
     [90m 100 |[39m         setLoading([36mfalse[39m)[33m;[39m
     [90m 101 |[39m         setIsRefreshing([36mfalse[39m)[33m;[39m[0m

      at src/hooks/usePortfolio.ts:98:17

    console.warn
      [MSW] Warning: captured a request without a matching request handler:
      
        ΓÇó GET http://localhost/api/investments/portfolio
      
      If you still wish to intercept this unhandled request, please create a request handler for it.
      Read more: https://mswjs.io/docs/getting-started/mocks

      at Object.warn (node_modules/msw/lib/node/index.js:55:11)
      at applyStrategy (node_modules/msw/lib/node/index.js:1391:18)
      at onUnhandledRequest (node_modules/msw/lib/node/index.js:1412:3)
      at handleRequest (node_modules/msw/lib/node/index.js:1444:5)
      at node_modules/msw/lib/node/index.js:1503:25

    console.error
      An update to TestComponent inside a test was not wrapped in act(...).
      
      When testing, code that causes React state updates should be wrapped into act(...):
      
      act(() => {
        /* fire events that update state */
      });
      /* assert on the output */
      
      This ensures that you're testing the behavior the user would see in the browser. Learn more at 
https://react.dev/link/wrap-tests-with-act

    [0m [90m 61 |[39m
     [90m 62 |[39m         [36mif[39m (isRefresh) {
    [31m[1m>[22m[39m[90m 63 |[39m           setIsRefreshing([36mtrue[39m)[33m;[39m
     [90m    |[39m           [31m[1m^[22m[39m
     [90m 64 |[39m         } [36melse[39m {
     [90m 65 |[39m           setLoading([36mtrue[39m)[33m;[39m
     [90m 66 |[39m         }[0m

      at node_modules/react-dom/cjs/react-dom-client.development.js:18758:19
      at runWithFiberInDEV (node_modules/react-dom/cjs/react-dom-client.development.js:874:13)
      at warnIfUpdatesNotWrappedWithActDEV (node_modules/react-dom/cjs/react-dom-client.development.js:18757:9)
      at scheduleUpdateOnFiber (node_modules/react-dom/cjs/react-dom-client.development.js:16409:11)
      at dispatchSetStateInternal (node_modules/react-dom/cjs/react-dom-client.development.js:9170:13)
      at dispatchSetState (node_modules/react-dom/cjs/react-dom-client.development.js:9127:7)
      at src/hooks/usePortfolio.ts:63:11
      at Object.refresh (src/hooks/usePortfolio.ts:108:11)
      at Object.<anonymous> (src/hooks/__tests__/usePortfolio.test.ts:131:26)

    console.error
      An update to TestComponent inside a test was not wrapped in act(...).
      
      When testing, code that causes React state updates should be wrapped into act(...):
      
      act(() => {
        /* fire events that update state */
      });
      /* assert on the output */
      
      This ensures that you're testing the behavior the user would see in the browser. Learn more at 
https://react.dev/link/wrap-tests-with-act

    [0m [90m 66 |[39m         }
     [90m 67 |[39m
    [31m[1m>[22m[39m[90m 68 |[39m         setError([36mnull[39m)[33m;[39m
     [90m    |[39m         [31m[1m^[22m[39m
     [90m 69 |[39m
     [90m 70 |[39m         [36mconst[39m response [33m=[39m [36mawait[39m 
fetch([32m`/api/investments/portfolio?period=${period}`[39m[33m,[39m {
     [90m 71 |[39m           signal[33m:[39m abortControllerRef[33m.[39mcurrent[33m.[39msignal[33m,[39m[0m

      at node_modules/react-dom/cjs/react-dom-client.development.js:18758:19
      at runWithFiberInDEV (node_modules/react-dom/cjs/react-dom-client.development.js:874:13)
      at warnIfUpdatesNotWrappedWithActDEV (node_modules/react-dom/cjs/react-dom-client.development.js:18757:9)
      at scheduleUpdateOnFiber (node_modules/react-dom/cjs/react-dom-client.development.js:16409:11)
      at dispatchSetStateInternal (node_modules/react-dom/cjs/react-dom-client.development.js:9170:13)
      at dispatchSetState (node_modules/react-dom/cjs/react-dom-client.development.js:9127:7)
      at src/hooks/usePortfolio.ts:68:9
      at Object.refresh (src/hooks/usePortfolio.ts:108:11)
      at Object.<anonymous> (src/hooks/__tests__/usePortfolio.test.ts:131:26)

    console.warn
      [MSW] Warning: captured a request without a matching request handler:
      
        ΓÇó GET http://localhost/api/investments/portfolio
      
      If you still wish to intercept this unhandled request, please create a request handler for it.
      Read more: https://mswjs.io/docs/getting-started/mocks

      at Object.warn (node_modules/msw/lib/node/index.js:55:11)
      at applyStrategy (node_modules/msw/lib/node/index.js:1391:18)
      at onUnhandledRequest (node_modules/msw/lib/node/index.js:1412:3)
      at handleRequest (node_modules/msw/lib/node/index.js:1444:5)
      at node_modules/msw/lib/node/index.js:1503:25

    console.error
      An update to TestComponent inside a test was not wrapped in act(...).
      
      When testing, code that causes React state updates should be wrapped into act(...):
      
      act(() => {
        /* fire events that update state */
      });
      /* assert on the output */
      
      This ensures that you're testing the behavior the user would see in the browser. Learn more at 
https://react.dev/link/wrap-tests-with-act

    [0m [90m  95 |[39m
     [90m  96 |[39m         [36mconst[39m errorMessage [33m=[39m err [36minstanceof[39m [33mError[39m [33m?[39m 
err[33m.[39mmessage [33m:[39m [32m'Failed to load portfolio'[39m[33m;[39m
    [31m[1m>[22m[39m[90m  97 |[39m         setError(errorMessage)[33m;[39m
     [90m     |[39m         [31m[1m^[22m[39m
     [90m  98 |[39m         console[33m.[39merror([32m'Portfolio fetch error:'[39m[33m,[39m err)[33m;[39m
     [90m  99 |[39m       } [36mfinally[39m {
     [90m 100 |[39m         setLoading([36mfalse[39m)[33m;[39m[0m

      at node_modules/react-dom/cjs/react-dom-client.development.js:18758:19
      at runWithFiberInDEV (node_modules/react-dom/cjs/react-dom-client.development.js:874:13)
      at warnIfUpdatesNotWrappedWithActDEV (node_modules/react-dom/cjs/react-dom-client.development.js:18757:9)
      at scheduleUpdateOnFiber (node_modules/react-dom/cjs/react-dom-client.development.js:16409:11)
      at dispatchSetStateInternal (node_modules/react-dom/cjs/react-dom-client.development.js:9170:13)
      at dispatchSetState (node_modules/react-dom/cjs/react-dom-client.development.js:9127:7)
      at src/hooks/usePortfolio.ts:97:9
      at Object.refresh (src/hooks/usePortfolio.ts:108:5)
      at Object.<anonymous> (src/hooks/__tests__/usePortfolio.test.ts:131:5)

    console.error
      Portfolio fetch error: Error: cannot clone body after it is used
          at clone (C:\Githhub\CreditMaster-Pro-app\node_modules\node-fetch\lib\index.js:539:9)
          at Response.clone (C:\Githhub\CreditMaster-Pro-app\node_modules\node-fetch\lib\index.js:1114:23)
          at FetchInterceptor.<anonymous> 
(C:\Githhub\CreditMaster-Pro-app\node_modules\@mswjs\interceptors\lib\interceptors\fetch\index.js:181:70)
          at step (C:\Githhub\CreditMaster-Pro-app\node_modules\@mswjs\interceptors\lib\interceptors\fetch\index.js:59:23)
          at Object.next (C:\Githhub\CreditMaster-Pro-app\node_modules\@mswjs\interceptors\lib\interceptors\fetch\index.js:40:53)
          at C:\Githhub\CreditMaster-Pro-app\node_modules\@mswjs\interceptors\lib\interceptors\fetch\index.js:34:71
          at new Promise (<anonymous>)
          at __awaiter (C:\Githhub\CreditMaster-Pro-app\node_modules\@mswjs\interceptors\lib\interceptors\fetch\index.js:30:12)
          at C:\Githhub\CreditMaster-Pro-app\node_modules\@mswjs\interceptors\lib\interceptors\fetch\index.js:176:100

    [0m [90m  96 |[39m         [36mconst[39m errorMessage [33m=[39m err [36minstanceof[39m [33mError[39m [33m?[39m 
err[33m.[39mmessage [33m:[39m [32m'Failed to load portfolio'[39m[33m;[39m
     [90m  97 |[39m         setError(errorMessage)[33m;[39m
    [31m[1m>[22m[39m[90m  98 |[39m         console[33m.[39merror([32m'Portfolio fetch error:'[39m[33m,[39m err)[33m;[39m
     [90m     |[39m                 [31m[1m^[22m[39m
     [90m  99 |[39m       } [36mfinally[39m {
     [90m 100 |[39m         setLoading([36mfalse[39m)[33m;[39m
     [90m 101 |[39m         setIsRefreshing([36mfalse[39m)[33m;[39m[0m

      at src/hooks/usePortfolio.ts:98:17
      at Object.refresh (src/hooks/usePortfolio.ts:108:5)
      at Object.<anonymous> (src/hooks/__tests__/usePortfolio.test.ts:131:5)

    console.error
      An update to TestComponent inside a test was not wrapped in act(...).
      
      When testing, code that causes React state updates should be wrapped into act(...):
      
      act(() => {
        /* fire events that update state */
      });
      /* assert on the output */
      
      This ensures that you're testing the behavior the user would see in the browser. Learn more at 
https://react.dev/link/wrap-tests-with-act

    [0m [90m  98 |[39m         console[33m.[39merror([32m'Portfolio fetch error:'[39m[33m,[39m err)[33m;[39m
     [90m  99 |[39m       } [36mfinally[39m {
    [31m[1m>[22m[39m[90m 100 |[39m         setLoading([36mfalse[39m)[33m;[39m
     [90m     |[39m         [31m[1m^[22m[39m
     [90m 101 |[39m         setIsRefreshing([36mfalse[39m)[33m;[39m
     [90m 102 |[39m       }
     [90m 103 |[39m     }[33m,[39m[0m

      at node_modules/react-dom/cjs/react-dom-client.development.js:18758:19
      at runWithFiberInDEV (node_modules/react-dom/cjs/react-dom-client.development.js:874:13)
      at warnIfUpdatesNotWrappedWithActDEV (node_modules/react-dom/cjs/react-dom-client.development.js:18757:9)
      at scheduleUpdateOnFiber (node_modules/react-dom/cjs/react-dom-client.development.js:16409:11)
      at dispatchSetStateInternal (node_modules/react-dom/cjs/react-dom-client.development.js:9170:13)
      at dispatchSetState (node_modules/react-dom/cjs/react-dom-client.development.js:9127:7)
      at src/hooks/usePortfolio.ts:100:9
      at Object.refresh (src/hooks/usePortfolio.ts:108:5)
      at Object.<anonymous> (src/hooks/__tests__/usePortfolio.test.ts:131:5)

    console.error
      An update to TestComponent inside a test was not wrapped in act(...).
      
      When testing, code that causes React state updates should be wrapped into act(...):
      
      act(() => {
        /* fire events that update state */
      });
      /* assert on the output */
      
      This ensures that you're testing the behavior the user would see in the browser. Learn more at 
https://react.dev/link/wrap-tests-with-act

    [0m [90m  99 |[39m       } [36mfinally[39m {
     [90m 100 |[39m         setLoading([36mfalse[39m)[33m;[39m
    [31m[1m>[22m[39m[90m 101 |[39m         setIsRefreshing([36mfalse[39m)[33m;[39m
     [90m     |[39m         [31m[1m^[22m[39m
     [90m 102 |[39m       }
     [90m 103 |[39m     }[33m,[39m
     [90m 104 |[39m     [user[33m,[39m enabled[33m,[39m period][0m

      at node_modules/react-dom/cjs/react-dom-client.development.js:18758:19
      at runWithFiberInDEV (node_modules/react-dom/cjs/react-dom-client.development.js:874:13)
      at warnIfUpdatesNotWrappedWithActDEV (node_modules/react-dom/cjs/react-dom-client.development.js:18757:9)
      at scheduleUpdateOnFiber (node_modules/react-dom/cjs/react-dom-client.development.js:16409:11)
      at dispatchSetStateInternal (node_modules/react-dom/cjs/react-dom-client.development.js:9170:13)
      at dispatchSetState (node_modules/react-dom/cjs/react-dom-client.development.js:9127:7)
      at src/hooks/usePortfolio.ts:101:9
      at Object.refresh (src/hooks/usePortfolio.ts:108:5)
      at Object.<anonymous> (src/hooks/__tests__/usePortfolio.test.ts:131:5)

    console.warn
      [MSW] Warning: captured a request without a matching request handler:
      
        ΓÇó GET http://localhost/api/investments/portfolio
      
      If you still wish to intercept this unhandled request, please create a request handler for it.
      Read more: https://mswjs.io/docs/getting-started/mocks

      at Object.warn (node_modules/msw/lib/node/index.js:55:11)
      at applyStrategy (node_modules/msw/lib/node/index.js:1391:18)
      at onUnhandledRequest (node_modules/msw/lib/node/index.js:1412:3)
      at handleRequest (node_modules/msw/lib/node/index.js:1444:5)
      at node_modules/msw/lib/node/index.js:1503:25

PASS src/components/__tests__/ImageGenerator.test.tsx
PASS src/components/credit-builder/__tests__/AICreditRoadmap.test.tsx
  ΓùÅ Console

    console.error
      An update to AICreditRoadmap inside a test was not wrapped in act(...).
      
      When testing, code that causes React state updates should be wrapped into act(...):
      
      act(() => {
        /* fire events that update state */
      });
      /* assert on the output */
      
      This ensures that you're testing the behavior the user would see in the browser. Learn more at 
https://react.dev/link/wrap-tests-with-act

    [0m [90m 88 |[39m       
     [90m 89 |[39m       [36mconst[39m result [33m=[39m [36mawait[39m response[33m.[39mjson()[33m;[39m
    [31m[1m>[22m[39m[90m 90 |[39m       setData(result[33m.[39mdata)[33m;[39m
     [90m    |[39m       [31m[1m^[22m[39m
     [90m 91 |[39m     } [36mcatch[39m (err) {
     [90m 92 |[39m       setError(err [36minstanceof[39m [33mError[39m [33m?[39m err[33m.[39mmessage [33m:[39m [32m'An 
error occurred'[39m)[33m;[39m
     [90m 93 |[39m     } [36mfinally[39m {[0m

      at node_modules/react-dom/cjs/react-dom-client.development.js:18758:19
      at runWithFiberInDEV (node_modules/react-dom/cjs/react-dom-client.development.js:874:13)
      at warnIfUpdatesNotWrappedWithActDEV (node_modules/react-dom/cjs/react-dom-client.development.js:18757:9)
      at scheduleUpdateOnFiber (node_modules/react-dom/cjs/react-dom-client.development.js:16409:11)
      at dispatchSetStateInternal (node_modules/react-dom/cjs/react-dom-client.development.js:9170:13)
      at dispatchSetState (node_modules/react-dom/cjs/react-dom-client.development.js:9127:7)
      at fetchData (src/components/credit-builder/AICreditRoadmap.tsx:90:7)

    console.error
      An update to AICreditRoadmap inside a test was not wrapped in act(...).
      
      When testing, code that causes React state updates should be wrapped into act(...):
      
      act(() => {
        /* fire events that update state */
      });
      /* assert on the output */
      
      This ensures that you're testing the behavior the user would see in the browser. Learn more at 
https://react.dev/link/wrap-tests-with-act

    [0m [90m 92 |[39m       setError(err [36minstanceof[39m [33mError[39m [33m?[39m err[33m.[39mmessage [33m:[39m [32m'An 
error occurred'[39m)[33m;[39m
     [90m 93 |[39m     } [36mfinally[39m {
    [31m[1m>[22m[39m[90m 94 |[39m       setLoading([36mfalse[39m)[33m;[39m
     [90m    |[39m       [31m[1m^[22m[39m
     [90m 95 |[39m     }
     [90m 96 |[39m   }[33m;[39m
     [90m 97 |[39m[0m

      at node_modules/react-dom/cjs/react-dom-client.development.js:18758:19
      at runWithFiberInDEV (node_modules/react-dom/cjs/react-dom-client.development.js:874:13)
      at warnIfUpdatesNotWrappedWithActDEV (node_modules/react-dom/cjs/react-dom-client.development.js:18757:9)
      at scheduleUpdateOnFiber (node_modules/react-dom/cjs/react-dom-client.development.js:16409:11)
      at dispatchSetStateInternal (node_modules/react-dom/cjs/react-dom-client.development.js:9170:13)
      at dispatchSetState (node_modules/react-dom/cjs/react-dom-client.development.js:9127:7)
      at fetchData (src/components/credit-builder/AICreditRoadmap.tsx:94:7)

PASS src/components/__tests__/SemanticSearch.test.tsx
PASS src/hooks/__tests__/useHoldings.test.ts
  ΓùÅ Console

    console.warn
      [MSW] Warning: captured a request without a matching request handler:
      
        ΓÇó GET http://localhost/api/investments/holdings
      
      If you still wish to intercept this unhandled request, please create a request handler for it.
      Read more: https://mswjs.io/docs/getting-started/mocks

      at Object.warn (node_modules/msw/lib/node/index.js:55:11)
      at applyStrategy (node_modules/msw/lib/node/index.js:1391:18)
      at onUnhandledRequest (node_modules/msw/lib/node/index.js:1412:3)
      at handleRequest (node_modules/msw/lib/node/index.js:1444:5)
      at node_modules/msw/lib/node/index.js:1503:25

    console.warn
      [MSW] Warning: captured a request without a matching request handler:
      
        ΓÇó GET http://localhost/api/investments/holdings
      
      If you still wish to intercept this unhandled request, please create a request handler for it.
      Read more: https://mswjs.io/docs/getting-started/mocks

      at Object.warn (node_modules/msw/lib/node/index.js:55:11)
      at applyStrategy (node_modules/msw/lib/node/index.js:1391:18)
      at onUnhandledRequest (node_modules/msw/lib/node/index.js:1412:3)
      at handleRequest (node_modules/msw/lib/node/index.js:1444:5)
      at node_modules/msw/lib/node/index.js:1503:25

    console.warn
      [MSW] Warning: captured a request without a matching request handler:
      
        ΓÇó POST http://localhost/api/investments/holdings
      
      If you still wish to intercept this unhandled request, please create a request handler for it.
      Read more: https://mswjs.io/docs/getting-started/mocks

      at Object.warn (node_modules/msw/lib/node/index.js:55:11)
      at applyStrategy (node_modules/msw/lib/node/index.js:1391:18)
      at onUnhandledRequest (node_modules/msw/lib/node/index.js:1412:3)
      at handleRequest (node_modules/msw/lib/node/index.js:1444:5)
      at node_modules/msw/lib/node/index.js:1503:25

    console.warn
      [MSW] Warning: captured a request without a matching request handler:
      
        ΓÇó GET http://localhost/api/investments/holdings
      
      If you still wish to intercept this unhandled request, please create a request handler for it.
      Read more: https://mswjs.io/docs/getting-started/mocks

      at Object.warn (node_modules/msw/lib/node/index.js:55:11)
      at applyStrategy (node_modules/msw/lib/node/index.js:1391:18)
      at onUnhandledRequest (node_modules/msw/lib/node/index.js:1412:3)
      at handleRequest (node_modules/msw/lib/node/index.js:1444:5)
      at node_modules/msw/lib/node/index.js:1503:25

    console.warn
      [MSW] Warning: captured a request without a matching request handler:
      
        ΓÇó PATCH http://localhost/api/investments/holdings/holding-1
      
      If you still wish to intercept this unhandled request, please create a request handler for it.
      Read more: https://mswjs.io/docs/getting-started/mocks

      at Object.warn (node_modules/msw/lib/node/index.js:55:11)
      at applyStrategy (node_modules/msw/lib/node/index.js:1391:18)
      at onUnhandledRequest (node_modules/msw/lib/node/index.js:1412:3)
      at handleRequest (node_modules/msw/lib/node/index.js:1444:5)
      at node_modules/msw/lib/node/index.js:1503:25

    console.warn
      [MSW] Warning: captured a request without a matching request handler:
      
        ΓÇó GET http://localhost/api/investments/holdings
      
      If you still wish to intercept this unhandled request, please create a request handler for it.
      Read more: https://mswjs.io/docs/getting-started/mocks

      at Object.warn (node_modules/msw/lib/node/index.js:55:11)
      at applyStrategy (node_modules/msw/lib/node/index.js:1391:18)
      at onUnhandledRequest (node_modules/msw/lib/node/index.js:1412:3)
      at handleRequest (node_modules/msw/lib/node/index.js:1444:5)
      at node_modules/msw/lib/node/index.js:1503:25

    console.warn
      [MSW] Warning: captured a request without a matching request handler:
      
        ΓÇó PATCH http://localhost/api/investments/holdings/holding-1
      
      If you still wish to intercept this unhandled request, please create a request handler for it.
      Read more: https://mswjs.io/docs/getting-started/mocks

      at Object.warn (node_modules/msw/lib/node/index.js:55:11)
      at applyStrategy (node_modules/msw/lib/node/index.js:1391:18)
      at onUnhandledRequest (node_modules/msw/lib/node/index.js:1412:3)
      at handleRequest (node_modules/msw/lib/node/index.js:1444:5)
      at node_modules/msw/lib/node/index.js:1503:25

    console.error
      Update holding error: Error: Update failed
          at Object.updateHolding (C:\Githhub\CreditMaster-Pro-app\src\hooks\useHoldings.ts:165:17)
          at C:\Githhub\CreditMaster-Pro-app\src\hooks\__tests__\useHoldings.test.ts:162:17

    [0m [90m 178 |[39m         [36mconst[39m errorMessage [33m=[39m err [36minstanceof[39m [33mError[39m [33m?[39m 
err[33m.[39mmessage [33m:[39m [32m'Failed to update holding'[39m[33m;[39m
     [90m 179 |[39m         setError(errorMessage)[33m;[39m
    [31m[1m>[22m[39m[90m 180 |[39m         console[33m.[39merror([32m'Update holding error:'[39m[33m,[39m err)[33m;[39m
     [90m     |[39m                 [31m[1m^[22m[39m
     [90m 181 |[39m         [36mreturn[39m [36mfalse[39m[33m;[39m
     [90m 182 |[39m       } [36mfinally[39m {
     [90m 183 |[39m         setIsUpdating([36mfalse[39m)[33m;[39m[0m

      at Object.updateHolding (src/hooks/useHoldings.ts:180:17)
      at src/hooks/__tests__/useHoldings.test.ts:162:17

    console.warn
      [MSW] Warning: captured a request without a matching request handler:
      
        ΓÇó GET http://localhost/api/investments/holdings
      
      If you still wish to intercept this unhandled request, please create a request handler for it.
      Read more: https://mswjs.io/docs/getting-started/mocks

      at Object.warn (node_modules/msw/lib/node/index.js:55:11)
      at applyStrategy (node_modules/msw/lib/node/index.js:1391:18)
      at onUnhandledRequest (node_modules/msw/lib/node/index.js:1412:3)
      at handleRequest (node_modules/msw/lib/node/index.js:1444:5)
      at node_modules/msw/lib/node/index.js:1503:25

    console.warn
      [MSW] Warning: captured a request without a matching request handler:
      
        ΓÇó DELETE http://localhost/api/investments/holdings/holding-1
      
      If you still wish to intercept this unhandled request, please create a request handler for it.
      Read more: https://mswjs.io/docs/getting-started/mocks

      at Object.warn (node_modules/msw/lib/node/index.js:55:11)
      at applyStrategy (node_modules/msw/lib/node/index.js:1391:18)
      at onUnhandledRequest (node_modules/msw/lib/node/index.js:1412:3)
      at handleRequest (node_modules/msw/lib/node/index.js:1444:5)
      at node_modules/msw/lib/node/index.js:1503:25

PASS src/components/investments/__tests__/AIInvestmentInsights.test.tsx
  ΓùÅ Console

    console.error
      An update to AIInvestmentInsights inside a test was not wrapped in act(...).
      
      When testing, code that causes React state updates should be wrapped into act(...):
      
      act(() => {
        /* fire events that update state */
      });
      /* assert on the output */
      
      This ensures that you're testing the behavior the user would see in the browser. Learn more at 
https://react.dev/link/wrap-tests-with-act

    [0m [90m 82 |[39m       
     [90m 83 |[39m       [36mconst[39m result [33m=[39m [36mawait[39m response[33m.[39mjson()[33m;[39m
    [31m[1m>[22m[39m[90m 84 |[39m       setData(result[33m.[39mdata)[33m;[39m
     [90m    |[39m       [31m[1m^[22m[39m
     [90m 85 |[39m     } [36mcatch[39m (err) {
     [90m 86 |[39m       setError(err [36minstanceof[39m [33mError[39m [33m?[39m err[33m.[39mmessage [33m:[39m [32m'An 
error occurred'[39m)[33m;[39m
     [90m 87 |[39m     } [36mfinally[39m {[0m

      at node_modules/react-dom/cjs/react-dom-client.development.js:18758:19
      at runWithFiberInDEV (node_modules/react-dom/cjs/react-dom-client.development.js:874:13)
      at warnIfUpdatesNotWrappedWithActDEV (node_modules/react-dom/cjs/react-dom-client.development.js:18757:9)
      at scheduleUpdateOnFiber (node_modules/react-dom/cjs/react-dom-client.development.js:16409:11)
      at dispatchSetStateInternal (node_modules/react-dom/cjs/react-dom-client.development.js:9170:13)
      at dispatchSetState (node_modules/react-dom/cjs/react-dom-client.development.js:9127:7)
      at fetchData (src/components/investments/AIInvestmentInsights.tsx:84:7)

    console.error
      An update to AIInvestmentInsights inside a test was not wrapped in act(...).
      
      When testing, code that causes React state updates should be wrapped into act(...):
      
      act(() => {
        /* fire events that update state */
      });
      /* assert on the output */
      
      This ensures that you're testing the behavior the user would see in the browser. Learn more at 
https://react.dev/link/wrap-tests-with-act

    [0m [90m 86 |[39m       setError(err [36minstanceof[39m [33mError[39m [33m?[39m err[33m.[39mmessage [33m:[39m [32m'An 
error occurred'[39m)[33m;[39m
     [90m 87 |[39m     } [36mfinally[39m {
    [31m[1m>[22m[39m[90m 88 |[39m       setLoading([36mfalse[39m)[33m;[39m
     [90m    |[39m       [31m[1m^[22m[39m
     [90m 89 |[39m     }
     [90m 90 |[39m   }[33m;[39m
     [90m 91 |[39m[0m

      at node_modules/react-dom/cjs/react-dom-client.development.js:18758:19
      at runWithFiberInDEV (node_modules/react-dom/cjs/react-dom-client.development.js:874:13)
      at warnIfUpdatesNotWrappedWithActDEV (node_modules/react-dom/cjs/react-dom-client.development.js:18757:9)
      at scheduleUpdateOnFiber (node_modules/react-dom/cjs/react-dom-client.development.js:16409:11)
      at dispatchSetStateInternal (node_modules/react-dom/cjs/react-dom-client.development.js:9170:13)
      at dispatchSetState (node_modules/react-dom/cjs/react-dom-client.development.js:9127:7)
      at fetchData (src/components/investments/AIInvestmentInsights.tsx:88:7)

PASS src/hooks/__tests__/useStockAnalysis.test.ts
  ΓùÅ Console

    console.warn
      [MSW] Warning: captured a request without a matching request handler:
      
        ΓÇó GET http://localhost/api/investments/analyze/AAPL
      
      If you still wish to intercept this unhandled request, please create a request handler for it.
      Read more: https://mswjs.io/docs/getting-started/mocks

      at Object.warn (node_modules/msw/lib/node/index.js:55:11)
      at applyStrategy (node_modules/msw/lib/node/index.js:1391:18)
      at onUnhandledRequest (node_modules/msw/lib/node/index.js:1412:3)
      at handleRequest (node_modules/msw/lib/node/index.js:1444:5)
      at node_modules/msw/lib/node/index.js:1503:25

    console.warn
      [MSW] Warning: captured a request without a matching request handler:
      
        ΓÇó GET http://localhost/api/investments/analyze/AAPL
      
      If you still wish to intercept this unhandled request, please create a request handler for it.
      Read more: https://mswjs.io/docs/getting-started/mocks

      at Object.warn (node_modules/msw/lib/node/index.js:55:11)
      at applyStrategy (node_modules/msw/lib/node/index.js:1391:18)
      at onUnhandledRequest (node_modules/msw/lib/node/index.js:1412:3)
      at handleRequest (node_modules/msw/lib/node/index.js:1444:5)
      at node_modules/msw/lib/node/index.js:1503:25

    console.warn
      [MSW] Warning: captured a request without a matching request handler:
      
        ΓÇó GET http://localhost/api/investments/analyze/AAPL/technical
      
      If you still wish to intercept this unhandled request, please create a request handler for it.
      Read more: https://mswjs.io/docs/getting-started/mocks

      at Object.warn (node_modules/msw/lib/node/index.js:55:11)
      at applyStrategy (node_modules/msw/lib/node/index.js:1391:18)
      at onUnhandledRequest (node_modules/msw/lib/node/index.js:1412:3)
      at handleRequest (node_modules/msw/lib/node/index.js:1444:5)
      at node_modules/msw/lib/node/index.js:1503:25

    console.warn
      [MSW] Warning: captured a request without a matching request handler:
      
        ΓÇó GET http://localhost/api/investments/analyze/AAPL
      
      If you still wish to intercept this unhandled request, please create a request handler for it.
      Read more: https://mswjs.io/docs/getting-started/mocks

      at Object.warn (node_modules/msw/lib/node/index.js:55:11)
      at applyStrategy (node_modules/msw/lib/node/index.js:1391:18)
      at onUnhandledRequest (node_modules/msw/lib/node/index.js:1412:3)
      at handleRequest (node_modules/msw/lib/node/index.js:1444:5)
      at node_modules/msw/lib/node/index.js:1503:25

    console.warn
      [MSW] Warning: captured a request without a matching request handler:
      
        ΓÇó GET http://localhost/api/investments/analyze/AAPL/technical
      
      If you still wish to intercept this unhandled request, please create a request handler for it.
      Read more: https://mswjs.io/docs/getting-started/mocks

      at Object.warn (node_modules/msw/lib/node/index.js:55:11)
      at applyStrategy (node_modules/msw/lib/node/index.js:1391:18)
      at onUnhandledRequest (node_modules/msw/lib/node/index.js:1412:3)
      at handleRequest (node_modules/msw/lib/node/index.js:1444:5)
      at node_modules/msw/lib/node/index.js:1503:25

    console.warn
      [MSW] Warning: captured a request without a matching request handler:
      
        ΓÇó GET http://localhost/api/investments/analyze/AAPL
      
      If you still wish to intercept this unhandled request, please create a request handler for it.
      Read more: https://mswjs.io/docs/getting-started/mocks

      at Object.warn (node_modules/msw/lib/node/index.js:55:11)
      at applyStrategy (node_modules/msw/lib/node/index.js:1391:18)
      at onUnhandledRequest (node_modules/msw/lib/node/index.js:1412:3)
      at handleRequest (node_modules/msw/lib/node/index.js:1444:5)
      at node_modules/msw/lib/node/index.js:1503:25

    console.error
      Stock analysis fetch error: Error: Analysis failed
          at C:\Githhub\CreditMaster-Pro-app\src\hooks\useStockAnalysis.ts:102:15

    [0m [90m 119 |[39m       [36mconst[39m errorMessage [33m=[39m err [36minstanceof[39m [33mError[39m [33m?[39m 
err[33m.[39mmessage [33m:[39m [32m'Failed to load analysis'[39m[33m;[39m
     [90m 120 |[39m       setError(errorMessage)[33m;[39m
    [31m[1m>[22m[39m[90m 121 |[39m       console[33m.[39merror([32m'Stock analysis fetch error:'[39m[33m,[39m err)[33m;[39m
     [90m     |[39m               [31m[1m^[22m[39m
     [90m 122 |[39m     } [36mfinally[39m {
     [90m 123 |[39m       setLoading([36mfalse[39m)[33m;[39m
     [90m 124 |[39m     }[0m

      at src/hooks/useStockAnalysis.ts:121:15

    console.warn
      [MSW] Warning: captured a request without a matching request handler:
      
        ΓÇó GET http://localhost/api/investments/analyze/AAPL
      
      If you still wish to intercept this unhandled request, please create a request handler for it.
      Read more: https://mswjs.io/docs/getting-started/mocks

      at Object.warn (node_modules/msw/lib/node/index.js:55:11)
      at applyStrategy (node_modules/msw/lib/node/index.js:1391:18)
      at onUnhandledRequest (node_modules/msw/lib/node/index.js:1412:3)
      at handleRequest (node_modules/msw/lib/node/index.js:1444:5)
      at node_modules/msw/lib/node/index.js:1503:25

    console.error
      An update to TestComponent inside a test was not wrapped in act(...).
      
      When testing, code that causes React state updates should be wrapped into act(...):
      
      act(() => {
        /* fire events that update state */
      });
      /* assert on the output */
      
      This ensures that you're testing the behavior the user would see in the browser. Learn more at 
https://react.dev/link/wrap-tests-with-act

    [0m [90m 88 |[39m
     [90m 89 |[39m       abortControllerRef[33m.[39mcurrent [33m=[39m [36mnew[39m [33mAbortController[39m()[33m;[39m
    [31m[1m>[22m[39m[90m 90 |[39m       setLoading([36mtrue[39m)[33m;[39m
     [90m    |[39m       [31m[1m^[22m[39m
     [90m 91 |[39m       setError([36mnull[39m)[33m;[39m
     [90m 92 |[39m
     [90m 93 |[39m       [36mconst[39m response [33m=[39m [36mawait[39m 
fetch([32m`/api/investments/analyze/${symbol}`[39m[33m,[39m {[0m

      at node_modules/react-dom/cjs/react-dom-client.development.js:18758:19
      at runWithFiberInDEV (node_modules/react-dom/cjs/react-dom-client.development.js:874:13)
      at warnIfUpdatesNotWrappedWithActDEV (node_modules/react-dom/cjs/react-dom-client.development.js:18757:9)
      at scheduleUpdateOnFiber (node_modules/react-dom/cjs/react-dom-client.development.js:16409:11)
      at dispatchSetStateInternal (node_modules/react-dom/cjs/react-dom-client.development.js:9170:13)
      at dispatchSetState (node_modules/react-dom/cjs/react-dom-client.development.js:9127:7)
      at src/hooks/useStockAnalysis.ts:90:7
      at Object.refresh (src/hooks/useStockAnalysis.ts:130:11)
      at Object.<anonymous> (src/hooks/__tests__/useStockAnalysis.test.ts:198:26)

    console.error
      An update to TestComponent inside a test was not wrapped in act(...).
      
      When testing, code that causes React state updates should be wrapped into act(...):
      
      act(() => {
        /* fire events that update state */
      });
      /* assert on the output */
      
      This ensures that you're testing the behavior the user would see in the browser. Learn more at 
https://react.dev/link/wrap-tests-with-act

    [0m [90m 89 |[39m       abortControllerRef[33m.[39mcurrent [33m=[39m [36mnew[39m [33mAbortController[39m()[33m;[39m
     [90m 90 |[39m       setLoading([36mtrue[39m)[33m;[39m
    [31m[1m>[22m[39m[90m 91 |[39m       setError([36mnull[39m)[33m;[39m
     [90m    |[39m       [31m[1m^[22m[39m
     [90m 92 |[39m
     [90m 93 |[39m       [36mconst[39m response [33m=[39m [36mawait[39m 
fetch([32m`/api/investments/analyze/${symbol}`[39m[33m,[39m {
     [90m 94 |[39m         signal[33m:[39m abortControllerRef[33m.[39mcurrent[33m.[39msignal[33m,[39m[0m

      at node_modules/react-dom/cjs/react-dom-client.development.js:18758:19
      at runWithFiberInDEV (node_modules/react-dom/cjs/react-dom-client.development.js:874:13)
      at warnIfUpdatesNotWrappedWithActDEV (node_modules/react-dom/cjs/react-dom-client.development.js:18757:9)
      at scheduleUpdateOnFiber (node_modules/react-dom/cjs/react-dom-client.development.js:16409:11)
      at dispatchSetStateInternal (node_modules/react-dom/cjs/react-dom-client.development.js:9170:13)
      at dispatchSetState (node_modules/react-dom/cjs/react-dom-client.development.js:9127:7)
      at src/hooks/useStockAnalysis.ts:91:7
      at Object.refresh (src/hooks/useStockAnalysis.ts:130:11)
      at Object.<anonymous> (src/hooks/__tests__/useStockAnalysis.test.ts:198:26)

    console.warn
      [MSW] Warning: captured a request without a matching request handler:
      
        ΓÇó GET http://localhost/api/investments/analyze/AAPL
      
      If you still wish to intercept this unhandled request, please create a request handler for it.
      Read more: https://mswjs.io/docs/getting-started/mocks

      at Object.warn (node_modules/msw/lib/node/index.js:55:11)
      at applyStrategy (node_modules/msw/lib/node/index.js:1391:18)
      at onUnhandledRequest (node_modules/msw/lib/node/index.js:1412:3)
      at handleRequest (node_modules/msw/lib/node/index.js:1444:5)
      at node_modules/msw/lib/node/index.js:1503:25

    console.error
      An update to TestComponent inside a test was not wrapped in act(...).
      
      When testing, code that causes React state updates should be wrapped into act(...):
      
      act(() => {
        /* fire events that update state */
      });
      /* assert on the output */
      
      This ensures that you're testing the behavior the user would see in the browser. Learn more at 
https://react.dev/link/wrap-tests-with-act

    [0m [90m 118 |[39m
     [90m 119 |[39m       [36mconst[39m errorMessage [33m=[39m err [36minstanceof[39m [33mError[39m [33m?[39m 
err[33m.[39mmessage [33m:[39m [32m'Failed to load analysis'[39m[33m;[39m
    [31m[1m>[22m[39m[90m 120 |[39m       setError(errorMessage)[33m;[39m
     [90m     |[39m       [31m[1m^[22m[39m
     [90m 121 |[39m       console[33m.[39merror([32m'Stock analysis fetch error:'[39m[33m,[39m err)[33m;[39m
     [90m 122 |[39m     } [36mfinally[39m {
     [90m 123 |[39m       setLoading([36mfalse[39m)[33m;[39m[0m

      at node_modules/react-dom/cjs/react-dom-client.development.js:18758:19
      at runWithFiberInDEV (node_modules/react-dom/cjs/react-dom-client.development.js:874:13)
      at warnIfUpdatesNotWrappedWithActDEV (node_modules/react-dom/cjs/react-dom-client.development.js:18757:9)
      at scheduleUpdateOnFiber (node_modules/react-dom/cjs/react-dom-client.development.js:16409:11)
      at dispatchSetStateInternal (node_modules/react-dom/cjs/react-dom-client.development.js:9170:13)
      at dispatchSetState (node_modules/react-dom/cjs/react-dom-client.development.js:9127:7)
      at src/hooks/useStockAnalysis.ts:120:7
      at Object.refresh (src/hooks/useStockAnalysis.ts:130:5)
      at Object.<anonymous> (src/hooks/__tests__/useStockAnalysis.test.ts:198:5)

    console.error
      Stock analysis fetch error: Error: cannot clone body after it is used
          at clone (C:\Githhub\CreditMaster-Pro-app\node_modules\node-fetch\lib\index.js:539:9)
          at Response.clone (C:\Githhub\CreditMaster-Pro-app\node_modules\node-fetch\lib\index.js:1114:23)
          at FetchInterceptor.<anonymous> 
(C:\Githhub\CreditMaster-Pro-app\node_modules\@mswjs\interceptors\lib\interceptors\fetch\index.js:181:70)
          at step (C:\Githhub\CreditMaster-Pro-app\node_modules\@mswjs\interceptors\lib\interceptors\fetch\index.js:59:23)
          at Object.next (C:\Githhub\CreditMaster-Pro-app\node_modules\@mswjs\interceptors\lib\interceptors\fetch\index.js:40:53)
          at C:\Githhub\CreditMaster-Pro-app\node_modules\@mswjs\interceptors\lib\interceptors\fetch\index.js:34:71
          at new Promise (<anonymous>)
          at __awaiter (C:\Githhub\CreditMaster-Pro-app\node_modules\@mswjs\interceptors\lib\interceptors\fetch\index.js:30:12)
          at C:\Githhub\CreditMaster-Pro-app\node_modules\@mswjs\interceptors\lib\interceptors\fetch\index.js:176:100
          at runNextTicks (node:internal/process/task_queues:64:5)
          at listOnTimeout (node:internal/timers:567:9)
          at processTimers (node:internal/timers:541:7)

    [0m [90m 119 |[39m       [36mconst[39m errorMessage [33m=[39m err [36minstanceof[39m [33mError[39m [33m?[39m 
err[33m.[39mmessage [33m:[39m [32m'Failed to load analysis'[39m[33m;[39m
     [90m 120 |[39m       setError(errorMessage)[33m;[39m
    [31m[1m>[22m[39m[90m 121 |[39m       console[33m.[39merror([32m'Stock analysis fetch error:'[39m[33m,[39m err)[33m;[39m
     [90m     |[39m               [31m[1m^[22m[39m
     [90m 122 |[39m     } [36mfinally[39m {
     [90m 123 |[39m       setLoading([36mfalse[39m)[33m;[39m
     [90m 124 |[39m     }[0m

      at src/hooks/useStockAnalysis.ts:121:15
      at Object.refresh (src/hooks/useStockAnalysis.ts:130:5)
      at Object.<anonymous> (src/hooks/__tests__/useStockAnalysis.test.ts:198:5)

    console.error
      An update to TestComponent inside a test was not wrapped in act(...).
      
      When testing, code that causes React state updates should be wrapped into act(...):
      
      act(() => {
        /* fire events that update state */
      });
      /* assert on the output */
      
      This ensures that you're testing the behavior the user would see in the browser. Learn more at 
https://react.dev/link/wrap-tests-with-act

    [0m [90m 121 |[39m       console[33m.[39merror([32m'Stock analysis fetch error:'[39m[33m,[39m err)[33m;[39m
     [90m 122 |[39m     } [36mfinally[39m {
    [31m[1m>[22m[39m[90m 123 |[39m       setLoading([36mfalse[39m)[33m;[39m
     [90m     |[39m       [31m[1m^[22m[39m
     [90m 124 |[39m     }
     [90m 125 |[39m   }[33m,[39m [user[33m,[39m enabled[33m,[39m symbol[33m,[39m getCachedData[33m,[39m 
setCachedData])[33m;[39m
     [90m 126 |[39m[0m

      at node_modules/react-dom/cjs/react-dom-client.development.js:18758:19
      at runWithFiberInDEV (node_modules/react-dom/cjs/react-dom-client.development.js:874:13)
      at warnIfUpdatesNotWrappedWithActDEV (node_modules/react-dom/cjs/react-dom-client.development.js:18757:9)
      at scheduleUpdateOnFiber (node_modules/react-dom/cjs/react-dom-client.development.js:16409:11)
      at dispatchSetStateInternal (node_modules/react-dom/cjs/react-dom-client.development.js:9170:13)
      at dispatchSetState (node_modules/react-dom/cjs/react-dom-client.development.js:9127:7)
      at src/hooks/useStockAnalysis.ts:123:7
      at Object.refresh (src/hooks/useStockAnalysis.ts:130:5)
      at Object.<anonymous> (src/hooks/__tests__/useStockAnalysis.test.ts:198:5)

PASS src/hooks/__tests__/useMarketData.test.ts
  ΓùÅ Console

    console.warn
      [MSW] Warning: captured a request without a matching request handler:
      
        ΓÇó GET http://localhost/api/investments/quote/AAPL
      
      If you still wish to intercept this unhandled request, please create a request handler for it.
      Read more: https://mswjs.io/docs/getting-started/mocks

      at Object.warn (node_modules/msw/lib/node/index.js:55:11)
      at applyStrategy (node_modules/msw/lib/node/index.js:1391:18)
      at onUnhandledRequest (node_modules/msw/lib/node/index.js:1412:3)
      at handleRequest (node_modules/msw/lib/node/index.js:1444:5)
      at node_modules/msw/lib/node/index.js:1503:25

    console.warn
      [MSW] Warning: captured a request without a matching request handler:
      
        ΓÇó GET http://localhost/api/investments/quote/AAPL
      
      If you still wish to intercept this unhandled request, please create a request handler for it.
      Read more: https://mswjs.io/docs/getting-started/mocks

      at Object.warn (node_modules/msw/lib/node/index.js:55:11)
      at applyStrategy (node_modules/msw/lib/node/index.js:1391:18)
      at onUnhandledRequest (node_modules/msw/lib/node/index.js:1412:3)
      at handleRequest (node_modules/msw/lib/node/index.js:1444:5)
      at node_modules/msw/lib/node/index.js:1503:25

    console.warn
      [MSW] Warning: captured a request without a matching request handler:
      
        ΓÇó GET http://localhost/api/investments/historical/AAPL
      
      If you still wish to intercept this unhandled request, please create a request handler for it.
      Read more: https://mswjs.io/docs/getting-started/mocks

      at Object.warn (node_modules/msw/lib/node/index.js:55:11)
      at applyStrategy (node_modules/msw/lib/node/index.js:1391:18)
      at onUnhandledRequest (node_modules/msw/lib/node/index.js:1412:3)
      at handleRequest (node_modules/msw/lib/node/index.js:1444:5)
      at node_modules/msw/lib/node/index.js:1503:25

    console.warn
      [MSW] Warning: captured a request without a matching request handler:
      
        ΓÇó GET http://localhost/api/investments/quote/AAPL
      
      If you still wish to intercept this unhandled request, please create a request handler for it.
      Read more: https://mswjs.io/docs/getting-started/mocks

      at Object.warn (node_modules/msw/lib/node/index.js:55:11)
      at applyStrategy (node_modules/msw/lib/node/index.js:1391:18)
      at onUnhandledRequest (node_modules/msw/lib/node/index.js:1412:3)
      at handleRequest (node_modules/msw/lib/node/index.js:1444:5)
      at node_modules/msw/lib/node/index.js:1503:25

    console.error
      Quote fetch error: Error: Failed to fetch quote
          at C:\Githhub\CreditMaster-Pro-app\src\hooks\useMarketData.ts:77:15

    [0m [90m 93 |[39m       [36mconst[39m errorMessage [33m=[39m err [36minstanceof[39m [33mError[39m [33m?[39m 
err[33m.[39mmessage [33m:[39m [32m'Failed to load quote'[39m[33m;[39m
     [90m 94 |[39m       setError(errorMessage)[33m;[39m
    [31m[1m>[22m[39m[90m 95 |[39m       console[33m.[39merror([32m'Quote fetch error:'[39m[33m,[39m err)[33m;[39m
     [90m    |[39m               [31m[1m^[22m[39m
     [90m 96 |[39m     } [36mfinally[39m {
     [90m 97 |[39m       setLoading([36mfalse[39m)[33m;[39m
     [90m 98 |[39m     }[0m

      at src/hooks/useMarketData.ts:95:15

    console.warn
      [MSW] Warning: captured a request without a matching request handler:
      
        ΓÇó GET http://localhost/api/investments/quote/AAPL
      
      If you still wish to intercept this unhandled request, please create a request handler for it.
      Read more: https://mswjs.io/docs/getting-started/mocks

      at Object.warn (node_modules/msw/lib/node/index.js:55:11)
      at applyStrategy (node_modules/msw/lib/node/index.js:1391:18)
      at onUnhandledRequest (node_modules/msw/lib/node/index.js:1412:3)
      at handleRequest (node_modules/msw/lib/node/index.js:1444:5)
      at node_modules/msw/lib/node/index.js:1503:25

    console.warn
      [MSW] Warning: captured a request without a matching request handler:
      
        ΓÇó GET http://localhost/api/investments/quote/AAPL
      
      If you still wish to intercept this unhandled request, please create a request handler for it.
      Read more: https://mswjs.io/docs/getting-started/mocks

      at Object.warn (node_modules/msw/lib/node/index.js:55:11)
      at applyStrategy (node_modules/msw/lib/node/index.js:1391:18)
      at onUnhandledRequest (node_modules/msw/lib/node/index.js:1412:3)
      at handleRequest (node_modules/msw/lib/node/index.js:1444:5)
      at node_modules/msw/lib/node/index.js:1503:25

    console.error
      Quote fetch error: Error: cannot clone body after it is used
          at clone (C:\Githhub\CreditMaster-Pro-app\node_modules\node-fetch\lib\index.js:539:9)
          at Response.clone (C:\Githhub\CreditMaster-Pro-app\node_modules\node-fetch\lib\index.js:1114:23)
          at FetchInterceptor.<anonymous> 
(C:\Githhub\CreditMaster-Pro-app\node_modules\@mswjs\interceptors\lib\interceptors\fetch\index.js:181:70)
          at step (C:\Githhub\CreditMaster-Pro-app\node_modules\@mswjs\interceptors\lib\interceptors\fetch\index.js:59:23)
          at Object.next (C:\Githhub\CreditMaster-Pro-app\node_modules\@mswjs\interceptors\lib\interceptors\fetch\index.js:40:53)
          at C:\Githhub\CreditMaster-Pro-app\node_modules\@mswjs\interceptors\lib\interceptors\fetch\index.js:34:71
          at new Promise (<anonymous>)
          at __awaiter (C:\Githhub\CreditMaster-Pro-app\node_modules\@mswjs\interceptors\lib\interceptors\fetch\index.js:30:12)
          at C:\Githhub\CreditMaster-Pro-app\node_modules\@mswjs\interceptors\lib\interceptors\fetch\index.js:176:100

    [0m [90m 93 |[39m       [36mconst[39m errorMessage [33m=[39m err [36minstanceof[39m [33mError[39m [33m?[39m 
err[33m.[39mmessage [33m:[39m [32m'Failed to load quote'[39m[33m;[39m
     [90m 94 |[39m       setError(errorMessage)[33m;[39m
    [31m[1m>[22m[39m[90m 95 |[39m       console[33m.[39merror([32m'Quote fetch error:'[39m[33m,[39m err)[33m;[39m
     [90m    |[39m               [31m[1m^[22m[39m
     [90m 96 |[39m     } [36mfinally[39m {
     [90m 97 |[39m       setLoading([36mfalse[39m)[33m;[39m
     [90m 98 |[39m     }[0m

      at src/hooks/useMarketData.ts:95:15
      at Object.refresh (src/hooks/useMarketData.ts:135:5)
      at src/hooks/__tests__/useMarketData.test.ts:155:7

    console.warn
      [MSW] Warning: captured a request without a matching request handler:
      
        ΓÇó GET http://localhost/api/investments/quote/AAPL
      
      If you still wish to intercept this unhandled request, please create a request handler for it.
      Read more: https://mswjs.io/docs/getting-started/mocks

      at Object.warn (node_modules/msw/lib/node/index.js:55:11)
      at applyStrategy (node_modules/msw/lib/node/index.js:1391:18)
      at onUnhandledRequest (node_modules/msw/lib/node/index.js:1412:3)
      at handleRequest (node_modules/msw/lib/node/index.js:1444:5)
      at node_modules/msw/lib/node/index.js:1503:25

    console.error
      Quote fetch error: Error: Network error
          at Object.<anonymous> (C:\Githhub\CreditMaster-Pro-app\src\hooks\__tests__\useMarketData.test.ts:162:37)
          at Promise.finally.completed (C:\Githhub\CreditMaster-Pro-app\node_modules\jest-circus\build\jestAdapterInit.js:1557:28)
          at new Promise (<anonymous>)
          at callAsyncCircusFn (C:\Githhub\CreditMaster-Pro-app\node_modules\jest-circus\build\jestAdapterInit.js:1497:10)
          at _callCircusTest (C:\Githhub\CreditMaster-Pro-app\node_modules\jest-circus\build\jestAdapterInit.js:1007:40)
          at _runTest (C:\Githhub\CreditMaster-Pro-app\node_modules\jest-circus\build\jestAdapterInit.js:947:3)
          at C:\Githhub\CreditMaster-Pro-app\node_modules\jest-circus\build\jestAdapterInit.js:849:7
          at _runTestsForDescribeBlock (C:\Githhub\CreditMaster-Pro-app\node_modules\jest-circus\build\jestAdapterInit.js:862:11)
          at _runTestsForDescribeBlock (C:\Githhub\CreditMaster-Pro-app\node_modules\jest-circus\build\jestAdapterInit.js:857:11)
          at run (C:\Githhub\CreditMaster-Pro-app\node_modules\jest-circus\build\jestAdapterInit.js:761:3)
          at runAndTransformResultsToJestFormat 
(C:\Githhub\CreditMaster-Pro-app\node_modules\jest-circus\build\jestAdapterInit.js:1918:21)
          at jestAdapter (C:\Githhub\CreditMaster-Pro-app\node_modules\jest-circus\build\runner.js:101:19)
          at runTestInternal (C:\Githhub\CreditMaster-Pro-app\node_modules\jest-runner\build\testWorker.js:275:16)
          at runTest (C:\Githhub\CreditMaster-Pro-app\node_modules\jest-runner\build\testWorker.js:343:7)
          at Object.worker (C:\Githhub\CreditMaster-Pro-app\node_modules\jest-runner\build\testWorker.js:497:12)

    [0m [90m 93 |[39m       [36mconst[39m errorMessage [33m=[39m err [36minstanceof[39m [33mError[39m [33m?[39m 
err[33m.[39mmessage [33m:[39m [32m'Failed to load quote'[39m[33m;[39m
     [90m 94 |[39m       setError(errorMessage)[33m;[39m
    [31m[1m>[22m[39m[90m 95 |[39m       console[33m.[39merror([32m'Quote fetch error:'[39m[33m,[39m err)[33m;[39m
     [90m    |[39m               [31m[1m^[22m[39m
     [90m 96 |[39m     } [36mfinally[39m {
     [90m 97 |[39m       setLoading([36mfalse[39m)[33m;[39m
     [90m 98 |[39m     }[0m

      at src/hooks/useMarketData.ts:95:15

    console.warn
      [MSW] Warning: captured a request without a matching request handler:
      
        ΓÇó GET http://localhost/api/investments/quote/AAPL
      
      If you still wish to intercept this unhandled request, please create a request handler for it.
      Read more: https://mswjs.io/docs/getting-started/mocks

      at Object.warn (node_modules/msw/lib/node/index.js:55:11)
      at applyStrategy (node_modules/msw/lib/node/index.js:1391:18)
      at onUnhandledRequest (node_modules/msw/lib/node/index.js:1412:3)
      at handleRequest (node_modules/msw/lib/node/index.js:1444:5)
      at node_modules/msw/lib/node/index.js:1503:25

PASS src/app/api/credit-repair/__tests__/performance.test.ts
  ΓùÅ Console

    console.error
      Error getting disputes: TypeError: Cannot read properties of undefined (reading 'length')
          at GET (C:\Githhub\CreditMaster-Pro-app\src\app\api\credit-repair\disputes\route.ts:55:24)
          at processTicksAndRejections (node:internal/process/task_queues:103:5)
          at measureTime (C:\Githhub\CreditMaster-Pro-app\src\app\api\credit-repair\__tests__\performance.test.ts:76:18)
          at Object.<anonymous> (C:\Githhub\CreditMaster-Pro-app\src\app\api\credit-repair\__tests__\performance.test.ts:367:28)

    [0m [90m 92 |[39m     })[33m;[39m
     [90m 93 |[39m   } [36mcatch[39m (error) {
    [31m[1m>[22m[39m[90m 94 |[39m     console[33m.[39merror([32m'Error getting disputes:'[39m[33m,[39m error)[33m;[39m
     [90m    |[39m             [31m[1m^[22m[39m
     [90m 95 |[39m
     [90m 96 |[39m     [90m// Audit log error[39m
     [90m 97 |[39m     [36mtry[39m {[0m

      at GET (src/app/api/credit-repair/disputes/route.ts:94:13)
      at measureTime (src/app/api/credit-repair/__tests__/performance.test.ts:76:18)
      at Object.<anonymous> (src/app/api/credit-repair/__tests__/performance.test.ts:367:28)

PASS src/app/pricing/__tests__/page.test.tsx
PASS src/components/credit-monitoring/__tests__/AICreditInsights.test.tsx
  ΓùÅ Console

    console.error
      An update to AICreditInsights inside a test was not wrapped in act(...).
      
      When testing, code that causes React state updates should be wrapped into act(...):
      
      act(() => {
        /* fire events that update state */
      });
      /* assert on the output */
      
      This ensures that you're testing the behavior the user would see in the browser. Learn more at 
https://react.dev/link/wrap-tests-with-act

    [0m [90m 70 |[39m       
     [90m 71 |[39m       [36mconst[39m result [33m=[39m [36mawait[39m response[33m.[39mjson()[33m;[39m
    [31m[1m>[22m[39m[90m 72 |[39m       setData(result[33m.[39mdata)[33m;[39m
     [90m    |[39m       [31m[1m^[22m[39m
     [90m 73 |[39m     } [36mcatch[39m (error) {
     [90m 74 |[39m       console[33m.[39merror([32m'Error fetching credit insights:'[39m[33m,[39m error)[33m;[39m
     [90m 75 |[39m       toast[33m.[39merror([32m'Failed to load AI insights'[39m[33m,[39m [32m'Please try again 
later'[39m)[33m;[39m[0m

      at node_modules/react-dom/cjs/react-dom-client.development.js:18758:19
      at runWithFiberInDEV (node_modules/react-dom/cjs/react-dom-client.development.js:874:13)
      at warnIfUpdatesNotWrappedWithActDEV (node_modules/react-dom/cjs/react-dom-client.development.js:18757:9)
      at scheduleUpdateOnFiber (node_modules/react-dom/cjs/react-dom-client.development.js:16409:11)
      at dispatchSetStateInternal (node_modules/react-dom/cjs/react-dom-client.development.js:9170:13)
      at dispatchSetState (node_modules/react-dom/cjs/react-dom-client.development.js:9127:7)
      at src/components/credit-monitoring/AICreditInsights.tsx:72:7

    console.error
      An update to AICreditInsights inside a test was not wrapped in act(...).
      
      When testing, code that causes React state updates should be wrapped into act(...):
      
      act(() => {
        /* fire events that update state */
      });
      /* assert on the output */
      
      This ensures that you're testing the behavior the user would see in the browser. Learn more at 
https://react.dev/link/wrap-tests-with-act

    [0m [90m 75 |[39m       toast[33m.[39merror([32m'Failed to load AI insights'[39m[33m,[39m [32m'Please try again 
later'[39m)[33m;[39m
     [90m 76 |[39m     } [36mfinally[39m {
    [31m[1m>[22m[39m[90m 77 |[39m       setLoading([36mfalse[39m)[33m;[39m
     [90m    |[39m       [31m[1m^[22m[39m
     [90m 78 |[39m     }
     [90m 79 |[39m   }[33m,[39m [user[33m,[39m toast])[33m;[39m
     [90m 80 |[39m[0m

      at node_modules/react-dom/cjs/react-dom-client.development.js:18758:19
      at runWithFiberInDEV (node_modules/react-dom/cjs/react-dom-client.development.js:874:13)
      at warnIfUpdatesNotWrappedWithActDEV (node_modules/react-dom/cjs/react-dom-client.development.js:18757:9)
      at scheduleUpdateOnFiber (node_modules/react-dom/cjs/react-dom-client.development.js:16409:11)
      at dispatchSetStateInternal (node_modules/react-dom/cjs/react-dom-client.development.js:9170:13)
      at dispatchSetState (node_modules/react-dom/cjs/react-dom-client.development.js:9127:7)
      at src/components/credit-monitoring/AICreditInsights.tsx:77:7

    console.error
      Error fetching credit insights: Error: Failed to fetch credit insights
          at C:\Githhub\CreditMaster-Pro-app\src\components\credit-monitoring\AICreditInsights.tsx:68:15

    [0m [90m 72 |[39m       setData(result[33m.[39mdata)[33m;[39m
     [90m 73 |[39m     } [36mcatch[39m (error) {
    [31m[1m>[22m[39m[90m 74 |[39m       console[33m.[39merror([32m'Error fetching credit insights:'[39m[33m,[39m 
error)[33m;[39m
     [90m    |[39m               [31m[1m^[22m[39m
     [90m 75 |[39m       toast[33m.[39merror([32m'Failed to load AI insights'[39m[33m,[39m [32m'Please try again 
later'[39m)[33m;[39m
     [90m 76 |[39m     } [36mfinally[39m {
     [90m 77 |[39m       setLoading([36mfalse[39m)[33m;[39m[0m

      at src/components/credit-monitoring/AICreditInsights.tsx:74:15

    console.error
      Error fetching credit insights: Error: Failed to fetch credit insights
          at C:\Githhub\CreditMaster-Pro-app\src\components\credit-monitoring\AICreditInsights.tsx:68:15
          at runNextTicks (node:internal/process/task_queues:64:5)
          at listOnTimeout (node:internal/timers:567:9)
          at processTimers (node:internal/timers:541:7)

    [0m [90m 72 |[39m       setData(result[33m.[39mdata)[33m;[39m
     [90m 73 |[39m     } [36mcatch[39m (error) {
    [31m[1m>[22m[39m[90m 74 |[39m       console[33m.[39merror([32m'Error fetching credit insights:'[39m[33m,[39m 
error)[33m;[39m
     [90m    |[39m               [31m[1m^[22m[39m
     [90m 75 |[39m       toast[33m.[39merror([32m'Failed to load AI insights'[39m[33m,[39m [32m'Please try again 
later'[39m)[33m;[39m
     [90m 76 |[39m     } [36mfinally[39m {
     [90m 77 |[39m       setLoading([36mfalse[39m)[33m;[39m[0m

      at src/components/credit-monitoring/AICreditInsights.tsx:74:15

    console.error
      Error fetching credit insights: Error: Failed to fetch credit insights
          at C:\Githhub\CreditMaster-Pro-app\src\components\credit-monitoring\AICreditInsights.tsx:68:15

    [0m [90m 72 |[39m       setData(result[33m.[39mdata)[33m;[39m
     [90m 73 |[39m     } [36mcatch[39m (error) {
    [31m[1m>[22m[39m[90m 74 |[39m       console[33m.[39merror([32m'Error fetching credit insights:'[39m[33m,[39m 
error)[33m;[39m
     [90m    |[39m               [31m[1m^[22m[39m
     [90m 75 |[39m       toast[33m.[39merror([32m'Failed to load AI insights'[39m[33m,[39m [32m'Please try again 
later'[39m)[33m;[39m
     [90m 76 |[39m     } [36mfinally[39m {
     [90m 77 |[39m       setLoading([36mfalse[39m)[33m;[39m[0m

      at src/components/credit-monitoring/AICreditInsights.tsx:74:15

    console.error
      Error fetching credit insights: Error: Failed to fetch credit insights
          at C:\Githhub\CreditMaster-Pro-app\src\components\credit-monitoring\AICreditInsights.tsx:68:15
          at runNextTicks (node:internal/process/task_queues:64:5)
          at listOnTimeout (node:internal/timers:567:9)
          at processTimers (node:internal/timers:541:7)

    [0m [90m 72 |[39m       setData(result[33m.[39mdata)[33m;[39m
     [90m 73 |[39m     } [36mcatch[39m (error) {
    [31m[1m>[22m[39m[90m 74 |[39m       console[33m.[39merror([32m'Error fetching credit insights:'[39m[33m,[39m 
error)[33m;[39m
     [90m    |[39m               [31m[1m^[22m[39m
     [90m 75 |[39m       toast[33m.[39merror([32m'Failed to load AI insights'[39m[33m,[39m [32m'Please try again 
later'[39m)[33m;[39m
     [90m 76 |[39m     } [36mfinally[39m {
     [90m 77 |[39m       setLoading([36mfalse[39m)[33m;[39m[0m

      at src/components/credit-monitoring/AICreditInsights.tsx:74:15

PASS src/lib/payment/__tests__/billing-profile-store.test.ts
  ΓùÅ Console

    console.warn
      Supabase environment variables are not set. Some features may not work.

    [0m [90m 12 |[39m
     [90m 13 |[39m [36mif[39m ([33m![39mprocess[33m.[39menv[33m.[39m[33mNEXT_PUBLIC_SUPABASE_URL[39m [33m||[39m 
[33m![39mprocess[33m.[39menv[33m.[39m[33mNEXT_PUBLIC_SUPABASE_ANON_KEY[39m) {
    [31m[1m>[22m[39m[90m 14 |[39m   console[33m.[39mwarn([32m'Supabase environment variables are not set. Some features may not 
work.'[39m)[33m;[39m
     [90m    |[39m           [31m[1m^[22m[39m
     [90m 15 |[39m }
     [90m 16 |[39m
     [90m 17 |[39m [90m// Create Supabase client[39m[0m

      at Object.<anonymous> (src/lib/supabase.ts:14:11)
      at Object.<anonymous> (src/lib/payment/billing-profile-store.ts:1:1)
      at Object.<anonymous> (src/lib/payment/__tests__/billing-profile-store.test.ts:1:1)

    console.warn
      [MSW] Warning: captured a request without a matching request handler:
      
        ΓÇó GET https://placeholder.supabase.co/rest/v1/billing_profiles
      
      If you still wish to intercept this unhandled request, please create a request handler for it.
      Read more: https://mswjs.io/docs/getting-started/mocks

      at Object.warn (node_modules/msw/lib/node/index.js:55:11)
      at applyStrategy (node_modules/msw/lib/node/index.js:1391:18)
      at onUnhandledRequest (node_modules/msw/lib/node/index.js:1412:3)
      at handleRequest (node_modules/msw/lib/node/index.js:1444:5)
      at node_modules/msw/lib/node/index.js:1503:25

    console.warn
      Failed to load billing profile {
        message: "TypeError: Cannot read properties of undefined (reading 'then')",
        details: "TypeError: Cannot read properties of undefined (reading 'then')\n" +
          '    at FetchInterceptor.<anonymous> 
(C:\\Githhub\\CreditMaster-Pro-app\\node_modules\\@mswjs\\interceptors\\lib\\interceptors\\fetch\\index.js:176:65)\n' +
          '    at step 
(C:\\Githhub\\CreditMaster-Pro-app\\node_modules\\@mswjs\\interceptors\\lib\\interceptors\\fetch\\index.js:59:23)\n' +
          '    at Object.next 
(C:\\Githhub\\CreditMaster-Pro-app\\node_modules\\@mswjs\\interceptors\\lib\\interceptors\\fetch\\index.js:40:53)\n' +
          '    at fulfilled 
(C:\\Githhub\\CreditMaster-Pro-app\\node_modules\\@mswjs\\interceptors\\lib\\interceptors\\fetch\\index.js:31:58)',
        hint: '',
        code: ''
      }

    [0m [90m 86 |[39m       [36mif[39m (error) {
     [90m 87 |[39m         [36mif[39m (error[33m.[39mcode [33m!==[39m [32m'PGRST116'[39m) {
    [31m[1m>[22m[39m[90m 88 |[39m           console[33m.[39mwarn([32m'Failed to load billing profile'[39m[33m,[39m 
error)[33m;[39m
     [90m    |[39m                   [31m[1m^[22m[39m
     [90m 89 |[39m         }
     [90m 90 |[39m         [36mreturn[39m [36mnull[39m[33m;[39m
     [90m 91 |[39m       }[0m

      at Object.load (src/lib/payment/billing-profile-store.ts:88:19)
      at Object.getProfile (src/lib/payment/billing-profile-store.ts:138:23)
      at Object.<anonymous> (src/lib/payment/__tests__/billing-profile-store.test.ts:5:21)

    console.warn
      [MSW] Warning: captured a request without a matching request handler:
      
        ΓÇó POST https://placeholder.supabase.co/rest/v1/billing_profiles
      
      If you still wish to intercept this unhandled request, please create a request handler for it.
      Read more: https://mswjs.io/docs/getting-started/mocks

      at Object.warn (node_modules/msw/lib/node/index.js:55:11)
      at applyStrategy (node_modules/msw/lib/node/index.js:1391:18)
      at onUnhandledRequest (node_modules/msw/lib/node/index.js:1412:3)
      at handleRequest (node_modules/msw/lib/node/index.js:1444:5)
      at node_modules/msw/lib/node/index.js:1503:25

    console.warn
      Billing profile repository save failed {
        message: "TypeError: Cannot read properties of undefined (reading 'then')",
        details: "TypeError: Cannot read properties of undefined (reading 'then')\n" +
          '    at FetchInterceptor.<anonymous> 
(C:\\Githhub\\CreditMaster-Pro-app\\node_modules\\@mswjs\\interceptors\\lib\\interceptors\\fetch\\index.js:176:65)\n' +
          '    at step 
(C:\\Githhub\\CreditMaster-Pro-app\\node_modules\\@mswjs\\interceptors\\lib\\interceptors\\fetch\\index.js:59:23)\n' +
          '    at Object.next 
(C:\\Githhub\\CreditMaster-Pro-app\\node_modules\\@mswjs\\interceptors\\lib\\interceptors\\fetch\\index.js:40:53)\n' +
          '    at fulfilled 
(C:\\Githhub\\CreditMaster-Pro-app\\node_modules\\@mswjs\\interceptors\\lib\\interceptors\\fetch\\index.js:31:58)',
        hint: '',
        code: ''
      }

    [0m [90m 116 |[39m       [36mconst[39m { error } [33m=[39m [36mawait[39m 
supabase[33m.[39m[36mfrom[39m([33mTABLE[39m)[33m.[39mupsert(row[33m,[39m { onConflict[33m:[39m [32m'user_id'[39m 
})[33m;[39m
     [90m 117 |[39m       [36mif[39m (error) {
    [31m[1m>[22m[39m[90m 118 |[39m         console[33m.[39mwarn([32m'Billing profile repository save failed'[39m[33m,[39m 
error)[33m;[39m
     [90m     |[39m                 [31m[1m^[22m[39m
     [90m 119 |[39m       }
     [90m 120 |[39m     } [36mcatch[39m (err) {
     [90m 121 |[39m       console[33m.[39mwarn([32m'Billing profile repository save error'[39m[33m,[39m err)[33m;[39m[0m

      at Object.save (src/lib/payment/billing-profile-store.ts:118:17)
      at Object.getProfile (src/lib/payment/billing-profile-store.ts:146:5)
      at Object.<anonymous> (src/lib/payment/__tests__/billing-profile-store.test.ts:5:21)

    console.warn
      [MSW] Warning: captured a request without a matching request handler:
      
        ΓÇó POST https://placeholder.supabase.co/rest/v1/billing_profiles
      
      If you still wish to intercept this unhandled request, please create a request handler for it.
      Read more: https://mswjs.io/docs/getting-started/mocks

      at Object.warn (node_modules/msw/lib/node/index.js:55:11)
      at applyStrategy (node_modules/msw/lib/node/index.js:1391:18)
      at onUnhandledRequest (node_modules/msw/lib/node/index.js:1412:3)
      at handleRequest (node_modules/msw/lib/node/index.js:1444:5)
      at node_modules/msw/lib/node/index.js:1503:25

    console.warn
      Billing profile repository save failed {
        message: "TypeError: Cannot read properties of undefined (reading 'then')",
        details: "TypeError: Cannot read properties of undefined (reading 'then')\n" +
          '    at FetchInterceptor.<anonymous> 
(C:\\Githhub\\CreditMaster-Pro-app\\node_modules\\@mswjs\\interceptors\\lib\\interceptors\\fetch\\index.js:176:65)\n' +
          '    at step 
(C:\\Githhub\\CreditMaster-Pro-app\\node_modules\\@mswjs\\interceptors\\lib\\interceptors\\fetch\\index.js:59:23)\n' +
          '    at Object.next 
(C:\\Githhub\\CreditMaster-Pro-app\\node_modules\\@mswjs\\interceptors\\lib\\interceptors\\fetch\\index.js:40:53)\n' +
          '    at fulfilled 
(C:\\Githhub\\CreditMaster-Pro-app\\node_modules\\@mswjs\\interceptors\\lib\\interceptors\\fetch\\index.js:31:58)',
        hint: '',
        code: ''
      }

    [0m [90m 116 |[39m       [36mconst[39m { error } [33m=[39m [36mawait[39m 
supabase[33m.[39m[36mfrom[39m([33mTABLE[39m)[33m.[39mupsert(row[33m,[39m { onConflict[33m:[39m [32m'user_id'[39m 
})[33m;[39m
     [90m 117 |[39m       [36mif[39m (error) {
    [31m[1m>[22m[39m[90m 118 |[39m         console[33m.[39mwarn([32m'Billing profile repository save failed'[39m[33m,[39m 
error)[33m;[39m
     [90m     |[39m                 [31m[1m^[22m[39m
     [90m 119 |[39m       }
     [90m 120 |[39m     } [36mcatch[39m (err) {
     [90m 121 |[39m       console[33m.[39mwarn([32m'Billing profile repository save error'[39m[33m,[39m err)[33m;[39m[0m

      at Object.save (src/lib/payment/billing-profile-store.ts:118:17)
      at Object.updatePlan (src/lib/payment/billing-profile-store.ts:166:5)
      at Object.<anonymous> (src/lib/payment/__tests__/billing-profile-store.test.ts:9:21)

    console.warn
      [MSW] Warning: captured a request without a matching request handler:
      
        ΓÇó GET https://placeholder.supabase.co/rest/v1/billing_profiles
      
      If you still wish to intercept this unhandled request, please create a request handler for it.
      Read more: https://mswjs.io/docs/getting-started/mocks

      at Object.warn (node_modules/msw/lib/node/index.js:55:11)
      at applyStrategy (node_modules/msw/lib/node/index.js:1391:18)
      at onUnhandledRequest (node_modules/msw/lib/node/index.js:1412:3)
      at handleRequest (node_modules/msw/lib/node/index.js:1444:5)
      at node_modules/msw/lib/node/index.js:1503:25

    console.warn
      Failed to load billing profile {
        message: "TypeError: Cannot read properties of undefined (reading 'then')",
        details: "TypeError: Cannot read properties of undefined (reading 'then')\n" +
          '    at FetchInterceptor.<anonymous> 
(C:\\Githhub\\CreditMaster-Pro-app\\node_modules\\@mswjs\\interceptors\\lib\\interceptors\\fetch\\index.js:176:65)\n' +
          '    at step 
(C:\\Githhub\\CreditMaster-Pro-app\\node_modules\\@mswjs\\interceptors\\lib\\interceptors\\fetch\\index.js:59:23)\n' +
          '    at Object.next 
(C:\\Githhub\\CreditMaster-Pro-app\\node_modules\\@mswjs\\interceptors\\lib\\interceptors\\fetch\\index.js:40:53)\n' +
          '    at fulfilled 
(C:\\Githhub\\CreditMaster-Pro-app\\node_modules\\@mswjs\\interceptors\\lib\\interceptors\\fetch\\index.js:31:58)',
        hint: '',
        code: ''
      }

    [0m [90m 86 |[39m       [36mif[39m (error) {
     [90m 87 |[39m         [36mif[39m (error[33m.[39mcode [33m!==[39m [32m'PGRST116'[39m) {
    [31m[1m>[22m[39m[90m 88 |[39m           console[33m.[39mwarn([32m'Failed to load billing profile'[39m[33m,[39m 
error)[33m;[39m
     [90m    |[39m                   [31m[1m^[22m[39m
     [90m 89 |[39m         }
     [90m 90 |[39m         [36mreturn[39m [36mnull[39m[33m;[39m
     [90m 91 |[39m       }[0m

      at Object.load (src/lib/payment/billing-profile-store.ts:88:19)
      at Object.getProfile (src/lib/payment/billing-profile-store.ts:138:23)
      at Object.<anonymous> (src/lib/payment/__tests__/billing-profile-store.test.ts:15:5)

    console.warn
      [MSW] Warning: captured a request without a matching request handler:
      
        ΓÇó POST https://placeholder.supabase.co/rest/v1/billing_profiles
      
      If you still wish to intercept this unhandled request, please create a request handler for it.
      Read more: https://mswjs.io/docs/getting-started/mocks

      at Object.warn (node_modules/msw/lib/node/index.js:55:11)
      at applyStrategy (node_modules/msw/lib/node/index.js:1391:18)
      at onUnhandledRequest (node_modules/msw/lib/node/index.js:1412:3)
      at handleRequest (node_modules/msw/lib/node/index.js:1444:5)
      at node_modules/msw/lib/node/index.js:1503:25

    console.warn
      Billing profile repository save failed {
        message: "TypeError: Cannot read properties of undefined (reading 'then')",
        details: "TypeError: Cannot read properties of undefined (reading 'then')\n" +
          '    at FetchInterceptor.<anonymous> 
(C:\\Githhub\\CreditMaster-Pro-app\\node_modules\\@mswjs\\interceptors\\lib\\interceptors\\fetch\\index.js:176:65)\n' +
          '    at step 
(C:\\Githhub\\CreditMaster-Pro-app\\node_modules\\@mswjs\\interceptors\\lib\\interceptors\\fetch\\index.js:59:23)\n' +
          '    at Object.next 
(C:\\Githhub\\CreditMaster-Pro-app\\node_modules\\@mswjs\\interceptors\\lib\\interceptors\\fetch\\index.js:40:53)\n' +
          '    at fulfilled 
(C:\\Githhub\\CreditMaster-Pro-app\\node_modules\\@mswjs\\interceptors\\lib\\interceptors\\fetch\\index.js:31:58)',
        hint: '',
        code: ''
      }

    [0m [90m 116 |[39m       [36mconst[39m { error } [33m=[39m [36mawait[39m 
supabase[33m.[39m[36mfrom[39m([33mTABLE[39m)[33m.[39mupsert(row[33m,[39m { onConflict[33m:[39m [32m'user_id'[39m 
})[33m;[39m
     [90m 117 |[39m       [36mif[39m (error) {
    [31m[1m>[22m[39m[90m 118 |[39m         console[33m.[39mwarn([32m'Billing profile repository save failed'[39m[33m,[39m 
error)[33m;[39m
     [90m     |[39m                 [31m[1m^[22m[39m
     [90m 119 |[39m       }
     [90m 120 |[39m     } [36mcatch[39m (err) {
     [90m 121 |[39m       console[33m.[39mwarn([32m'Billing profile repository save error'[39m[33m,[39m err)[33m;[39m[0m

      at Object.save (src/lib/payment/billing-profile-store.ts:118:17)
      at Object.getProfile (src/lib/payment/billing-profile-store.ts:146:5)
      at Object.<anonymous> (src/lib/payment/__tests__/billing-profile-store.test.ts:15:5)

    console.warn
      [MSW] Warning: captured a request without a matching request handler:
      
        ΓÇó POST https://placeholder.supabase.co/rest/v1/billing_profiles
      
      If you still wish to intercept this unhandled request, please create a request handler for it.
      Read more: https://mswjs.io/docs/getting-started/mocks

      at Object.warn (node_modules/msw/lib/node/index.js:55:11)
      at applyStrategy (node_modules/msw/lib/node/index.js:1391:18)
      at onUnhandledRequest (node_modules/msw/lib/node/index.js:1412:3)
      at handleRequest (node_modules/msw/lib/node/index.js:1444:5)
      at node_modules/msw/lib/node/index.js:1503:25

    console.warn
      Billing profile repository save failed {
        message: "TypeError: Cannot read properties of undefined (reading 'then')",
        details: "TypeError: Cannot read properties of undefined (reading 'then')\n" +
          '    at FetchInterceptor.<anonymous> 
(C:\\Githhub\\CreditMaster-Pro-app\\node_modules\\@mswjs\\interceptors\\lib\\interceptors\\fetch\\index.js:176:65)\n' +
          '    at step 
(C:\\Githhub\\CreditMaster-Pro-app\\node_modules\\@mswjs\\interceptors\\lib\\interceptors\\fetch\\index.js:59:23)\n' +
          '    at Object.next 
(C:\\Githhub\\CreditMaster-Pro-app\\node_modules\\@mswjs\\interceptors\\lib\\interceptors\\fetch\\index.js:40:53)\n' +
          '    at fulfilled 
(C:\\Githhub\\CreditMaster-Pro-app\\node_modules\\@mswjs\\interceptors\\lib\\interceptors\\fetch\\index.js:31:58)',
        hint: '',
        code: ''
      }

    [0m [90m 116 |[39m       [36mconst[39m { error } [33m=[39m [36mawait[39m 
supabase[33m.[39m[36mfrom[39m([33mTABLE[39m)[33m.[39mupsert(row[33m,[39m { onConflict[33m:[39m [32m'user_id'[39m 
})[33m;[39m
     [90m 117 |[39m       [36mif[39m (error) {
    [31m[1m>[22m[39m[90m 118 |[39m         console[33m.[39mwarn([32m'Billing profile repository save failed'[39m[33m,[39m 
error)[33m;[39m
     [90m     |[39m                 [31m[1m^[22m[39m
     [90m 119 |[39m       }
     [90m 120 |[39m     } [36mcatch[39m (err) {
     [90m 121 |[39m       console[33m.[39mwarn([32m'Billing profile repository save error'[39m[33m,[39m err)[33m;[39m[0m

      at Object.save (src/lib/payment/billing-profile-store.ts:118:17)
      at Object.cancelSubscription (src/lib/payment/billing-profile-store.ts:174:5)
      at Object.<anonymous> (src/lib/payment/__tests__/billing-profile-store.test.ts:16:22)

PASS src/app/onboarding/__tests__/onboarding-pages.test.tsx
PASS src/app/api/credit-repair/disputes/__tests__/route.test.ts
  ΓùÅ Console

    console.warn
      Supabase environment variables are not set. Some features may not work.

    [0m [90m 12 |[39m
     [90m 13 |[39m [36mif[39m ([33m![39mprocess[33m.[39menv[33m.[39m[33mNEXT_PUBLIC_SUPABASE_URL[39m [33m||[39m 
[33m![39mprocess[33m.[39menv[33m.[39m[33mNEXT_PUBLIC_SUPABASE_ANON_KEY[39m) {
    [31m[1m>[22m[39m[90m 14 |[39m   console[33m.[39mwarn([32m'Supabase environment variables are not set. Some features may not 
work.'[39m)[33m;[39m
     [90m    |[39m           [31m[1m^[22m[39m
     [90m 15 |[39m }
     [90m 16 |[39m
     [90m 17 |[39m [90m// Create Supabase client[39m[0m

      at Object.<anonymous> (src/lib/supabase.ts:14:11)
      at Object.<anonymous> (src/lib/credit-repair/credit-repair-service.ts:8:1)
      at Object.<anonymous> (src/lib/credit-repair/index.ts:8:1)
      at Object.<anonymous> (src/app/api/credit-repair/disputes/route.ts:19:1)
      at Object.<anonymous> (src/app/api/credit-repair/disputes/__tests__/route.test.ts:32:1)

    console.warn
      Supabase environment variables are not set. Some features may not work.

    [0m [90m 12 |[39m
     [90m 13 |[39m [36mif[39m ([33m![39mprocess[33m.[39menv[33m.[39m[33mNEXT_PUBLIC_SUPABASE_URL[39m [33m||[39m 
[33m![39mprocess[33m.[39menv[33m.[39m[33mNEXT_PUBLIC_SUPABASE_ANON_KEY[39m) {
    [31m[1m>[22m[39m[90m 14 |[39m   console[33m.[39mwarn([32m'Supabase environment variables are not set. Some features may not 
work.'[39m)[33m;[39m
     [90m    |[39m           [31m[1m^[22m[39m
     [90m 15 |[39m }
     [90m 16 |[39m
     [90m 17 |[39m [90m// Create Supabase client[39m[0m

      at Object.<anonymous> (src/lib/supabase.ts:14:11)
      at Object.<anonymous> (src/lib/credit-repair/dispute-service.ts:8:1)
      at Object.<anonymous> (src/lib/credit-repair/index.ts:9:1)
      at Object.<anonymous> (src/app/api/credit-repair/disputes/route.ts:19:1)
      at Object.<anonymous> (src/app/api/credit-repair/disputes/__tests__/route.test.ts:32:1)

PASS src/components/financial/__tests__/AIInsightsPanel.test.tsx
  ΓùÅ Console

    console.error
      An update to AIInsightsPanel inside a test was not wrapped in act(...).
      
      When testing, code that causes React state updates should be wrapped into act(...):
      
      act(() => {
        /* fire events that update state */
      });
      /* assert on the output */
      
      This ensures that you're testing the behavior the user would see in the browser. Learn more at 
https://react.dev/link/wrap-tests-with-act

    [0m [90m 52 |[39m       
     [90m 53 |[39m       [36mconst[39m result [33m=[39m [36mawait[39m response[33m.[39mjson()[33m;[39m
    [31m[1m>[22m[39m[90m 54 |[39m       setData(result[33m.[39mdata)[33m;[39m
     [90m    |[39m       [31m[1m^[22m[39m
     [90m 55 |[39m     } [36mcatch[39m (error) {
     [90m 56 |[39m       console[33m.[39merror([32m'Error fetching AI insights:'[39m[33m,[39m error)[33m;[39m
     [90m 57 |[39m       toast[33m.[39merror([32m'Failed to load AI insights'[39m[33m,[39m [32m'Please try again 
later'[39m)[33m;[39m[0m

      at node_modules/react-dom/cjs/react-dom-client.development.js:18758:19
      at runWithFiberInDEV (node_modules/react-dom/cjs/react-dom-client.development.js:874:13)
      at warnIfUpdatesNotWrappedWithActDEV (node_modules/react-dom/cjs/react-dom-client.development.js:18757:9)
      at scheduleUpdateOnFiber (node_modules/react-dom/cjs/react-dom-client.development.js:16409:11)
      at dispatchSetStateInternal (node_modules/react-dom/cjs/react-dom-client.development.js:9170:13)
      at dispatchSetState (node_modules/react-dom/cjs/react-dom-client.development.js:9127:7)
      at src/components/financial/AIInsightsPanel.tsx:54:7

    console.error
      An update to AIInsightsPanel inside a test was not wrapped in act(...).
      
      When testing, code that causes React state updates should be wrapped into act(...):
      
      act(() => {
        /* fire events that update state */
      });
      /* assert on the output */
      
      This ensures that you're testing the behavior the user would see in the browser. Learn more at 
https://react.dev/link/wrap-tests-with-act

    [0m [90m 57 |[39m       toast[33m.[39merror([32m'Failed to load AI insights'[39m[33m,[39m [32m'Please try again 
later'[39m)[33m;[39m
     [90m 58 |[39m     } [36mfinally[39m {
    [31m[1m>[22m[39m[90m 59 |[39m       setLoading([36mfalse[39m)[33m;[39m
     [90m    |[39m       [31m[1m^[22m[39m
     [90m 60 |[39m     }
     [90m 61 |[39m   }[33m,[39m [user[33m,[39m toast])[33m;[39m
     [90m 62 |[39m[0m

      at node_modules/react-dom/cjs/react-dom-client.development.js:18758:19
      at runWithFiberInDEV (node_modules/react-dom/cjs/react-dom-client.development.js:874:13)
      at warnIfUpdatesNotWrappedWithActDEV (node_modules/react-dom/cjs/react-dom-client.development.js:18757:9)
      at scheduleUpdateOnFiber (node_modules/react-dom/cjs/react-dom-client.development.js:16409:11)
      at dispatchSetStateInternal (node_modules/react-dom/cjs/react-dom-client.development.js:9170:13)
      at dispatchSetState (node_modules/react-dom/cjs/react-dom-client.development.js:9127:7)
      at src/components/financial/AIInsightsPanel.tsx:59:7

    console.error
      Error fetching AI insights: Error: Failed to fetch AI insights
          at C:\Githhub\CreditMaster-Pro-app\src\components\financial\AIInsightsPanel.tsx:50:15

    [0m [90m 54 |[39m       setData(result[33m.[39mdata)[33m;[39m
     [90m 55 |[39m     } [36mcatch[39m (error) {
    [31m[1m>[22m[39m[90m 56 |[39m       console[33m.[39merror([32m'Error fetching AI insights:'[39m[33m,[39m 
error)[33m;[39m
     [90m    |[39m               [31m[1m^[22m[39m
     [90m 57 |[39m       toast[33m.[39merror([32m'Failed to load AI insights'[39m[33m,[39m [32m'Please try again 
later'[39m)[33m;[39m
     [90m 58 |[39m     } [36mfinally[39m {
     [90m 59 |[39m       setLoading([36mfalse[39m)[33m;[39m[0m

      at src/components/financial/AIInsightsPanel.tsx:56:15

PASS src/app/__tests__/page.test.tsx
PASS src/app/api/investments/comprehensive-analysis/__tests__/route.test.ts
  ΓùÅ Console

    console.error
      Comprehensive analysis error: Error: Market data unavailable
          at Object.<anonymous> 
(C:\Githhub\CreditMaster-Pro-app\src\app\api\investments\comprehensive-analysis\__tests__\route.test.ts:272:56)
          at Promise.finally.completed (C:\Githhub\CreditMaster-Pro-app\node_modules\jest-circus\build\jestAdapterInit.js:1557:28)
          at new Promise (<anonymous>)
          at callAsyncCircusFn (C:\Githhub\CreditMaster-Pro-app\node_modules\jest-circus\build\jestAdapterInit.js:1497:10)
          at _callCircusTest (C:\Githhub\CreditMaster-Pro-app\node_modules\jest-circus\build\jestAdapterInit.js:1007:40)
          at processTicksAndRejections (node:internal/process/task_queues:103:5)
          at _runTest (C:\Githhub\CreditMaster-Pro-app\node_modules\jest-circus\build\jestAdapterInit.js:947:3)
          at C:\Githhub\CreditMaster-Pro-app\node_modules\jest-circus\build\jestAdapterInit.js:849:7
          at _runTestsForDescribeBlock (C:\Githhub\CreditMaster-Pro-app\node_modules\jest-circus\build\jestAdapterInit.js:862:11)
          at _runTestsForDescribeBlock (C:\Githhub\CreditMaster-Pro-app\node_modules\jest-circus\build\jestAdapterInit.js:857:11)
          at _runTestsForDescribeBlock (C:\Githhub\CreditMaster-Pro-app\node_modules\jest-circus\build\jestAdapterInit.js:857:11)
          at run (C:\Githhub\CreditMaster-Pro-app\node_modules\jest-circus\build\jestAdapterInit.js:761:3)
          at runAndTransformResultsToJestFormat 
(C:\Githhub\CreditMaster-Pro-app\node_modules\jest-circus\build\jestAdapterInit.js:1918:21)
          at jestAdapter (C:\Githhub\CreditMaster-Pro-app\node_modules\jest-circus\build\runner.js:101:19)
          at runTestInternal (C:\Githhub\CreditMaster-Pro-app\node_modules\jest-runner\build\testWorker.js:275:16)
          at runTest (C:\Githhub\CreditMaster-Pro-app\node_modules\jest-runner\build\testWorker.js:343:7)
          at Object.worker (C:\Githhub\CreditMaster-Pro-app\node_modules\jest-runner\build\testWorker.js:497:12)

    [0m [90m 165 |[39m     })[33m;[39m
     [90m 166 |[39m   } [36mcatch[39m (error) {
    [31m[1m>[22m[39m[90m 167 |[39m     console[33m.[39merror([32m'Comprehensive analysis error:'[39m[33m,[39m 
error)[33m;[39m
     [90m     |[39m             [31m[1m^[22m[39m
     [90m 168 |[39m     [36mreturn[39m [33mNextResponse[39m[33m.[39mjson(
     [90m 169 |[39m       {
     [90m 170 |[39m         success[33m:[39m [36mfalse[39m[33m,[39m[0m

      at POST (src/app/api/investments/comprehensive-analysis/route.ts:167:13)
      at Object.<anonymous> (src/app/api/investments/comprehensive-analysis/__tests__/route.test.ts:278:24)

    console.error
      Comprehensive analysis error: Error: Analysis failed
          at Object.<anonymous> 
(C:\Githhub\CreditMaster-Pro-app\src\app\api\investments\comprehensive-analysis\__tests__\route.test.ts:287:62)
          at Promise.finally.completed (C:\Githhub\CreditMaster-Pro-app\node_modules\jest-circus\build\jestAdapterInit.js:1557:28)
          at new Promise (<anonymous>)
          at callAsyncCircusFn (C:\Githhub\CreditMaster-Pro-app\node_modules\jest-circus\build\jestAdapterInit.js:1497:10)
          at _callCircusTest (C:\Githhub\CreditMaster-Pro-app\node_modules\jest-circus\build\jestAdapterInit.js:1007:40)
          at processTicksAndRejections (node:internal/process/task_queues:103:5)
          at _runTest (C:\Githhub\CreditMaster-Pro-app\node_modules\jest-circus\build\jestAdapterInit.js:947:3)
          at C:\Githhub\CreditMaster-Pro-app\node_modules\jest-circus\build\jestAdapterInit.js:849:7
          at _runTestsForDescribeBlock (C:\Githhub\CreditMaster-Pro-app\node_modules\jest-circus\build\jestAdapterInit.js:862:11)
          at _runTestsForDescribeBlock (C:\Githhub\CreditMaster-Pro-app\node_modules\jest-circus\build\jestAdapterInit.js:857:11)
          at _runTestsForDescribeBlock (C:\Githhub\CreditMaster-Pro-app\node_modules\jest-circus\build\jestAdapterInit.js:857:11)
          at run (C:\Githhub\CreditMaster-Pro-app\node_modules\jest-circus\build\jestAdapterInit.js:761:3)
          at runAndTransformResultsToJestFormat 
(C:\Githhub\CreditMaster-Pro-app\node_modules\jest-circus\build\jestAdapterInit.js:1918:21)
          at jestAdapter (C:\Githhub\CreditMaster-Pro-app\node_modules\jest-circus\build\runner.js:101:19)
          at runTestInternal (C:\Githhub\CreditMaster-Pro-app\node_modules\jest-runner\build\testWorker.js:275:16)
          at runTest (C:\Githhub\CreditMaster-Pro-app\node_modules\jest-runner\build\testWorker.js:343:7)
          at Object.worker (C:\Githhub\CreditMaster-Pro-app\node_modules\jest-runner\build\testWorker.js:497:12)

    [0m [90m 165 |[39m     })[33m;[39m
     [90m 166 |[39m   } [36mcatch[39m (error) {
    [31m[1m>[22m[39m[90m 167 |[39m     console[33m.[39merror([32m'Comprehensive analysis error:'[39m[33m,[39m 
error)[33m;[39m
     [90m     |[39m             [31m[1m^[22m[39m
     [90m 168 |[39m     [36mreturn[39m [33mNextResponse[39m[33m.[39mjson(
     [90m 169 |[39m       {
     [90m 170 |[39m         success[33m:[39m [36mfalse[39m[33m,[39m[0m

      at POST (src/app/api/investments/comprehensive-analysis/route.ts:167:13)
      at Object.<anonymous> (src/app/api/investments/comprehensive-analysis/__tests__/route.test.ts:293:24)

PASS src/app/admin/__tests__/admin-pages.test.tsx
  ΓùÅ Console

    console.warn
      [MSW] Warning: captured a request without a matching request handler:
      
        ΓÇó GET http://localhost/api/admin/metrics
      
      If you still wish to intercept this unhandled request, please create a request handler for it.
      Read more: https://mswjs.io/docs/getting-started/mocks

      at Object.warn (node_modules/msw/lib/node/index.js:55:11)
      at applyStrategy (node_modules/msw/lib/node/index.js:1391:18)
      at onUnhandledRequest (node_modules/msw/lib/node/index.js:1412:3)
      at handleRequest (node_modules/msw/lib/node/index.js:1444:5)
      at node_modules/msw/lib/node/index.js:1503:25

    console.error
      Failed to fetch admin data: TypeError: response.clone is not a function
          at FetchInterceptor.<anonymous> 
(C:\Githhub\CreditMaster-Pro-app\node_modules\@mswjs\interceptors\lib\interceptors\fetch\index.js:181:70)
          at step (C:\Githhub\CreditMaster-Pro-app\node_modules\@mswjs\interceptors\lib\interceptors\fetch\index.js:59:23)
          at Object.next (C:\Githhub\CreditMaster-Pro-app\node_modules\@mswjs\interceptors\lib\interceptors\fetch\index.js:40:53)
          at C:\Githhub\CreditMaster-Pro-app\node_modules\@mswjs\interceptors\lib\interceptors\fetch\index.js:34:71
          at new Promise (<anonymous>)
          at __awaiter (C:\Githhub\CreditMaster-Pro-app\node_modules\@mswjs\interceptors\lib\interceptors\fetch\index.js:30:12)
          at C:\Githhub\CreditMaster-Pro-app\node_modules\@mswjs\interceptors\lib\interceptors\fetch\index.js:176:100

    [0m [90m 70 |[39m         }
     [90m 71 |[39m       } [36mcatch[39m (error) {
    [31m[1m>[22m[39m[90m 72 |[39m         console[33m.[39merror([32m'Failed to fetch admin data:'[39m[33m,[39m 
error)[33m;[39m
     [90m    |[39m                 [31m[1m^[22m[39m
     [90m 73 |[39m       } [36mfinally[39m {
     [90m 74 |[39m         setLoading([36mfalse[39m)[33m;[39m
     [90m 75 |[39m       }[0m

      at fetchData (src/app/admin/page.tsx:72:17)

    console.warn
      [MSW] Warning: captured a request without a matching request handler:
      
        ΓÇó GET http://localhost/api/admin/metrics
      
      If you still wish to intercept this unhandled request, please create a request handler for it.
      Read more: https://mswjs.io/docs/getting-started/mocks

      at Object.warn (node_modules/msw/lib/node/index.js:55:11)
      at applyStrategy (node_modules/msw/lib/node/index.js:1391:18)
      at onUnhandledRequest (node_modules/msw/lib/node/index.js:1412:3)
      at handleRequest (node_modules/msw/lib/node/index.js:1444:5)
      at node_modules/msw/lib/node/index.js:1503:25

    console.warn
      [MSW] Warning: captured a request without a matching request handler:
      
        ΓÇó GET http://localhost/api/admin/metrics
      
      If you still wish to intercept this unhandled request, please create a request handler for it.
      Read more: https://mswjs.io/docs/getting-started/mocks

      at Object.warn (node_modules/msw/lib/node/index.js:55:11)
      at applyStrategy (node_modules/msw/lib/node/index.js:1391:18)
      at onUnhandledRequest (node_modules/msw/lib/node/index.js:1412:3)
      at handleRequest (node_modules/msw/lib/node/index.js:1444:5)
      at node_modules/msw/lib/node/index.js:1503:25

    console.error
      Failed to fetch admin data: TypeError: response.clone is not a function
          at FetchInterceptor.<anonymous> 
(C:\Githhub\CreditMaster-Pro-app\node_modules\@mswjs\interceptors\lib\interceptors\fetch\index.js:181:70)
          at step (C:\Githhub\CreditMaster-Pro-app\node_modules\@mswjs\interceptors\lib\interceptors\fetch\index.js:59:23)
          at Object.next (C:\Githhub\CreditMaster-Pro-app\node_modules\@mswjs\interceptors\lib\interceptors\fetch\index.js:40:53)
          at C:\Githhub\CreditMaster-Pro-app\node_modules\@mswjs\interceptors\lib\interceptors\fetch\index.js:34:71
          at new Promise (<anonymous>)
          at __awaiter (C:\Githhub\CreditMaster-Pro-app\node_modules\@mswjs\interceptors\lib\interceptors\fetch\index.js:30:12)
          at C:\Githhub\CreditMaster-Pro-app\node_modules\@mswjs\interceptors\lib\interceptors\fetch\index.js:176:100
          at runNextTicks (node:internal/process/task_queues:64:5)
          at listOnTimeout (node:internal/timers:567:9)
          at processTimers (node:internal/timers:541:7)

    [0m [90m 70 |[39m         }
     [90m 71 |[39m       } [36mcatch[39m (error) {
    [31m[1m>[22m[39m[90m 72 |[39m         console[33m.[39merror([32m'Failed to fetch admin data:'[39m[33m,[39m 
error)[33m;[39m
     [90m    |[39m                 [31m[1m^[22m[39m
     [90m 73 |[39m       } [36mfinally[39m {
     [90m 74 |[39m         setLoading([36mfalse[39m)[33m;[39m
     [90m 75 |[39m       }[0m

      at fetchData (src/app/admin/page.tsx:72:17)

    console.error
      Failed to fetch admin data: TypeError: response.clone is not a function
          at FetchInterceptor.<anonymous> 
(C:\Githhub\CreditMaster-Pro-app\node_modules\@mswjs\interceptors\lib\interceptors\fetch\index.js:181:70)
          at step (C:\Githhub\CreditMaster-Pro-app\node_modules\@mswjs\interceptors\lib\interceptors\fetch\index.js:59:23)
          at Object.next (C:\Githhub\CreditMaster-Pro-app\node_modules\@mswjs\interceptors\lib\interceptors\fetch\index.js:40:53)
          at C:\Githhub\CreditMaster-Pro-app\node_modules\@mswjs\interceptors\lib\interceptors\fetch\index.js:34:71
          at new Promise (<anonymous>)
          at __awaiter (C:\Githhub\CreditMaster-Pro-app\node_modules\@mswjs\interceptors\lib\interceptors\fetch\index.js:30:12)
          at C:\Githhub\CreditMaster-Pro-app\node_modules\@mswjs\interceptors\lib\interceptors\fetch\index.js:176:100

    [0m [90m 70 |[39m         }
     [90m 71 |[39m       } [36mcatch[39m (error) {
    [31m[1m>[22m[39m[90m 72 |[39m         console[33m.[39merror([32m'Failed to fetch admin data:'[39m[33m,[39m 
error)[33m;[39m
     [90m    |[39m                 [31m[1m^[22m[39m
     [90m 73 |[39m       } [36mfinally[39m {
     [90m 74 |[39m         setLoading([36mfalse[39m)[33m;[39m
     [90m 75 |[39m       }[0m

      at fetchData (src/app/admin/page.tsx:72:17)

PASS src/lib/financial/__tests__/debt-strategy-optimizer.test.ts
  ΓùÅ Console

    console.warn
      Supabase environment variables are not set. Some features may not work.

    [0m [90m 12 |[39m
     [90m 13 |[39m [36mif[39m ([33m![39mprocess[33m.[39menv[33m.[39m[33mNEXT_PUBLIC_SUPABASE_URL[39m [33m||[39m 
[33m![39mprocess[33m.[39menv[33m.[39m[33mNEXT_PUBLIC_SUPABASE_ANON_KEY[39m) {
    [31m[1m>[22m[39m[90m 14 |[39m   console[33m.[39mwarn([32m'Supabase environment variables are not set. Some features may not 
work.'[39m)[33m;[39m
     [90m    |[39m           [31m[1m^[22m[39m
     [90m 15 |[39m }
     [90m 16 |[39m
     [90m 17 |[39m [90m// Create Supabase client[39m[0m

      at Object.<anonymous> (src/lib/supabase.ts:14:11)
      at Object.<anonymous> (src/lib/financial/financial-context-engine.ts:9:1)
      at Object.<anonymous> (src/lib/financial/__tests__/debt-strategy-optimizer.test.ts:14:1)

    console.error
      Failed to get AI insights: Error: AI service unavailable
          at Object.<anonymous> (C:\Githhub\CreditMaster-Pro-app\src\lib\financial\__tests__\debt-strategy-optimizer.test.ts:438:51)
          at Promise.finally.completed (C:\Githhub\CreditMaster-Pro-app\node_modules\jest-circus\build\jestAdapterInit.js:1557:28)
          at new Promise (<anonymous>)
          at callAsyncCircusFn (C:\Githhub\CreditMaster-Pro-app\node_modules\jest-circus\build\jestAdapterInit.js:1497:10)
          at _callCircusTest (C:\Githhub\CreditMaster-Pro-app\node_modules\jest-circus\build\jestAdapterInit.js:1007:40)
          at processTicksAndRejections (node:internal/process/task_queues:103:5)
          at _runTest (C:\Githhub\CreditMaster-Pro-app\node_modules\jest-circus\build\jestAdapterInit.js:947:3)
          at C:\Githhub\CreditMaster-Pro-app\node_modules\jest-circus\build\jestAdapterInit.js:849:7
          at _runTestsForDescribeBlock (C:\Githhub\CreditMaster-Pro-app\node_modules\jest-circus\build\jestAdapterInit.js:862:11)
          at _runTestsForDescribeBlock (C:\Githhub\CreditMaster-Pro-app\node_modules\jest-circus\build\jestAdapterInit.js:857:11)
          at _runTestsForDescribeBlock (C:\Githhub\CreditMaster-Pro-app\node_modules\jest-circus\build\jestAdapterInit.js:857:11)
          at run (C:\Githhub\CreditMaster-Pro-app\node_modules\jest-circus\build\jestAdapterInit.js:761:3)
          at runAndTransformResultsToJestFormat 
(C:\Githhub\CreditMaster-Pro-app\node_modules\jest-circus\build\jestAdapterInit.js:1918:21)
          at jestAdapter (C:\Githhub\CreditMaster-Pro-app\node_modules\jest-circus\build\runner.js:101:19)
          at runTestInternal (C:\Githhub\CreditMaster-Pro-app\node_modules\jest-runner\build\testWorker.js:275:16)
          at runTest (C:\Githhub\CreditMaster-Pro-app\node_modules\jest-runner\build\testWorker.js:343:7)
          at Object.worker (C:\Githhub\CreditMaster-Pro-app\node_modules\jest-runner\build\testWorker.js:497:12)

    [0m [90m 322 |[39m       [36mreturn[39m [36mthis[39m[33m.[39mparseAIInsights(content)[33m;[39m
     [90m 323 |[39m     } [36mcatch[39m (error) {
    [31m[1m>[22m[39m[90m 324 |[39m       console[33m.[39merror([32m'Failed to get AI insights:'[39m[33m,[39m 
error)[33m;[39m
     [90m     |[39m               [31m[1m^[22m[39m
     [90m 325 |[39m       [36mreturn[39m {
     [90m 326 |[39m         reasoning[33m:[39m
     [90m 327 |[39m           [32m'Using hybrid approach to balance interest savings and psychological wins.'[39m[33m,[39m[0m

      at DebtStrategyOptimizer.getAIOptimizationInsights (src/lib/financial/debt-strategy-optimizer.ts:324:15)
      at DebtStrategyOptimizer.calculateAIOptimized (src/lib/financial/debt-strategy-optimizer.ts:117:26)
      at Object.<anonymous> (src/lib/financial/__tests__/debt-strategy-optimizer.test.ts:440:22)

PASS src/app/api/credit-repair/negotiate/[id]/__tests__/route.test.ts
  ΓùÅ Console

    console.error
      Error updating negotiation: Error: Database error
          at Object.<anonymous> (C:\Githhub\CreditMaster-Pro-app\src\app\api\credit-repair\negotiate\[id]\__tests__\route.test.ts:184:9)
          at Promise.finally.completed (C:\Githhub\CreditMaster-Pro-app\node_modules\jest-circus\build\jestAdapterInit.js:1557:28)
          at new Promise (<anonymous>)
          at callAsyncCircusFn (C:\Githhub\CreditMaster-Pro-app\node_modules\jest-circus\build\jestAdapterInit.js:1497:10)
          at _callCircusTest (C:\Githhub\CreditMaster-Pro-app\node_modules\jest-circus\build\jestAdapterInit.js:1007:40)
          at processTicksAndRejections (node:internal/process/task_queues:103:5)
          at _runTest (C:\Githhub\CreditMaster-Pro-app\node_modules\jest-circus\build\jestAdapterInit.js:947:3)
          at C:\Githhub\CreditMaster-Pro-app\node_modules\jest-circus\build\jestAdapterInit.js:849:7
          at _runTestsForDescribeBlock (C:\Githhub\CreditMaster-Pro-app\node_modules\jest-circus\build\jestAdapterInit.js:862:11)
          at _runTestsForDescribeBlock (C:\Githhub\CreditMaster-Pro-app\node_modules\jest-circus\build\jestAdapterInit.js:857:11)
          at _runTestsForDescribeBlock (C:\Githhub\CreditMaster-Pro-app\node_modules\jest-circus\build\jestAdapterInit.js:857:11)
          at run (C:\Githhub\CreditMaster-Pro-app\node_modules\jest-circus\build\jestAdapterInit.js:761:3)
          at runAndTransformResultsToJestFormat 
(C:\Githhub\CreditMaster-Pro-app\node_modules\jest-circus\build\jestAdapterInit.js:1918:21)
          at jestAdapter (C:\Githhub\CreditMaster-Pro-app\node_modules\jest-circus\build\runner.js:101:19)
          at runTestInternal (C:\Githhub\CreditMaster-Pro-app\node_modules\jest-runner\build\testWorker.js:275:16)
          at runTest (C:\Githhub\CreditMaster-Pro-app\node_modules\jest-runner\build\testWorker.js:343:7)
          at Object.worker (C:\Githhub\CreditMaster-Pro-app\node_modules\jest-runner\build\testWorker.js:497:12)

    [0m [90m 170 |[39m     })[33m;[39m
     [90m 171 |[39m   } [36mcatch[39m (error) {
    [31m[1m>[22m[39m[90m 172 |[39m     console[33m.[39merror([32m'Error updating negotiation:'[39m[33m,[39m error)[33m;[39m
     [90m     |[39m             [31m[1m^[22m[39m
     [90m 173 |[39m
     [90m 174 |[39m     [36mreturn[39m [33mNextResponse[39m[33m.[39mjson(
     [90m 175 |[39m       { error[33m:[39m [32m'Failed to update negotiation'[39m }[33m,[39m[0m

      at PUT (src/app/api/credit-repair/negotiate/[id]/route.ts:172:13)
      at Object.<anonymous> (src/app/api/credit-repair/negotiate/[id]/__tests__/route.test.ts:191:24)

PASS src/app/login/__tests__/page.test.tsx
PASS src/lib/financial/__tests__/smart-insights-engine.test.ts
  ΓùÅ Console

    console.warn
      Supabase environment variables are not set. Some features may not work.

    [0m [90m 12 |[39m
     [90m 13 |[39m [36mif[39m ([33m![39mprocess[33m.[39menv[33m.[39m[33mNEXT_PUBLIC_SUPABASE_URL[39m [33m||[39m 
[33m![39mprocess[33m.[39menv[33m.[39m[33mNEXT_PUBLIC_SUPABASE_ANON_KEY[39m) {
    [31m[1m>[22m[39m[90m 14 |[39m   console[33m.[39mwarn([32m'Supabase environment variables are not set. Some features may not 
work.'[39m)[33m;[39m
     [90m    |[39m           [31m[1m^[22m[39m
     [90m 15 |[39m }
     [90m 16 |[39m
     [90m 17 |[39m [90m// Create Supabase client[39m[0m

      at Object.<anonymous> (src/lib/supabase.ts:14:11)
      at Object.<anonymous> (src/lib/financial/financial-context-engine.ts:9:1)
      at Object.<anonymous> (src/lib/financial/smart-insights-engine.ts:32:1)
      at Object.<anonymous> (src/lib/financial/__tests__/smart-insights-engine.test.ts:8:1)

PASS src/components/__tests__/DisputeWizard.test.tsx
PASS src/lib/financial/__tests__/goal-planner.test.ts
  ΓùÅ Console

    console.warn
      Supabase environment variables are not set. Some features may not work.

    [0m [90m 12 |[39m
     [90m 13 |[39m [36mif[39m ([33m![39mprocess[33m.[39menv[33m.[39m[33mNEXT_PUBLIC_SUPABASE_URL[39m [33m||[39m 
[33m![39mprocess[33m.[39menv[33m.[39m[33mNEXT_PUBLIC_SUPABASE_ANON_KEY[39m) {
    [31m[1m>[22m[39m[90m 14 |[39m   console[33m.[39mwarn([32m'Supabase environment variables are not set. Some features may not 
work.'[39m)[33m;[39m
     [90m    |[39m           [31m[1m^[22m[39m
     [90m 15 |[39m }
     [90m 16 |[39m
     [90m 17 |[39m [90m// Create Supabase client[39m[0m

      at Object.<anonymous> (src/lib/supabase.ts:14:11)
      at Object.<anonymous> (src/lib/financial/financial-context-engine.ts:9:1)
      at Object.<anonymous> (src/lib/financial/goal-planner.ts:14:1)
      at Object.<anonymous> (src/lib/financial/__tests__/goal-planner.test.ts:7:1)

PASS src/app/api/financial/budgets/[id]/__tests__/route.test.ts
  ΓùÅ Console

    console.warn
      Supabase environment variables are not set. Some features may not work.

    [0m [90m 12 |[39m
     [90m 13 |[39m [36mif[39m ([33m![39mprocess[33m.[39menv[33m.[39m[33mNEXT_PUBLIC_SUPABASE_URL[39m [33m||[39m 
[33m![39mprocess[33m.[39menv[33m.[39m[33mNEXT_PUBLIC_SUPABASE_ANON_KEY[39m) {
    [31m[1m>[22m[39m[90m 14 |[39m   console[33m.[39mwarn([32m'Supabase environment variables are not set. Some features may not 
work.'[39m)[33m;[39m
     [90m    |[39m           [31m[1m^[22m[39m
     [90m 15 |[39m }
     [90m 16 |[39m
     [90m 17 |[39m [90m// Create Supabase client[39m[0m

      at Object.<anonymous> (src/lib/supabase.ts:14:11)
      at Object.<anonymous> (src/lib/financial/budget-service.ts:8:1)
      at Object.<anonymous> (src/app/api/financial/budgets/[id]/route.ts:10:1)
      at Object.<anonymous> (src/app/api/financial/budgets/[id]/__tests__/route.test.ts:22:1)

PASS src/lib/investments/__tests__/signal-generator.test.ts
  ΓùÅ Console

    console.error
      GPT model error: Error: Model 2 failed
          at Object.<anonymous> (C:\Githhub\CreditMaster-Pro-app\src\lib\investments\__tests__\signal-generator.test.ts:692:32)
          at Promise.finally.completed (C:\Githhub\CreditMaster-Pro-app\node_modules\jest-circus\build\jestAdapterInit.js:1557:28)
          at new Promise (<anonymous>)
          at callAsyncCircusFn (C:\Githhub\CreditMaster-Pro-app\node_modules\jest-circus\build\jestAdapterInit.js:1497:10)
          at _callCircusTest (C:\Githhub\CreditMaster-Pro-app\node_modules\jest-circus\build\jestAdapterInit.js:1007:40)
          at processTicksAndRejections (node:internal/process/task_queues:103:5)
          at _runTest (C:\Githhub\CreditMaster-Pro-app\node_modules\jest-circus\build\jestAdapterInit.js:947:3)
          at C:\Githhub\CreditMaster-Pro-app\node_modules\jest-circus\build\jestAdapterInit.js:849:7
          at _runTestsForDescribeBlock (C:\Githhub\CreditMaster-Pro-app\node_modules\jest-circus\build\jestAdapterInit.js:862:11)
          at _runTestsForDescribeBlock (C:\Githhub\CreditMaster-Pro-app\node_modules\jest-circus\build\jestAdapterInit.js:857:11)
          at _runTestsForDescribeBlock (C:\Githhub\CreditMaster-Pro-app\node_modules\jest-circus\build\jestAdapterInit.js:857:11)
          at run (C:\Githhub\CreditMaster-Pro-app\node_modules\jest-circus\build\jestAdapterInit.js:761:3)
          at runAndTransformResultsToJestFormat 
(C:\Githhub\CreditMaster-Pro-app\node_modules\jest-circus\build\jestAdapterInit.js:1918:21)
          at jestAdapter (C:\Githhub\CreditMaster-Pro-app\node_modules\jest-circus\build\runner.js:101:19)
          at runTestInternal (C:\Githhub\CreditMaster-Pro-app\node_modules\jest-runner\build\testWorker.js:275:16)
          at runTest (C:\Githhub\CreditMaster-Pro-app\node_modules\jest-runner\build\testWorker.js:343:7)
          at Object.worker (C:\Githhub\CreditMaster-Pro-app\node_modules\jest-runner\build\testWorker.js:497:12)

    [0m [90m 231 |[39m       insights[33m.[39mpush([32m`GPT-4o: ${gptResponse.reasoning}`[39m)[33m;[39m
     [90m 232 |[39m     } [36mcatch[39m (error) {
    [31m[1m>[22m[39m[90m 233 |[39m       console[33m.[39merror([32m'GPT model error:'[39m[33m,[39m error)[33m;[39m
     [90m     |[39m               [31m[1m^[22m[39m
     [90m 234 |[39m     }
     [90m 235 |[39m
     [90m 236 |[39m     [36mtry[39m {[0m

      at SignalGenerator.generateMultiModelConsensus (src/lib/investments/signal-generator.ts:233:15)
      at SignalGenerator.generateSignal (src/lib/investments/signal-generator.ts:105:23)
      at Object.<anonymous> (src/lib/investments/__tests__/signal-generator.test.ts:705:22)

PASS src/app/api/investments/portfolio-analysis/__tests__/route.test.ts
  ΓùÅ Console

    console.error
      Error fetching data for AAPL: Error: Market data unavailable
          at Object.<anonymous> 
(C:\Githhub\CreditMaster-Pro-app\src\app\api\investments\portfolio-analysis\__tests__\route.test.ts:274:56)
          at Promise.finally.completed (C:\Githhub\CreditMaster-Pro-app\node_modules\jest-circus\build\jestAdapterInit.js:1557:28)
          at new Promise (<anonymous>)
          at callAsyncCircusFn (C:\Githhub\CreditMaster-Pro-app\node_modules\jest-circus\build\jestAdapterInit.js:1497:10)
          at _callCircusTest (C:\Githhub\CreditMaster-Pro-app\node_modules\jest-circus\build\jestAdapterInit.js:1007:40)
          at processTicksAndRejections (node:internal/process/task_queues:103:5)
          at _runTest (C:\Githhub\CreditMaster-Pro-app\node_modules\jest-circus\build\jestAdapterInit.js:947:3)
          at C:\Githhub\CreditMaster-Pro-app\node_modules\jest-circus\build\jestAdapterInit.js:849:7
          at _runTestsForDescribeBlock (C:\Githhub\CreditMaster-Pro-app\node_modules\jest-circus\build\jestAdapterInit.js:862:11)
          at _runTestsForDescribeBlock (C:\Githhub\CreditMaster-Pro-app\node_modules\jest-circus\build\jestAdapterInit.js:857:11)
          at _runTestsForDescribeBlock (C:\Githhub\CreditMaster-Pro-app\node_modules\jest-circus\build\jestAdapterInit.js:857:11)
          at run (C:\Githhub\CreditMaster-Pro-app\node_modules\jest-circus\build\jestAdapterInit.js:761:3)
          at runAndTransformResultsToJestFormat 
(C:\Githhub\CreditMaster-Pro-app\node_modules\jest-circus\build\jestAdapterInit.js:1918:21)
          at jestAdapter (C:\Githhub\CreditMaster-Pro-app\node_modules\jest-circus\build\runner.js:101:19)
          at runTestInternal (C:\Githhub\CreditMaster-Pro-app\node_modules\jest-runner\build\testWorker.js:275:16)
          at runTest (C:\Githhub\CreditMaster-Pro-app\node_modules\jest-runner\build\testWorker.js:343:7)
          at Object.worker (C:\Githhub\CreditMaster-Pro-app\node_modules\jest-runner\build\testWorker.js:497:12)

    [0m [90m 138 |[39m         })[33m;[39m
     [90m 139 |[39m       } [36mcatch[39m (error) {
    [31m[1m>[22m[39m[90m 140 |[39m         console[33m.[39merror([32m`Error fetching data for 
${holding.symbol}:`[39m[33m,[39m error)[33m;[39m
     [90m     |[39m                 [31m[1m^[22m[39m
     [90m 141 |[39m         [90m// Continue with other holdings[39m
     [90m 142 |[39m         updatedHoldings[33m.[39mpush({
     [90m 143 |[39m           symbol[33m:[39m holding[33m.[39msymbol[33m,[39m[0m

      at POST (src/app/api/investments/portfolio-analysis/route.ts:140:17)
      at Object.<anonymous> (src/app/api/investments/portfolio-analysis/__tests__/route.test.ts:281:24)

    console.error
      Error fetching data for MSFT: Error: Market data unavailable
          at Object.<anonymous> 
(C:\Githhub\CreditMaster-Pro-app\src\app\api\investments\portfolio-analysis\__tests__\route.test.ts:274:56)
          at Promise.finally.completed (C:\Githhub\CreditMaster-Pro-app\node_modules\jest-circus\build\jestAdapterInit.js:1557:28)
          at new Promise (<anonymous>)
          at callAsyncCircusFn (C:\Githhub\CreditMaster-Pro-app\node_modules\jest-circus\build\jestAdapterInit.js:1497:10)
          at _callCircusTest (C:\Githhub\CreditMaster-Pro-app\node_modules\jest-circus\build\jestAdapterInit.js:1007:40)
          at processTicksAndRejections (node:internal/process/task_queues:103:5)
          at _runTest (C:\Githhub\CreditMaster-Pro-app\node_modules\jest-circus\build\jestAdapterInit.js:947:3)
          at C:\Githhub\CreditMaster-Pro-app\node_modules\jest-circus\build\jestAdapterInit.js:849:7
          at _runTestsForDescribeBlock (C:\Githhub\CreditMaster-Pro-app\node_modules\jest-circus\build\jestAdapterInit.js:862:11)
          at _runTestsForDescribeBlock (C:\Githhub\CreditMaster-Pro-app\node_modules\jest-circus\build\jestAdapterInit.js:857:11)
          at _runTestsForDescribeBlock (C:\Githhub\CreditMaster-Pro-app\node_modules\jest-circus\build\jestAdapterInit.js:857:11)
          at run (C:\Githhub\CreditMaster-Pro-app\node_modules\jest-circus\build\jestAdapterInit.js:761:3)
          at runAndTransformResultsToJestFormat 
(C:\Githhub\CreditMaster-Pro-app\node_modules\jest-circus\build\jestAdapterInit.js:1918:21)
          at jestAdapter (C:\Githhub\CreditMaster-Pro-app\node_modules\jest-circus\build\runner.js:101:19)
          at runTestInternal (C:\Githhub\CreditMaster-Pro-app\node_modules\jest-runner\build\testWorker.js:275:16)
          at runTest (C:\Githhub\CreditMaster-Pro-app\node_modules\jest-runner\build\testWorker.js:343:7)
          at Object.worker (C:\Githhub\CreditMaster-Pro-app\node_modules\jest-runner\build\testWorker.js:497:12)

    [0m [90m 138 |[39m         })[33m;[39m
     [90m 139 |[39m       } [36mcatch[39m (error) {
    [31m[1m>[22m[39m[90m 140 |[39m         console[33m.[39merror([32m`Error fetching data for 
${holding.symbol}:`[39m[33m,[39m error)[33m;[39m
     [90m     |[39m                 [31m[1m^[22m[39m
     [90m 141 |[39m         [90m// Continue with other holdings[39m
     [90m 142 |[39m         updatedHoldings[33m.[39mpush({
     [90m 143 |[39m           symbol[33m:[39m holding[33m.[39msymbol[33m,[39m[0m

      at POST (src/app/api/investments/portfolio-analysis/route.ts:140:17)
      at Object.<anonymous> (src/app/api/investments/portfolio-analysis/__tests__/route.test.ts:281:24)

    console.error
      Portfolio analysis error: Error: Analysis failed
          at Object.<anonymous> 
(C:\Githhub\CreditMaster-Pro-app\src\app\api\investments\portfolio-analysis\__tests__\route.test.ts:290:61)
          at Promise.finally.completed (C:\Githhub\CreditMaster-Pro-app\node_modules\jest-circus\build\jestAdapterInit.js:1557:28)
          at new Promise (<anonymous>)
          at callAsyncCircusFn (C:\Githhub\CreditMaster-Pro-app\node_modules\jest-circus\build\jestAdapterInit.js:1497:10)
          at _callCircusTest (C:\Githhub\CreditMaster-Pro-app\node_modules\jest-circus\build\jestAdapterInit.js:1007:40)
          at processTicksAndRejections (node:internal/process/task_queues:103:5)
          at _runTest (C:\Githhub\CreditMaster-Pro-app\node_modules\jest-circus\build\jestAdapterInit.js:947:3)
          at C:\Githhub\CreditMaster-Pro-app\node_modules\jest-circus\build\jestAdapterInit.js:849:7
          at _runTestsForDescribeBlock (C:\Githhub\CreditMaster-Pro-app\node_modules\jest-circus\build\jestAdapterInit.js:862:11)
          at _runTestsForDescribeBlock (C:\Githhub\CreditMaster-Pro-app\node_modules\jest-circus\build\jestAdapterInit.js:857:11)
          at _runTestsForDescribeBlock (C:\Githhub\CreditMaster-Pro-app\node_modules\jest-circus\build\jestAdapterInit.js:857:11)
          at run (C:\Githhub\CreditMaster-Pro-app\node_modules\jest-circus\build\jestAdapterInit.js:761:3)
          at runAndTransformResultsToJestFormat 
(C:\Githhub\CreditMaster-Pro-app\node_modules\jest-circus\build\jestAdapterInit.js:1918:21)
          at jestAdapter (C:\Githhub\CreditMaster-Pro-app\node_modules\jest-circus\build\runner.js:101:19)
          at runTestInternal (C:\Githhub\CreditMaster-Pro-app\node_modules\jest-runner\build\testWorker.js:275:16)
          at runTest (C:\Githhub\CreditMaster-Pro-app\node_modules\jest-runner\build\testWorker.js:343:7)
          at Object.worker (C:\Githhub\CreditMaster-Pro-app\node_modules\jest-runner\build\testWorker.js:497:12)

    [0m [90m 204 |[39m     })[33m;[39m
     [90m 205 |[39m   } [36mcatch[39m (error) {
    [31m[1m>[22m[39m[90m 206 |[39m     console[33m.[39merror([32m'Portfolio analysis error:'[39m[33m,[39m error)[33m;[39m
     [90m     |[39m             [31m[1m^[22m[39m
     [90m 207 |[39m     [36mreturn[39m [33mNextResponse[39m[33m.[39mjson(
     [90m 208 |[39m       {
     [90m 209 |[39m         success[33m:[39m [36mfalse[39m[33m,[39m[0m

      at POST (src/app/api/investments/portfolio-analysis/route.ts:206:13)
      at Object.<anonymous> (src/app/api/investments/portfolio-analysis/__tests__/route.test.ts:296:24)

PASS src/lib/documents/__tests__/document-service.test.ts
(node:80168) Warning: `--localstorage-file` was provided without a valid path
(Use `node --trace-warnings ...` to show where the warning was created)
PASS src/lib/__tests__/data-validation.test.ts
PASS src/components/__tests__/ModelMonitoring.test.tsx
(node:63692) Warning: `--localstorage-file` was provided without a valid path
(Use `node --trace-warnings ...` to show where the warning was created)
PASS src/lib/__tests__/payment-service.test.ts
PASS src/app/api/credit-repair/cards/[id]/__tests__/route.test.ts
  ΓùÅ Console

    console.error
      Error getting credit card: Error: Database error
          at Object.<anonymous> (C:\Githhub\CreditMaster-Pro-app\src\app\api\credit-repair\cards\[id]\__tests__\route.test.ts:119:9)
          at Promise.finally.completed (C:\Githhub\CreditMaster-Pro-app\node_modules\jest-circus\build\jestAdapterInit.js:1557:28)
          at new Promise (<anonymous>)
          at callAsyncCircusFn (C:\Githhub\CreditMaster-Pro-app\node_modules\jest-circus\build\jestAdapterInit.js:1497:10)
          at _callCircusTest (C:\Githhub\CreditMaster-Pro-app\node_modules\jest-circus\build\jestAdapterInit.js:1007:40)
          at processTicksAndRejections (node:internal/process/task_queues:103:5)
          at _runTest (C:\Githhub\CreditMaster-Pro-app\node_modules\jest-circus\build\jestAdapterInit.js:947:3)
          at C:\Githhub\CreditMaster-Pro-app\node_modules\jest-circus\build\jestAdapterInit.js:849:7
          at _runTestsForDescribeBlock (C:\Githhub\CreditMaster-Pro-app\node_modules\jest-circus\build\jestAdapterInit.js:862:11)
          at _runTestsForDescribeBlock (C:\Githhub\CreditMaster-Pro-app\node_modules\jest-circus\build\jestAdapterInit.js:857:11)
          at _runTestsForDescribeBlock (C:\Githhub\CreditMaster-Pro-app\node_modules\jest-circus\build\jestAdapterInit.js:857:11)
          at run (C:\Githhub\CreditMaster-Pro-app\node_modules\jest-circus\build\jestAdapterInit.js:761:3)
          at runAndTransformResultsToJestFormat 
(C:\Githhub\CreditMaster-Pro-app\node_modules\jest-circus\build\jestAdapterInit.js:1918:21)
          at jestAdapter (C:\Githhub\CreditMaster-Pro-app\node_modules\jest-circus\build\runner.js:101:19)
          at runTestInternal (C:\Githhub\CreditMaster-Pro-app\node_modules\jest-runner\build\testWorker.js:275:16)
          at runTest (C:\Githhub\CreditMaster-Pro-app\node_modules\jest-runner\build\testWorker.js:343:7)
          at Object.worker (C:\Githhub\CreditMaster-Pro-app\node_modules\jest-runner\build\testWorker.js:497:12)

    [0m [90m 73 |[39m     })[33m;[39m
     [90m 74 |[39m   } [36mcatch[39m (error) {
    [31m[1m>[22m[39m[90m 75 |[39m     console[33m.[39merror([32m'Error getting credit card:'[39m[33m,[39m error)[33m;[39m
     [90m    |[39m             [31m[1m^[22m[39m
     [90m 76 |[39m
     [90m 77 |[39m     [36mreturn[39m [33mNextResponse[39m[33m.[39mjson(
     [90m 78 |[39m       { error[33m:[39m [32m'Failed to get credit card'[39m }[33m,[39m[0m

      at GET (src/app/api/credit-repair/cards/[id]/route.ts:75:13)
      at Object.<anonymous> (src/app/api/credit-repair/cards/[id]/__tests__/route.test.ts:123:24)

    console.error
      Error updating credit card: Error: Database error
          at Object.<anonymous> (C:\Githhub\CreditMaster-Pro-app\src\app\api\credit-repair\cards\[id]\__tests__\route.test.ts:247:9)
          at Promise.finally.completed (C:\Githhub\CreditMaster-Pro-app\node_modules\jest-circus\build\jestAdapterInit.js:1557:28)
          at new Promise (<anonymous>)
          at callAsyncCircusFn (C:\Githhub\CreditMaster-Pro-app\node_modules\jest-circus\build\jestAdapterInit.js:1497:10)
          at _callCircusTest (C:\Githhub\CreditMaster-Pro-app\node_modules\jest-circus\build\jestAdapterInit.js:1007:40)
          at processTicksAndRejections (node:internal/process/task_queues:103:5)
          at _runTest (C:\Githhub\CreditMaster-Pro-app\node_modules\jest-circus\build\jestAdapterInit.js:947:3)
          at C:\Githhub\CreditMaster-Pro-app\node_modules\jest-circus\build\jestAdapterInit.js:849:7
          at _runTestsForDescribeBlock (C:\Githhub\CreditMaster-Pro-app\node_modules\jest-circus\build\jestAdapterInit.js:862:11)
          at _runTestsForDescribeBlock (C:\Githhub\CreditMaster-Pro-app\node_modules\jest-circus\build\jestAdapterInit.js:857:11)
          at _runTestsForDescribeBlock (C:\Githhub\CreditMaster-Pro-app\node_modules\jest-circus\build\jestAdapterInit.js:857:11)
          at run (C:\Githhub\CreditMaster-Pro-app\node_modules\jest-circus\build\jestAdapterInit.js:761:3)
          at runAndTransformResultsToJestFormat 
(C:\Githhub\CreditMaster-Pro-app\node_modules\jest-circus\build\jestAdapterInit.js:1918:21)
          at jestAdapter (C:\Githhub\CreditMaster-Pro-app\node_modules\jest-circus\build\runner.js:101:19)
          at runTestInternal (C:\Githhub\CreditMaster-Pro-app\node_modules\jest-runner\build\testWorker.js:275:16)
          at runTest (C:\Githhub\CreditMaster-Pro-app\node_modules\jest-runner\build\testWorker.js:343:7)
          at Object.worker (C:\Githhub\CreditMaster-Pro-app\node_modules\jest-runner\build\testWorker.js:497:12)

    [0m [90m 180 |[39m     })[33m;[39m
     [90m 181 |[39m   } [36mcatch[39m (error) {
    [31m[1m>[22m[39m[90m 182 |[39m     console[33m.[39merror([32m'Error updating credit card:'[39m[33m,[39m error)[33m;[39m
     [90m     |[39m             [31m[1m^[22m[39m
     [90m 183 |[39m
     [90m 184 |[39m     [36mreturn[39m [33mNextResponse[39m[33m.[39mjson(
     [90m 185 |[39m       { error[33m:[39m [32m'Failed to update credit card'[39m }[33m,[39m[0m

      at PUT (src/app/api/credit-repair/cards/[id]/route.ts:182:13)
      at Object.<anonymous> (src/app/api/credit-repair/cards/[id]/__tests__/route.test.ts:254:24)

    console.error
      Error deleting credit card: Error: Database error
          at Object.<anonymous> (C:\Githhub\CreditMaster-Pro-app\src\app\api\credit-repair\cards\[id]\__tests__\route.test.ts:316:9)
          at Promise.finally.completed (C:\Githhub\CreditMaster-Pro-app\node_modules\jest-circus\build\jestAdapterInit.js:1557:28)
          at new Promise (<anonymous>)
          at callAsyncCircusFn (C:\Githhub\CreditMaster-Pro-app\node_modules\jest-circus\build\jestAdapterInit.js:1497:10)
          at _callCircusTest (C:\Githhub\CreditMaster-Pro-app\node_modules\jest-circus\build\jestAdapterInit.js:1007:40)
          at processTicksAndRejections (node:internal/process/task_queues:103:5)
          at _runTest (C:\Githhub\CreditMaster-Pro-app\node_modules\jest-circus\build\jestAdapterInit.js:947:3)
          at C:\Githhub\CreditMaster-Pro-app\node_modules\jest-circus\build\jestAdapterInit.js:849:7
          at _runTestsForDescribeBlock (C:\Githhub\CreditMaster-Pro-app\node_modules\jest-circus\build\jestAdapterInit.js:862:11)
          at _runTestsForDescribeBlock (C:\Githhub\CreditMaster-Pro-app\node_modules\jest-circus\build\jestAdapterInit.js:857:11)
          at _runTestsForDescribeBlock (C:\Githhub\CreditMaster-Pro-app\node_modules\jest-circus\build\jestAdapterInit.js:857:11)
          at run (C:\Githhub\CreditMaster-Pro-app\node_modules\jest-circus\build\jestAdapterInit.js:761:3)
          at runAndTransformResultsToJestFormat 
(C:\Githhub\CreditMaster-Pro-app\node_modules\jest-circus\build\jestAdapterInit.js:1918:21)
          at jestAdapter (C:\Githhub\CreditMaster-Pro-app\node_modules\jest-circus\build\runner.js:101:19)
          at runTestInternal (C:\Githhub\CreditMaster-Pro-app\node_modules\jest-runner\build\testWorker.js:275:16)
          at runTest (C:\Githhub\CreditMaster-Pro-app\node_modules\jest-runner\build\testWorker.js:343:7)
          at Object.worker (C:\Githhub\CreditMaster-Pro-app\node_modules\jest-runner\build\testWorker.js:497:12)

    [0m [90m 232 |[39m     })[33m;[39m
     [90m 233 |[39m   } [36mcatch[39m (error) {
    [31m[1m>[22m[39m[90m 234 |[39m     console[33m.[39merror([32m'Error deleting credit card:'[39m[33m,[39m error)[33m;[39m
     [90m     |[39m             [31m[1m^[22m[39m
     [90m 235 |[39m
     [90m 236 |[39m     [36mreturn[39m [33mNextResponse[39m[33m.[39mjson(
     [90m 237 |[39m       { error[33m:[39m [32m'Failed to delete credit card'[39m }[33m,[39m[0m

      at DELETE (src/app/api/credit-repair/cards/[id]/route.ts:234:13)
      at Object.<anonymous> (src/app/api/credit-repair/cards/[id]/__tests__/route.test.ts:322:24)

(node:57496) Warning: `--localstorage-file` was provided without a valid path
(Use `node --trace-warnings ...` to show where the warning was created)
PASS src/app/api/marketplace/__tests__/disputes.test.ts
PASS src/lib/investments/services/__tests__/SentimentAnalysisService.test.ts
PASS src/app/api/credit-repair/cards/__tests__/route.test.ts
  ΓùÅ Console

    console.error
      Error adding credit card: Error: Database error
          at Object.<anonymous> (C:\Githhub\CreditMaster-Pro-app\src\app\api\credit-repair\cards\__tests__\route.test.ts:292:9)
          at Promise.finally.completed (C:\Githhub\CreditMaster-Pro-app\node_modules\jest-circus\build\jestAdapterInit.js:1557:28)
          at new Promise (<anonymous>)
          at callAsyncCircusFn (C:\Githhub\CreditMaster-Pro-app\node_modules\jest-circus\build\jestAdapterInit.js:1497:10)
          at _callCircusTest (C:\Githhub\CreditMaster-Pro-app\node_modules\jest-circus\build\jestAdapterInit.js:1007:40)
          at processTicksAndRejections (node:internal/process/task_queues:103:5)
          at _runTest (C:\Githhub\CreditMaster-Pro-app\node_modules\jest-circus\build\jestAdapterInit.js:947:3)
          at C:\Githhub\CreditMaster-Pro-app\node_modules\jest-circus\build\jestAdapterInit.js:849:7
          at _runTestsForDescribeBlock (C:\Githhub\CreditMaster-Pro-app\node_modules\jest-circus\build\jestAdapterInit.js:862:11)
          at _runTestsForDescribeBlock (C:\Githhub\CreditMaster-Pro-app\node_modules\jest-circus\build\jestAdapterInit.js:857:11)
          at _runTestsForDescribeBlock (C:\Githhub\CreditMaster-Pro-app\node_modules\jest-circus\build\jestAdapterInit.js:857:11)
          at run (C:\Githhub\CreditMaster-Pro-app\node_modules\jest-circus\build\jestAdapterInit.js:761:3)
          at runAndTransformResultsToJestFormat 
(C:\Githhub\CreditMaster-Pro-app\node_modules\jest-circus\build\jestAdapterInit.js:1918:21)
          at jestAdapter (C:\Githhub\CreditMaster-Pro-app\node_modules\jest-circus\build\runner.js:101:19)
          at runTestInternal (C:\Githhub\CreditMaster-Pro-app\node_modules\jest-runner\build\testWorker.js:275:16)
          at runTest (C:\Githhub\CreditMaster-Pro-app\node_modules\jest-runner\build\testWorker.js:343:7)
          at Object.worker (C:\Githhub\CreditMaster-Pro-app\node_modules\jest-runner\build\testWorker.js:497:12)

    [0m [90m 189 |[39m     }[33m,[39m { status[33m:[39m [35m201[39m })[33m;[39m
     [90m 190 |[39m   } [36mcatch[39m (error) {
    [31m[1m>[22m[39m[90m 191 |[39m     console[33m.[39merror([32m'Error adding credit card:'[39m[33m,[39m error)[33m;[39m
     [90m     |[39m             [31m[1m^[22m[39m
     [90m 192 |[39m
     [90m 193 |[39m     [90m// Audit log error[39m
     [90m 194 |[39m     [36mtry[39m {[0m

      at POST (src/app/api/credit-repair/cards/route.ts:191:13)
      at Object.<anonymous> (src/app/api/credit-repair/cards/__tests__/route.test.ts:299:24)

PASS src/lib/investments/services/__tests__/PerformanceCalculator.test.ts
PASS src/components/__tests__/VoiceAssistant.test.tsx
PASS src/app/api/ai/financial-coach/debt-strategy/__tests__/route.test.ts
  ΓùÅ Console

    console.warn
      Supabase environment variables are not set. Some features may not work.

    [0m [90m 12 |[39m
     [90m 13 |[39m [36mif[39m ([33m![39mprocess[33m.[39menv[33m.[39m[33mNEXT_PUBLIC_SUPABASE_URL[39m [33m||[39m 
[33m![39mprocess[33m.[39menv[33m.[39m[33mNEXT_PUBLIC_SUPABASE_ANON_KEY[39m) {
    [31m[1m>[22m[39m[90m 14 |[39m   console[33m.[39mwarn([32m'Supabase environment variables are not set. Some features may not 
work.'[39m)[33m;[39m
     [90m    |[39m           [31m[1m^[22m[39m
     [90m 15 |[39m }
     [90m 16 |[39m
     [90m 17 |[39m [90m// Create Supabase client[39m[0m

      at Object.<anonymous> (src/lib/supabase.ts:14:11)
      at Object.<anonymous> (src/lib/financial/financial-context-engine.ts:9:1)
      at Object.<anonymous> (src/app/api/ai/financial-coach/debt-strategy/route.ts:18:1)
      at Object.<anonymous> (src/app/api/ai/financial-coach/debt-strategy/__tests__/route.test.ts:10:1)

PASS src/lib/investments/services/__tests__/PortfolioService.test.ts
PASS src/lib/investments/__tests__/market-data-service.test.ts
  ΓùÅ Console

    console.warn
      Redis not configured. Using in-memory fallback cache.

    [0m [90m 35 |[39m     
     [90m 36 |[39m     [36mif[39m ([33m![39m[36mthis[39m[33m.[39mredisAvailable) {
    [31m[1m>[22m[39m[90m 37 |[39m       console[33m.[39mwarn([32m'Redis not configured. Using in-memory fallback 
cache.'[39m)[33m;[39m
     [90m    |[39m               [31m[1m^[22m[39m
     [90m 38 |[39m     }
     [90m 39 |[39m   }
     [90m 40 |[39m[0m

      at new RedisCacheService (src/lib/cache/redis-cache-service.ts:37:15)
      at Object.<anonymous> (src/lib/cache/redis-cache-service.ts:161:27)
      at Object.<anonymous> (src/lib/investments/market-data-service.ts:15:1)
      at Object.<anonymous> (src/lib/investments/__tests__/market-data-service.test.ts:9:1)

    console.warn
      Redis not configured. Using in-memory fallback cache.

    [0m [90m 35 |[39m     
     [90m 36 |[39m     [36mif[39m ([33m![39m[36mthis[39m[33m.[39mredisAvailable) {
    [31m[1m>[22m[39m[90m 37 |[39m       console[33m.[39mwarn([32m'Redis not configured. Using in-memory fallback 
cache.'[39m)[33m;[39m
     [90m    |[39m               [31m[1m^[22m[39m
     [90m 38 |[39m     }
     [90m 39 |[39m   }
     [90m 40 |[39m[0m

      at new RedisCacheService (src/lib/cache/redis-cache-service.ts:37:15)
      at Object.<anonymous> (src/lib/cache/redis-cache-service.ts:162:32)
      at Object.<anonymous> (src/lib/investments/market-data-service.ts:15:1)
      at Object.<anonymous> (src/lib/investments/__tests__/market-data-service.test.ts:9:1)

    console.warn
      Redis not configured. Using in-memory fallback cache.

    [0m [90m 35 |[39m     
     [90m 36 |[39m     [36mif[39m ([33m![39m[36mthis[39m[33m.[39mredisAvailable) {
    [31m[1m>[22m[39m[90m 37 |[39m       console[33m.[39mwarn([32m'Redis not configured. Using in-memory fallback 
cache.'[39m)[33m;[39m
     [90m    |[39m               [31m[1m^[22m[39m
     [90m 38 |[39m     }
     [90m 39 |[39m   }
     [90m 40 |[39m[0m

      at new RedisCacheService (src/lib/cache/redis-cache-service.ts:37:15)
      at Object.<anonymous> (src/lib/cache/redis-cache-service.ts:163:31)
      at Object.<anonymous> (src/lib/investments/market-data-service.ts:15:1)
      at Object.<anonymous> (src/lib/investments/__tests__/market-data-service.test.ts:9:1)

    console.warn
      Redis not configured. Using in-memory fallback cache.

    [0m [90m 35 |[39m     
     [90m 36 |[39m     [36mif[39m ([33m![39m[36mthis[39m[33m.[39mredisAvailable) {
    [31m[1m>[22m[39m[90m 37 |[39m       console[33m.[39mwarn([32m'Redis not configured. Using in-memory fallback 
cache.'[39m)[33m;[39m
     [90m    |[39m               [31m[1m^[22m[39m
     [90m 38 |[39m     }
     [90m 39 |[39m   }
     [90m 40 |[39m[0m

      at new RedisCacheService (src/lib/cache/redis-cache-service.ts:37:15)
      at Object.<anonymous> (src/lib/cache/redis-cache-service.ts:164:31)
      at Object.<anonymous> (src/lib/investments/market-data-service.ts:15:1)
      at Object.<anonymous> (src/lib/investments/__tests__/market-data-service.test.ts:9:1)

PASS src/lib/financial/__tests__/financial-context-engine.integration.test.ts
PASS src/app/api/credit-builder/__tests__/route.test.ts
PASS src/lib/financial/__tests__/goal-tracker.test.ts
  ΓùÅ Console

    console.warn
      Supabase environment variables are not set. Some features may not work.

    [0m [90m 12 |[39m
     [90m 13 |[39m [36mif[39m ([33m![39mprocess[33m.[39menv[33m.[39m[33mNEXT_PUBLIC_SUPABASE_URL[39m [33m||[39m 
[33m![39mprocess[33m.[39menv[33m.[39m[33mNEXT_PUBLIC_SUPABASE_ANON_KEY[39m) {
    [31m[1m>[22m[39m[90m 14 |[39m   console[33m.[39mwarn([32m'Supabase environment variables are not set. Some features may not 
work.'[39m)[33m;[39m
     [90m    |[39m           [31m[1m^[22m[39m
     [90m 15 |[39m }
     [90m 16 |[39m
     [90m 17 |[39m [90m// Create Supabase client[39m[0m

      at Object.<anonymous> (src/lib/supabase.ts:14:11)
      at Object.<anonymous> (src/lib/financial/financial-context-engine.ts:9:1)
      at Object.<anonymous> (src/lib/financial/goal-tracker.ts:17:1)
      at Object.<anonymous> (src/lib/financial/__tests__/goal-tracker.test.ts:14:1)

PASS src/lib/financial/__tests__/budget-service.test.ts
PASS src/lib/financial/__tests__/financial-aggregation-service.test.ts
PASS src/app/api/disputes/__tests__/route.test.ts
PASS src/lib/financial/__tests__/budget-optimizer.test.ts
  ΓùÅ Console

    console.warn
      Supabase environment variables are not set. Some features may not work.

    [0m [90m 12 |[39m
     [90m 13 |[39m [36mif[39m ([33m![39mprocess[33m.[39menv[33m.[39m[33mNEXT_PUBLIC_SUPABASE_URL[39m [33m||[39m 
[33m![39mprocess[33m.[39menv[33m.[39m[33mNEXT_PUBLIC_SUPABASE_ANON_KEY[39m) {
    [31m[1m>[22m[39m[90m 14 |[39m   console[33m.[39mwarn([32m'Supabase environment variables are not set. Some features may not 
work.'[39m)[33m;[39m
     [90m    |[39m           [31m[1m^[22m[39m
     [90m 15 |[39m }
     [90m 16 |[39m
     [90m 17 |[39m [90m// Create Supabase client[39m[0m

      at Object.<anonymous> (src/lib/supabase.ts:14:11)
      at Object.<anonymous> (src/lib/financial/financial-context-engine.ts:9:1)
      at Object.<anonymous> (src/lib/financial/budget-optimizer.ts:13:1)
      at Object.<anonymous> (src/lib/financial/__tests__/budget-optimizer.test.ts:7:1)

PASS src/components/ui/__tests__/OfflineIndicator.test.tsx
  ΓùÅ Console

    console.error
      An update to OfflineIndicator inside a test was not wrapped in act(...).
      
      When testing, code that causes React state updates should be wrapped into act(...):
      
      act(() => {
        /* fire events that update state */
      });
      /* assert on the output */
      
      This ensures that you're testing the behavior the user would see in the browser. Learn more at 
https://react.dev/link/wrap-tests-with-act

    [0m [90m 37 |[39m     [36mif[39m (isOnline [33m&&[39m wasOffline) {
     [90m 38 |[39m       setShowReconnected([36mtrue[39m)[33m;[39m
    [31m[1m>[22m[39m[90m 39 |[39m       [36mconst[39m timer [33m=[39m setTimeout(() [33m=>[39m 
setShowReconnected([36mfalse[39m)[33m,[39m [35m5000[39m)[33m;[39m
     [90m    |[39m                                      [31m[1m^[22m[39m
     [90m 40 |[39m       [36mreturn[39m () [33m=>[39m clearTimeout(timer)[33m;[39m
     [90m 41 |[39m     }
     [90m 42 |[39m   }[33m,[39m [isOnline[33m,[39m wasOffline])[33m;[39m[0m

      at node_modules/react-dom/cjs/react-dom-client.development.js:18758:19
      at runWithFiberInDEV (node_modules/react-dom/cjs/react-dom-client.development.js:874:13)
      at warnIfUpdatesNotWrappedWithActDEV (node_modules/react-dom/cjs/react-dom-client.development.js:18757:9)
      at scheduleUpdateOnFiber (node_modules/react-dom/cjs/react-dom-client.development.js:16409:11)
      at dispatchSetStateInternal (node_modules/react-dom/cjs/react-dom-client.development.js:9170:13)
      at dispatchSetState (node_modules/react-dom/cjs/react-dom-client.development.js:9127:7)
      at src/components/ui/OfflineIndicator.tsx:39:38
      at callTimer (node_modules/@sinonjs/fake-timers/src/fake-timers-src.js:806:24)
      at doTickInner (node_modules/@sinonjs/fake-timers/src/fake-timers-src.js:1413:29)
      at doTick (node_modules/@sinonjs/fake-timers/src/fake-timers-src.js:1494:20)
      at Object.tick (node_modules/@sinonjs/fake-timers/src/fake-timers-src.js:1502:20)
      at Object.runToLast (node_modules/@sinonjs/fake-timers/src/fake-timers-src.js:1661:26)
      at FakeTimers.runOnlyPendingTimers (node_modules/@jest/fake-timers/build/index.js:542:19)
      at Object.<anonymous> (src/components/ui/__tests__/OfflineIndicator.test.tsx:21:10)

    console.error
      An update to OfflineIndicator inside a test was not wrapped in act(...).
      
      When testing, code that causes React state updates should be wrapped into act(...):
      
      act(() => {
        /* fire events that update state */
      });
      /* assert on the output */
      
      This ensures that you're testing the behavior the user would see in the browser. Learn more at 
https://react.dev/link/wrap-tests-with-act

    [0m [90m 37 |[39m     [36mif[39m (isOnline [33m&&[39m wasOffline) {
     [90m 38 |[39m       setShowReconnected([36mtrue[39m)[33m;[39m
    [31m[1m>[22m[39m[90m 39 |[39m       [36mconst[39m timer [33m=[39m setTimeout(() [33m=>[39m 
setShowReconnected([36mfalse[39m)[33m,[39m [35m5000[39m)[33m;[39m
     [90m    |[39m                                      [31m[1m^[22m[39m
     [90m 40 |[39m       [36mreturn[39m () [33m=>[39m clearTimeout(timer)[33m;[39m
     [90m 41 |[39m     }
     [90m 42 |[39m   }[33m,[39m [isOnline[33m,[39m wasOffline])[33m;[39m[0m

      at node_modules/react-dom/cjs/react-dom-client.development.js:18758:19
      at runWithFiberInDEV (node_modules/react-dom/cjs/react-dom-client.development.js:874:13)
      at warnIfUpdatesNotWrappedWithActDEV (node_modules/react-dom/cjs/react-dom-client.development.js:18757:9)
      at scheduleUpdateOnFiber (node_modules/react-dom/cjs/react-dom-client.development.js:16409:11)
      at dispatchSetStateInternal (node_modules/react-dom/cjs/react-dom-client.development.js:9170:13)
      at dispatchSetState (node_modules/react-dom/cjs/react-dom-client.development.js:9127:7)
      at src/components/ui/OfflineIndicator.tsx:39:38
      at callTimer (node_modules/@sinonjs/fake-timers/src/fake-timers-src.js:806:24)
      at doTickInner (node_modules/@sinonjs/fake-timers/src/fake-timers-src.js:1413:29)
      at doTick (node_modules/@sinonjs/fake-timers/src/fake-timers-src.js:1494:20)
      at Object.tick (node_modules/@sinonjs/fake-timers/src/fake-timers-src.js:1502:20)
      at FakeTimers.advanceTimersByTime (node_modules/@jest/fake-timers/build/index.js:576:19)
      at Object.<anonymous> (src/components/ui/__tests__/OfflineIndicator.test.tsx:88:10)

    console.error
      An update to OfflineIndicator inside a test was not wrapped in act(...).
      
      When testing, code that causes React state updates should be wrapped into act(...):
      
      act(() => {
        /* fire events that update state */
      });
      /* assert on the output */
      
      This ensures that you're testing the behavior the user would see in the browser. Learn more at 
https://react.dev/link/wrap-tests-with-act

    [0m [90m 37 |[39m     [36mif[39m (isOnline [33m&&[39m wasOffline) {
     [90m 38 |[39m       setShowReconnected([36mtrue[39m)[33m;[39m
    [31m[1m>[22m[39m[90m 39 |[39m       [36mconst[39m timer [33m=[39m setTimeout(() [33m=>[39m 
setShowReconnected([36mfalse[39m)[33m,[39m [35m5000[39m)[33m;[39m
     [90m    |[39m                                      [31m[1m^[22m[39m
     [90m 40 |[39m       [36mreturn[39m () [33m=>[39m clearTimeout(timer)[33m;[39m
     [90m 41 |[39m     }
     [90m 42 |[39m   }[33m,[39m [isOnline[33m,[39m wasOffline])[33m;[39m[0m

      at node_modules/react-dom/cjs/react-dom-client.development.js:18758:19
      at runWithFiberInDEV (node_modules/react-dom/cjs/react-dom-client.development.js:874:13)
      at warnIfUpdatesNotWrappedWithActDEV (node_modules/react-dom/cjs/react-dom-client.development.js:18757:9)
      at scheduleUpdateOnFiber (node_modules/react-dom/cjs/react-dom-client.development.js:16409:11)
      at dispatchSetStateInternal (node_modules/react-dom/cjs/react-dom-client.development.js:9170:13)
      at dispatchSetState (node_modules/react-dom/cjs/react-dom-client.development.js:9127:7)
      at src/components/ui/OfflineIndicator.tsx:39:38
      at callTimer (node_modules/@sinonjs/fake-timers/src/fake-timers-src.js:806:24)
      at doTickInner (node_modules/@sinonjs/fake-timers/src/fake-timers-src.js:1413:29)
      at doTick (node_modules/@sinonjs/fake-timers/src/fake-timers-src.js:1494:20)
      at Object.tick (node_modules/@sinonjs/fake-timers/src/fake-timers-src.js:1502:20)
      at Object.runToLast (node_modules/@sinonjs/fake-timers/src/fake-timers-src.js:1661:26)
      at FakeTimers.runOnlyPendingTimers (node_modules/@jest/fake-timers/build/index.js:542:19)
      at Object.<anonymous> (src/components/ui/__tests__/OfflineIndicator.test.tsx:21:10)

PASS src/lib/ai/__tests__/financial-coach.test.ts
  ΓùÅ Console

    console.error
      AI analysis failed: Error: AI service unavailable
          at Object.<anonymous> (C:\Githhub\CreditMaster-Pro-app\src\lib\ai\__tests__\financial-coach.test.ts:364:47)
          at Promise.finally.completed (C:\Githhub\CreditMaster-Pro-app\node_modules\jest-circus\build\jestAdapterInit.js:1557:28)
          at new Promise (<anonymous>)
          at callAsyncCircusFn (C:\Githhub\CreditMaster-Pro-app\node_modules\jest-circus\build\jestAdapterInit.js:1497:10)
          at _callCircusTest (C:\Githhub\CreditMaster-Pro-app\node_modules\jest-circus\build\jestAdapterInit.js:1007:40)
          at processTicksAndRejections (node:internal/process/task_queues:103:5)
          at _runTest (C:\Githhub\CreditMaster-Pro-app\node_modules\jest-circus\build\jestAdapterInit.js:947:3)
          at C:\Githhub\CreditMaster-Pro-app\node_modules\jest-circus\build\jestAdapterInit.js:849:7
          at _runTestsForDescribeBlock (C:\Githhub\CreditMaster-Pro-app\node_modules\jest-circus\build\jestAdapterInit.js:862:11)
          at _runTestsForDescribeBlock (C:\Githhub\CreditMaster-Pro-app\node_modules\jest-circus\build\jestAdapterInit.js:857:11)
          at _runTestsForDescribeBlock (C:\Githhub\CreditMaster-Pro-app\node_modules\jest-circus\build\jestAdapterInit.js:857:11)
          at run (C:\Githhub\CreditMaster-Pro-app\node_modules\jest-circus\build\jestAdapterInit.js:761:3)
          at runAndTransformResultsToJestFormat 
(C:\Githhub\CreditMaster-Pro-app\node_modules\jest-circus\build\jestAdapterInit.js:1918:21)
          at jestAdapter (C:\Githhub\CreditMaster-Pro-app\node_modules\jest-circus\build\runner.js:101:19)
          at runTestInternal (C:\Githhub\CreditMaster-Pro-app\node_modules\jest-runner\build\testWorker.js:275:16)
          at runTest (C:\Githhub\CreditMaster-Pro-app\node_modules\jest-runner\build\testWorker.js:343:7)
          at Object.worker (C:\Githhub\CreditMaster-Pro-app\node_modules\jest-runner\build\testWorker.js:497:12)

    [0m [90m 620 |[39m       }[33m;[39m
     [90m 621 |[39m     } [36mcatch[39m (error) {
    [31m[1m>[22m[39m[90m 622 |[39m       console[33m.[39merror([32m'AI analysis failed:'[39m[33m,[39m error)[33m;[39m
     [90m     |[39m               [31m[1m^[22m[39m
     [90m 623 |[39m       [36mreturn[39m {
     [90m 624 |[39m         behavioralInsights[33m:[39m [[32m'Track every dollar'[39m[33m,[39m [32m'Build your emergency 
fund'[39m[33m,[39m [32m'Focus on one step at a time'[39m][33m,[39m
     [90m 625 |[39m         nextSteps[33m:[39m [[32m'Create a budget'[39m[33m,[39m [32m'Save $1,000'[39m[33m,[39m [32m'List 
all debts'[39m][33m,[39m[0m

      at FinancialCoach.generateAIAnalysis (src/lib/ai/financial-coach.ts:622:15)
      at FinancialCoach.analyzeFinancialSituation (src/lib/ai/financial-coach.ts:181:24)
      at Object.<anonymous> (src/lib/ai/__tests__/financial-coach.test.ts:366:22)

    console.error
      AI advice failed: Error: AI unavailable
          at Object.<anonymous> (C:\Githhub\CreditMaster-Pro-app\src\lib\ai\__tests__\financial-coach.test.ts:493:47)
          at Promise.finally.completed (C:\Githhub\CreditMaster-Pro-app\node_modules\jest-circus\build\jestAdapterInit.js:1557:28)
          at new Promise (<anonymous>)
          at callAsyncCircusFn (C:\Githhub\CreditMaster-Pro-app\node_modules\jest-circus\build\jestAdapterInit.js:1497:10)
          at _callCircusTest (C:\Githhub\CreditMaster-Pro-app\node_modules\jest-circus\build\jestAdapterInit.js:1007:40)
          at processTicksAndRejections (node:internal/process/task_queues:103:5)
          at _runTest (C:\Githhub\CreditMaster-Pro-app\node_modules\jest-circus\build\jestAdapterInit.js:947:3)
          at C:\Githhub\CreditMaster-Pro-app\node_modules\jest-circus\build\jestAdapterInit.js:849:7
          at _runTestsForDescribeBlock (C:\Githhub\CreditMaster-Pro-app\node_modules\jest-circus\build\jestAdapterInit.js:862:11)
          at _runTestsForDescribeBlock (C:\Githhub\CreditMaster-Pro-app\node_modules\jest-circus\build\jestAdapterInit.js:857:11)
          at _runTestsForDescribeBlock (C:\Githhub\CreditMaster-Pro-app\node_modules\jest-circus\build\jestAdapterInit.js:857:11)
          at run (C:\Githhub\CreditMaster-Pro-app\node_modules\jest-circus\build\jestAdapterInit.js:761:3)
          at runAndTransformResultsToJestFormat 
(C:\Githhub\CreditMaster-Pro-app\node_modules\jest-circus\build\jestAdapterInit.js:1918:21)
          at jestAdapter (C:\Githhub\CreditMaster-Pro-app\node_modules\jest-circus\build\runner.js:101:19)
          at runTestInternal (C:\Githhub\CreditMaster-Pro-app\node_modules\jest-runner\build\testWorker.js:275:16)
          at runTest (C:\Githhub\CreditMaster-Pro-app\node_modules\jest-runner\build\testWorker.js:343:7)
          at Object.worker (C:\Githhub\CreditMaster-Pro-app\node_modules\jest-runner\build\testWorker.js:497:12)

    [0m [90m 272 |[39m       }[33m;[39m
     [90m 273 |[39m     } [36mcatch[39m (error) {
    [31m[1m>[22m[39m[90m 274 |[39m       console[33m.[39merror([32m'AI advice failed:'[39m[33m,[39m error)[33m;[39m
     [90m     |[39m               [31m[1m^[22m[39m
     [90m 275 |[39m       [90m// Return fallback advice[39m
     [90m 276 |[39m       [36mreturn[39m {
     [90m 277 |[39m         question[33m,[39m[0m

      at FinancialCoach.getPersonalizedAdvice (src/lib/ai/financial-coach.ts:274:15)
      at Object.<anonymous> (src/lib/ai/__tests__/financial-coach.test.ts:495:22)

    console.error
      AI analysis failed: Error: Timeout
          at C:\Githhub\CreditMaster-Pro-app\src\lib\ai\__tests__\financial-coach.test.ts:662:66
          at Timeout.task [as _onTimeout] (C:\Githhub\CreditMaster-Pro-app\node_modules\jsdom\lib\jsdom\browser\Window.js:579:19)
          at listOnTimeout (node:internal/timers:605:17)
          at processTimers (node:internal/timers:541:7)

    [0m [90m 620 |[39m       }[33m;[39m
     [90m 621 |[39m     } [36mcatch[39m (error) {
    [31m[1m>[22m[39m[90m 622 |[39m       console[33m.[39merror([32m'AI analysis failed:'[39m[33m,[39m error)[33m;[39m
     [90m     |[39m               [31m[1m^[22m[39m
     [90m 623 |[39m       [36mreturn[39m {
     [90m 624 |[39m         behavioralInsights[33m:[39m [[32m'Track every dollar'[39m[33m,[39m [32m'Build your emergency 
fund'[39m[33m,[39m [32m'Focus on one step at a time'[39m][33m,[39m
     [90m 625 |[39m         nextSteps[33m:[39m [[32m'Create a budget'[39m[33m,[39m [32m'Save $1,000'[39m[33m,[39m [32m'List 
all debts'[39m][33m,[39m[0m

      at FinancialCoach.generateAIAnalysis (src/lib/ai/financial-coach.ts:622:15)
      at FinancialCoach.analyzeFinancialSituation (src/lib/ai/financial-coach.ts:181:24)
      at Object.<anonymous> (src/lib/ai/__tests__/financial-coach.test.ts:665:22)

PASS src/app/__tests__/layout.test.tsx
PASS src/lib/investments/__tests__/crypto-analyst.test.ts
  ΓùÅ Console

    console.error
      Error fetching price data for invalid-coin: Error: CoinGecko API error: 404
          at CryptoAnalyst.getPriceData (C:\Githhub\CreditMaster-Pro-app\src\lib\investments\crypto-analyst.ts:270:15)
          at processTicksAndRejections (node:internal/process/task_queues:103:5)
          at async Promise.all (index 0)
          at CryptoAnalyst.analyzeCrypto (C:\Githhub\CreditMaster-Pro-app\src\lib\investments\crypto-analyst.ts:55:79)
          at Object.<anonymous> (C:\Githhub\CreditMaster-Pro-app\src\lib\investments\__tests__\crypto-analyst.test.ts:382:7)

    [0m [90m 288 |[39m       }[33m;[39m
     [90m 289 |[39m     } [36mcatch[39m (error) {
    [31m[1m>[22m[39m[90m 290 |[39m       console[33m.[39merror([32m`Error fetching price data for ${coinId}:`[39m[33m,[39m 
error)[33m;[39m
     [90m     |[39m               [31m[1m^[22m[39m
     [90m 291 |[39m       [36mthrow[39m error[33m;[39m
     [90m 292 |[39m     }
     [90m 293 |[39m   }[0m

      at CryptoAnalyst.getPriceData (src/lib/investments/crypto-analyst.ts:290:15)
          at async Promise.all (index 0)
      at CryptoAnalyst.analyzeCrypto (src/lib/investments/crypto-analyst.ts:55:79)
      at Object.<anonymous> (src/lib/investments/__tests__/crypto-analyst.test.ts:382:7)

    console.error
      Error fetching tokenomics for invalid-coin: Error: CoinGecko API error: 404
          at CryptoAnalyst.fetchTokenomicsData (C:\Githhub\CreditMaster-Pro-app\src\lib\investments\crypto-analyst.ts:394:15)
          at processTicksAndRejections (node:internal/process/task_queues:103:5)
          at CryptoAnalyst.getTokenomics (C:\Githhub\CreditMaster-Pro-app\src\lib\investments\crypto-analyst.ts:203:28)
          at async Promise.all (index 1)

    [0m [90m 428 |[39m       }[33m;[39m
     [90m 429 |[39m     } [36mcatch[39m (error) {
    [31m[1m>[22m[39m[90m 430 |[39m       console[33m.[39merror([32m`Error fetching tokenomics for ${coinId}:`[39m[33m,[39m 
error)[33m;[39m
     [90m     |[39m               [31m[1m^[22m[39m
     [90m 431 |[39m       [36mthrow[39m error[33m;[39m
     [90m 432 |[39m     }
     [90m 433 |[39m   }[0m

      at CryptoAnalyst.fetchTokenomicsData (src/lib/investments/crypto-analyst.ts:430:15)
      at CryptoAnalyst.getTokenomics (src/lib/investments/crypto-analyst.ts:203:28)
          at async Promise.all (index 1)

    console.error
      Error fetching social metrics for invalid-coin: Error: CoinGecko API error: 404
          at CryptoAnalyst.fetchSocialMetrics (C:\Githhub\CreditMaster-Pro-app\src\lib\investments\crypto-analyst.ts:444:15)
          at processTicksAndRejections (node:internal/process/task_queues:103:5)
          at async Promise.all (index 0)
          at CryptoAnalyst.getCryptoSentiment (C:\Githhub\CreditMaster-Pro-app\src\lib\investments\crypto-analyst.ts:227:51)
          at async Promise.all (index 2)

    [0m [90m 462 |[39m       }[33m;[39m
     [90m 463 |[39m     } [36mcatch[39m (error) {
    [31m[1m>[22m[39m[90m 464 |[39m       console[33m.[39merror([32m`Error fetching social metrics for 
${coinId}:`[39m[33m,[39m error)[33m;[39m
     [90m     |[39m               [31m[1m^[22m[39m
     [90m 465 |[39m       [36mthrow[39m error[33m;[39m
     [90m 466 |[39m     }
     [90m 467 |[39m   }[0m

      at CryptoAnalyst.fetchSocialMetrics (src/lib/investments/crypto-analyst.ts:464:15)
          at async Promise.all (index 0)
      at CryptoAnalyst.getCryptoSentiment (src/lib/investments/crypto-analyst.ts:227:51)
          at async Promise.all (index 2)

    console.error
      Error analyzing crypto invalid-coin: Error: CoinGecko API error: 404
          at CryptoAnalyst.getPriceData (C:\Githhub\CreditMaster-Pro-app\src\lib\investments\crypto-analyst.ts:270:15)
          at processTicksAndRejections (node:internal/process/task_queues:103:5)
          at async Promise.all (index 0)
          at CryptoAnalyst.analyzeCrypto (C:\Githhub\CreditMaster-Pro-app\src\lib\investments\crypto-analyst.ts:55:79)
          at Object.<anonymous> (C:\Githhub\CreditMaster-Pro-app\src\lib\investments\__tests__\crypto-analyst.test.ts:382:7)

    [0m [90m 131 |[39m       [36mreturn[39m analysis[33m;[39m
     [90m 132 |[39m     } [36mcatch[39m (error) {
    [31m[1m>[22m[39m[90m 133 |[39m       console[33m.[39merror([32m`Error analyzing crypto ${coinId}:`[39m[33m,[39m 
error)[33m;[39m
     [90m     |[39m               [31m[1m^[22m[39m
     [90m 134 |[39m       [36mthrow[39m [36mnew[39m [33mError[39m([32m`Failed to analyze cryptocurrency: ${error instanceof 
Error ? error.message : 'Unknown error'}`[39m)[33m;[39m
     [90m 135 |[39m     }
     [90m 136 |[39m   }[0m

      at CryptoAnalyst.analyzeCrypto (src/lib/investments/crypto-analyst.ts:133:15)
      at Object.<anonymous> (src/lib/investments/__tests__/crypto-analyst.test.ts:382:7)

    console.error
      Error fetching price data for bitcoin: Error: CoinGecko API error: 429
          at CryptoAnalyst.getPriceData (C:\Githhub\CreditMaster-Pro-app\src\lib\investments\crypto-analyst.ts:270:15)
          at processTicksAndRejections (node:internal/process/task_queues:103:5)
          at async Promise.all (index 0)
          at CryptoAnalyst.analyzeCrypto (C:\Githhub\CreditMaster-Pro-app\src\lib\investments\crypto-analyst.ts:55:79)
          at Object.<anonymous> (C:\Githhub\CreditMaster-Pro-app\src\lib\investments\__tests__\crypto-analyst.test.ts:913:7)

    [0m [90m 288 |[39m       }[33m;[39m
     [90m 289 |[39m     } [36mcatch[39m (error) {
    [31m[1m>[22m[39m[90m 290 |[39m       console[33m.[39merror([32m`Error fetching price data for ${coinId}:`[39m[33m,[39m 
error)[33m;[39m
     [90m     |[39m               [31m[1m^[22m[39m
     [90m 291 |[39m       [36mthrow[39m error[33m;[39m
     [90m 292 |[39m     }
     [90m 293 |[39m   }[0m

      at CryptoAnalyst.getPriceData (src/lib/investments/crypto-analyst.ts:290:15)
          at async Promise.all (index 0)
      at CryptoAnalyst.analyzeCrypto (src/lib/investments/crypto-analyst.ts:55:79)
      at Object.<anonymous> (src/lib/investments/__tests__/crypto-analyst.test.ts:913:7)

    console.error
      Error fetching tokenomics for bitcoin: Error: CoinGecko API error: 429
          at CryptoAnalyst.fetchTokenomicsData (C:\Githhub\CreditMaster-Pro-app\src\lib\investments\crypto-analyst.ts:394:15)
          at processTicksAndRejections (node:internal/process/task_queues:103:5)
          at CryptoAnalyst.getTokenomics (C:\Githhub\CreditMaster-Pro-app\src\lib\investments\crypto-analyst.ts:203:28)
          at async Promise.all (index 1)

    [0m [90m 428 |[39m       }[33m;[39m
     [90m 429 |[39m     } [36mcatch[39m (error) {
    [31m[1m>[22m[39m[90m 430 |[39m       console[33m.[39merror([32m`Error fetching tokenomics for ${coinId}:`[39m[33m,[39m 
error)[33m;[39m
     [90m     |[39m               [31m[1m^[22m[39m
     [90m 431 |[39m       [36mthrow[39m error[33m;[39m
     [90m 432 |[39m     }
     [90m 433 |[39m   }[0m

      at CryptoAnalyst.fetchTokenomicsData (src/lib/investments/crypto-analyst.ts:430:15)
      at CryptoAnalyst.getTokenomics (src/lib/investments/crypto-analyst.ts:203:28)
          at async Promise.all (index 1)

    console.error
      Error fetching social metrics for bitcoin: Error: CoinGecko API error: 429
          at CryptoAnalyst.fetchSocialMetrics (C:\Githhub\CreditMaster-Pro-app\src\lib\investments\crypto-analyst.ts:444:15)
          at processTicksAndRejections (node:internal/process/task_queues:103:5)
          at async Promise.all (index 0)
          at CryptoAnalyst.getCryptoSentiment (C:\Githhub\CreditMaster-Pro-app\src\lib\investments\crypto-analyst.ts:227:51)
          at async Promise.all (index 2)

    [0m [90m 462 |[39m       }[33m;[39m
     [90m 463 |[39m     } [36mcatch[39m (error) {
    [31m[1m>[22m[39m[90m 464 |[39m       console[33m.[39merror([32m`Error fetching social metrics for 
${coinId}:`[39m[33m,[39m error)[33m;[39m
     [90m     |[39m               [31m[1m^[22m[39m
     [90m 465 |[39m       [36mthrow[39m error[33m;[39m
     [90m 466 |[39m     }
     [90m 467 |[39m   }[0m

      at CryptoAnalyst.fetchSocialMetrics (src/lib/investments/crypto-analyst.ts:464:15)
          at async Promise.all (index 0)
      at CryptoAnalyst.getCryptoSentiment (src/lib/investments/crypto-analyst.ts:227:51)
          at async Promise.all (index 2)

    console.error
      Error analyzing crypto bitcoin: Error: CoinGecko API error: 429
          at CryptoAnalyst.getPriceData (C:\Githhub\CreditMaster-Pro-app\src\lib\investments\crypto-analyst.ts:270:15)
          at processTicksAndRejections (node:internal/process/task_queues:103:5)
          at async Promise.all (index 0)
          at CryptoAnalyst.analyzeCrypto (C:\Githhub\CreditMaster-Pro-app\src\lib\investments\crypto-analyst.ts:55:79)
          at Object.<anonymous> (C:\Githhub\CreditMaster-Pro-app\src\lib\investments\__tests__\crypto-analyst.test.ts:913:7)

    [0m [90m 131 |[39m       [36mreturn[39m analysis[33m;[39m
     [90m 132 |[39m     } [36mcatch[39m (error) {
    [31m[1m>[22m[39m[90m 133 |[39m       console[33m.[39merror([32m`Error analyzing crypto ${coinId}:`[39m[33m,[39m 
error)[33m;[39m
     [90m     |[39m               [31m[1m^[22m[39m
     [90m 134 |[39m       [36mthrow[39m [36mnew[39m [33mError[39m([32m`Failed to analyze cryptocurrency: ${error instanceof 
Error ? error.message : 'Unknown error'}`[39m)[33m;[39m
     [90m 135 |[39m     }
     [90m 136 |[39m   }[0m

      at CryptoAnalyst.analyzeCrypto (src/lib/investments/crypto-analyst.ts:133:15)
      at Object.<anonymous> (src/lib/investments/__tests__/crypto-analyst.test.ts:913:7)

    console.error
      Error fetching price data for bitcoin: Error: Network error
          at Object.<anonymous> (C:\Githhub\CreditMaster-Pro-app\src\lib\investments\__tests__\crypto-analyst.test.ts:917:50)
          at Promise.finally.completed (C:\Githhub\CreditMaster-Pro-app\node_modules\jest-circus\build\jestAdapterInit.js:1557:28)
          at new Promise (<anonymous>)
          at callAsyncCircusFn (C:\Githhub\CreditMaster-Pro-app\node_modules\jest-circus\build\jestAdapterInit.js:1497:10)
          at _callCircusTest (C:\Githhub\CreditMaster-Pro-app\node_modules\jest-circus\build\jestAdapterInit.js:1007:40)
          at processTicksAndRejections (node:internal/process/task_queues:103:5)
          at _runTest (C:\Githhub\CreditMaster-Pro-app\node_modules\jest-circus\build\jestAdapterInit.js:947:3)
          at C:\Githhub\CreditMaster-Pro-app\node_modules\jest-circus\build\jestAdapterInit.js:849:7
          at _runTestsForDescribeBlock (C:\Githhub\CreditMaster-Pro-app\node_modules\jest-circus\build\jestAdapterInit.js:862:11)
          at _runTestsForDescribeBlock (C:\Githhub\CreditMaster-Pro-app\node_modules\jest-circus\build\jestAdapterInit.js:857:11)
          at _runTestsForDescribeBlock (C:\Githhub\CreditMaster-Pro-app\node_modules\jest-circus\build\jestAdapterInit.js:857:11)
          at run (C:\Githhub\CreditMaster-Pro-app\node_modules\jest-circus\build\jestAdapterInit.js:761:3)
          at runAndTransformResultsToJestFormat 
(C:\Githhub\CreditMaster-Pro-app\node_modules\jest-circus\build\jestAdapterInit.js:1918:21)
          at jestAdapter (C:\Githhub\CreditMaster-Pro-app\node_modules\jest-circus\build\runner.js:101:19)
          at runTestInternal (C:\Githhub\CreditMaster-Pro-app\node_modules\jest-runner\build\testWorker.js:275:16)
          at runTest (C:\Githhub\CreditMaster-Pro-app\node_modules\jest-runner\build\testWorker.js:343:7)
          at Object.worker (C:\Githhub\CreditMaster-Pro-app\node_modules\jest-runner\build\testWorker.js:497:12)

    [0m [90m 288 |[39m       }[33m;[39m
     [90m 289 |[39m     } [36mcatch[39m (error) {
    [31m[1m>[22m[39m[90m 290 |[39m       console[33m.[39merror([32m`Error fetching price data for ${coinId}:`[39m[33m,[39m 
error)[33m;[39m
     [90m     |[39m               [31m[1m^[22m[39m
     [90m 291 |[39m       [36mthrow[39m error[33m;[39m
     [90m 292 |[39m     }
     [90m 293 |[39m   }[0m

      at CryptoAnalyst.getPriceData (src/lib/investments/crypto-analyst.ts:290:15)
          at async Promise.all (index 0)
      at CryptoAnalyst.analyzeCrypto (src/lib/investments/crypto-analyst.ts:55:79)
      at Object.<anonymous> (src/lib/investments/__tests__/crypto-analyst.test.ts:919:7)

    console.error
      Error fetching tokenomics for bitcoin: Error: Network error
          at Object.<anonymous> (C:\Githhub\CreditMaster-Pro-app\src\lib\investments\__tests__\crypto-analyst.test.ts:917:50)
          at Promise.finally.completed (C:\Githhub\CreditMaster-Pro-app\node_modules\jest-circus\build\jestAdapterInit.js:1557:28)
          at new Promise (<anonymous>)
          at callAsyncCircusFn (C:\Githhub\CreditMaster-Pro-app\node_modules\jest-circus\build\jestAdapterInit.js:1497:10)
          at _callCircusTest (C:\Githhub\CreditMaster-Pro-app\node_modules\jest-circus\build\jestAdapterInit.js:1007:40)
          at processTicksAndRejections (node:internal/process/task_queues:103:5)
          at _runTest (C:\Githhub\CreditMaster-Pro-app\node_modules\jest-circus\build\jestAdapterInit.js:947:3)
          at C:\Githhub\CreditMaster-Pro-app\node_modules\jest-circus\build\jestAdapterInit.js:849:7
          at _runTestsForDescribeBlock (C:\Githhub\CreditMaster-Pro-app\node_modules\jest-circus\build\jestAdapterInit.js:862:11)
          at _runTestsForDescribeBlock (C:\Githhub\CreditMaster-Pro-app\node_modules\jest-circus\build\jestAdapterInit.js:857:11)
          at _runTestsForDescribeBlock (C:\Githhub\CreditMaster-Pro-app\node_modules\jest-circus\build\jestAdapterInit.js:857:11)
          at run (C:\Githhub\CreditMaster-Pro-app\node_modules\jest-circus\build\jestAdapterInit.js:761:3)
          at runAndTransformResultsToJestFormat 
(C:\Githhub\CreditMaster-Pro-app\node_modules\jest-circus\build\jestAdapterInit.js:1918:21)
          at jestAdapter (C:\Githhub\CreditMaster-Pro-app\node_modules\jest-circus\build\runner.js:101:19)
          at runTestInternal (C:\Githhub\CreditMaster-Pro-app\node_modules\jest-runner\build\testWorker.js:275:16)
          at runTest (C:\Githhub\CreditMaster-Pro-app\node_modules\jest-runner\build\testWorker.js:343:7)
          at Object.worker (C:\Githhub\CreditMaster-Pro-app\node_modules\jest-runner\build\testWorker.js:497:12)

    [0m [90m 428 |[39m       }[33m;[39m
     [90m 429 |[39m     } [36mcatch[39m (error) {
    [31m[1m>[22m[39m[90m 430 |[39m       console[33m.[39merror([32m`Error fetching tokenomics for ${coinId}:`[39m[33m,[39m 
error)[33m;[39m
     [90m     |[39m               [31m[1m^[22m[39m
     [90m 431 |[39m       [36mthrow[39m error[33m;[39m
     [90m 432 |[39m     }
     [90m 433 |[39m   }[0m

      at CryptoAnalyst.fetchTokenomicsData (src/lib/investments/crypto-analyst.ts:430:15)
      at CryptoAnalyst.getTokenomics (src/lib/investments/crypto-analyst.ts:203:28)
          at async Promise.all (index 1)

    console.error
      Error fetching social metrics for bitcoin: Error: Network error
          at Object.<anonymous> (C:\Githhub\CreditMaster-Pro-app\src\lib\investments\__tests__\crypto-analyst.test.ts:917:50)
          at Promise.finally.completed (C:\Githhub\CreditMaster-Pro-app\node_modules\jest-circus\build\jestAdapterInit.js:1557:28)
          at new Promise (<anonymous>)
          at callAsyncCircusFn (C:\Githhub\CreditMaster-Pro-app\node_modules\jest-circus\build\jestAdapterInit.js:1497:10)
          at _callCircusTest (C:\Githhub\CreditMaster-Pro-app\node_modules\jest-circus\build\jestAdapterInit.js:1007:40)
          at processTicksAndRejections (node:internal/process/task_queues:103:5)
          at _runTest (C:\Githhub\CreditMaster-Pro-app\node_modules\jest-circus\build\jestAdapterInit.js:947:3)
          at C:\Githhub\CreditMaster-Pro-app\node_modules\jest-circus\build\jestAdapterInit.js:849:7
          at _runTestsForDescribeBlock (C:\Githhub\CreditMaster-Pro-app\node_modules\jest-circus\build\jestAdapterInit.js:862:11)
          at _runTestsForDescribeBlock (C:\Githhub\CreditMaster-Pro-app\node_modules\jest-circus\build\jestAdapterInit.js:857:11)
          at _runTestsForDescribeBlock (C:\Githhub\CreditMaster-Pro-app\node_modules\jest-circus\build\jestAdapterInit.js:857:11)
          at run (C:\Githhub\CreditMaster-Pro-app\node_modules\jest-circus\build\jestAdapterInit.js:761:3)
          at runAndTransformResultsToJestFormat 
(C:\Githhub\CreditMaster-Pro-app\node_modules\jest-circus\build\jestAdapterInit.js:1918:21)
          at jestAdapter (C:\Githhub\CreditMaster-Pro-app\node_modules\jest-circus\build\runner.js:101:19)
          at runTestInternal (C:\Githhub\CreditMaster-Pro-app\node_modules\jest-runner\build\testWorker.js:275:16)
          at runTest (C:\Githhub\CreditMaster-Pro-app\node_modules\jest-runner\build\testWorker.js:343:7)
          at Object.worker (C:\Githhub\CreditMaster-Pro-app\node_modules\jest-runner\build\testWorker.js:497:12)

    [0m [90m 462 |[39m       }[33m;[39m
     [90m 463 |[39m     } [36mcatch[39m (error) {
    [31m[1m>[22m[39m[90m 464 |[39m       console[33m.[39merror([32m`Error fetching social metrics for 
${coinId}:`[39m[33m,[39m error)[33m;[39m
     [90m     |[39m               [31m[1m^[22m[39m
     [90m 465 |[39m       [36mthrow[39m error[33m;[39m
     [90m 466 |[39m     }
     [90m 467 |[39m   }[0m

      at CryptoAnalyst.fetchSocialMetrics (src/lib/investments/crypto-analyst.ts:464:15)
          at async Promise.all (index 0)
      at CryptoAnalyst.getCryptoSentiment (src/lib/investments/crypto-analyst.ts:227:51)
          at async Promise.all (index 2)

    console.error
      Error analyzing crypto bitcoin: Error: Network error
          at Object.<anonymous> (C:\Githhub\CreditMaster-Pro-app\src\lib\investments\__tests__\crypto-analyst.test.ts:917:50)
          at Promise.finally.completed (C:\Githhub\CreditMaster-Pro-app\node_modules\jest-circus\build\jestAdapterInit.js:1557:28)
          at new Promise (<anonymous>)
          at callAsyncCircusFn (C:\Githhub\CreditMaster-Pro-app\node_modules\jest-circus\build\jestAdapterInit.js:1497:10)
          at _callCircusTest (C:\Githhub\CreditMaster-Pro-app\node_modules\jest-circus\build\jestAdapterInit.js:1007:40)
          at processTicksAndRejections (node:internal/process/task_queues:103:5)
          at _runTest (C:\Githhub\CreditMaster-Pro-app\node_modules\jest-circus\build\jestAdapterInit.js:947:3)
          at C:\Githhub\CreditMaster-Pro-app\node_modules\jest-circus\build\jestAdapterInit.js:849:7
          at _runTestsForDescribeBlock (C:\Githhub\CreditMaster-Pro-app\node_modules\jest-circus\build\jestAdapterInit.js:862:11)
          at _runTestsForDescribeBlock (C:\Githhub\CreditMaster-Pro-app\node_modules\jest-circus\build\jestAdapterInit.js:857:11)
          at _runTestsForDescribeBlock (C:\Githhub\CreditMaster-Pro-app\node_modules\jest-circus\build\jestAdapterInit.js:857:11)
          at run (C:\Githhub\CreditMaster-Pro-app\node_modules\jest-circus\build\jestAdapterInit.js:761:3)
          at runAndTransformResultsToJestFormat 
(C:\Githhub\CreditMaster-Pro-app\node_modules\jest-circus\build\jestAdapterInit.js:1918:21)
          at jestAdapter (C:\Githhub\CreditMaster-Pro-app\node_modules\jest-circus\build\runner.js:101:19)
          at runTestInternal (C:\Githhub\CreditMaster-Pro-app\node_modules\jest-runner\build\testWorker.js:275:16)
          at runTest (C:\Githhub\CreditMaster-Pro-app\node_modules\jest-runner\build\testWorker.js:343:7)
          at Object.worker (C:\Githhub\CreditMaster-Pro-app\node_modules\jest-runner\build\testWorker.js:497:12)

    [0m [90m 131 |[39m       [36mreturn[39m analysis[33m;[39m
     [90m 132 |[39m     } [36mcatch[39m (error) {
    [31m[1m>[22m[39m[90m 133 |[39m       console[33m.[39merror([32m`Error analyzing crypto ${coinId}:`[39m[33m,[39m 
error)[33m;[39m
     [90m     |[39m               [31m[1m^[22m[39m
     [90m 134 |[39m       [36mthrow[39m [36mnew[39m [33mError[39m([32m`Failed to analyze cryptocurrency: ${error instanceof 
Error ? error.message : 'Unknown error'}`[39m)[33m;[39m
     [90m 135 |[39m     }
     [90m 136 |[39m   }[0m

      at CryptoAnalyst.analyzeCrypto (src/lib/investments/crypto-analyst.ts:133:15)
      at Object.<anonymous> (src/lib/investments/__tests__/crypto-analyst.test.ts:919:7)

    console.error
      Error fetching price data for bitcoin: Error: Invalid JSON
          at Object.json (C:\Githhub\CreditMaster-Pro-app\src\lib\investments\__tests__\crypto-analyst.test.ts:926:17)
          at CryptoAnalyst.getPriceData (C:\Githhub\CreditMaster-Pro-app\src\lib\investments\crypto-analyst.ts:273:35)
          at processTicksAndRejections (node:internal/process/task_queues:103:5)
          at async Promise.all (index 0)
          at CryptoAnalyst.analyzeCrypto (C:\Githhub\CreditMaster-Pro-app\src\lib\investments\crypto-analyst.ts:55:79)
          at Object.<anonymous> (C:\Githhub\CreditMaster-Pro-app\src\lib\investments\__tests__\crypto-analyst.test.ts:930:7)

    [0m [90m 288 |[39m       }[33m;[39m
     [90m 289 |[39m     } [36mcatch[39m (error) {
    [31m[1m>[22m[39m[90m 290 |[39m       console[33m.[39merror([32m`Error fetching price data for ${coinId}:`[39m[33m,[39m 
error)[33m;[39m
     [90m     |[39m               [31m[1m^[22m[39m
     [90m 291 |[39m       [36mthrow[39m error[33m;[39m
     [90m 292 |[39m     }
     [90m 293 |[39m   }[0m

      at CryptoAnalyst.getPriceData (src/lib/investments/crypto-analyst.ts:290:15)
          at async Promise.all (index 0)
      at CryptoAnalyst.analyzeCrypto (src/lib/investments/crypto-analyst.ts:55:79)
      at Object.<anonymous> (src/lib/investments/__tests__/crypto-analyst.test.ts:930:7)

    console.error
      Error fetching tokenomics for bitcoin: Error: Invalid JSON
          at Object.json (C:\Githhub\CreditMaster-Pro-app\src\lib\investments\__tests__\crypto-analyst.test.ts:926:17)
          at CryptoAnalyst.fetchTokenomicsData (C:\Githhub\CreditMaster-Pro-app\src\lib\investments\crypto-analyst.ts:397:35)
          at processTicksAndRejections (node:internal/process/task_queues:103:5)
          at CryptoAnalyst.getTokenomics (C:\Githhub\CreditMaster-Pro-app\src\lib\investments\crypto-analyst.ts:203:28)
          at async Promise.all (index 1)
          at CryptoAnalyst.analyzeCrypto (C:\Githhub\CreditMaster-Pro-app\src\lib\investments\crypto-analyst.ts:55:79)
          at Object.<anonymous> (C:\Githhub\CreditMaster-Pro-app\src\lib\investments\__tests__\crypto-analyst.test.ts:930:7)

    [0m [90m 428 |[39m       }[33m;[39m
     [90m 429 |[39m     } [36mcatch[39m (error) {
    [31m[1m>[22m[39m[90m 430 |[39m       console[33m.[39merror([32m`Error fetching tokenomics for ${coinId}:`[39m[33m,[39m 
error)[33m;[39m
     [90m     |[39m               [31m[1m^[22m[39m
     [90m 431 |[39m       [36mthrow[39m error[33m;[39m
     [90m 432 |[39m     }
     [90m 433 |[39m   }[0m

      at CryptoAnalyst.fetchTokenomicsData (src/lib/investments/crypto-analyst.ts:430:15)
      at CryptoAnalyst.getTokenomics (src/lib/investments/crypto-analyst.ts:203:28)
          at async Promise.all (index 1)

    console.error
      Error fetching social metrics for bitcoin: Error: Invalid JSON
          at Object.json (C:\Githhub\CreditMaster-Pro-app\src\lib\investments\__tests__\crypto-analyst.test.ts:926:17)
          at CryptoAnalyst.fetchSocialMetrics (C:\Githhub\CreditMaster-Pro-app\src\lib\investments\crypto-analyst.ts:447:35)
          at processTicksAndRejections (node:internal/process/task_queues:103:5)
          at async Promise.all (index 0)
          at CryptoAnalyst.getCryptoSentiment (C:\Githhub\CreditMaster-Pro-app\src\lib\investments\crypto-analyst.ts:227:51)
          at async Promise.all (index 2)
          at CryptoAnalyst.analyzeCrypto (C:\Githhub\CreditMaster-Pro-app\src\lib\investments\crypto-analyst.ts:55:79)
          at Object.<anonymous> (C:\Githhub\CreditMaster-Pro-app\src\lib\investments\__tests__\crypto-analyst.test.ts:930:7)

    [0m [90m 462 |[39m       }[33m;[39m
     [90m 463 |[39m     } [36mcatch[39m (error) {
    [31m[1m>[22m[39m[90m 464 |[39m       console[33m.[39merror([32m`Error fetching social metrics for 
${coinId}:`[39m[33m,[39m error)[33m;[39m
     [90m     |[39m               [31m[1m^[22m[39m
     [90m 465 |[39m       [36mthrow[39m error[33m;[39m
     [90m 466 |[39m     }
     [90m 467 |[39m   }[0m

      at CryptoAnalyst.fetchSocialMetrics (src/lib/investments/crypto-analyst.ts:464:15)
          at async Promise.all (index 0)
      at CryptoAnalyst.getCryptoSentiment (src/lib/investments/crypto-analyst.ts:227:51)
          at async Promise.all (index 2)

    console.error
      Error analyzing crypto bitcoin: Error: Invalid JSON
          at Object.json (C:\Githhub\CreditMaster-Pro-app\src\lib\investments\__tests__\crypto-analyst.test.ts:926:17)
          at CryptoAnalyst.getPriceData (C:\Githhub\CreditMaster-Pro-app\src\lib\investments\crypto-analyst.ts:273:35)
          at processTicksAndRejections (node:internal/process/task_queues:103:5)
          at async Promise.all (index 0)
          at CryptoAnalyst.analyzeCrypto (C:\Githhub\CreditMaster-Pro-app\src\lib\investments\crypto-analyst.ts:55:79)
          at Object.<anonymous> (C:\Githhub\CreditMaster-Pro-app\src\lib\investments\__tests__\crypto-analyst.test.ts:930:7)

    [0m [90m 131 |[39m       [36mreturn[39m analysis[33m;[39m
     [90m 132 |[39m     } [36mcatch[39m (error) {
    [31m[1m>[22m[39m[90m 133 |[39m       console[33m.[39merror([32m`Error analyzing crypto ${coinId}:`[39m[33m,[39m 
error)[33m;[39m
     [90m     |[39m               [31m[1m^[22m[39m
     [90m 134 |[39m       [36mthrow[39m [36mnew[39m [33mError[39m([32m`Failed to analyze cryptocurrency: ${error instanceof 
Error ? error.message : 'Unknown error'}`[39m)[33m;[39m
     [90m 135 |[39m     }
     [90m 136 |[39m   }[0m

      at CryptoAnalyst.analyzeCrypto (src/lib/investments/crypto-analyst.ts:133:15)
      at Object.<anonymous> (src/lib/investments/__tests__/crypto-analyst.test.ts:930:7)

PASS src/app/student-loan-agent/__tests__/page.test.tsx
PASS src/lib/investments/services/__tests__/InvestmentAnalysisEngine.test.ts
PASS src/lib/__tests__/score-simulator.test.ts
PASS src/lib/investments/__tests__/ai-stock-analyst.test.ts
  ΓùÅ Console

    console.warn
      Redis not configured. Using in-memory fallback cache.

    [0m [90m 35 |[39m     
     [90m 36 |[39m     [36mif[39m ([33m![39m[36mthis[39m[33m.[39mredisAvailable) {
    [31m[1m>[22m[39m[90m 37 |[39m       console[33m.[39mwarn([32m'Redis not configured. Using in-memory fallback 
cache.'[39m)[33m;[39m
     [90m    |[39m               [31m[1m^[22m[39m
     [90m 38 |[39m     }
     [90m 39 |[39m   }
     [90m 40 |[39m[0m

      at new RedisCacheService (src/lib/cache/redis-cache-service.ts:37:15)
      at Object.<anonymous> (src/lib/cache/redis-cache-service.ts:161:27)
      at Object.<anonymous> (src/lib/investments/ai-stock-analyst.ts:17:1)
      at Object.<anonymous> (src/lib/investments/__tests__/ai-stock-analyst.test.ts:5:1)

    console.warn
      Redis not configured. Using in-memory fallback cache.

    [0m [90m 35 |[39m     
     [90m 36 |[39m     [36mif[39m ([33m![39m[36mthis[39m[33m.[39mredisAvailable) {
    [31m[1m>[22m[39m[90m 37 |[39m       console[33m.[39mwarn([32m'Redis not configured. Using in-memory fallback 
cache.'[39m)[33m;[39m
     [90m    |[39m               [31m[1m^[22m[39m
     [90m 38 |[39m     }
     [90m 39 |[39m   }
     [90m 40 |[39m[0m

      at new RedisCacheService (src/lib/cache/redis-cache-service.ts:37:15)
      at Object.<anonymous> (src/lib/cache/redis-cache-service.ts:162:32)
      at Object.<anonymous> (src/lib/investments/ai-stock-analyst.ts:17:1)
      at Object.<anonymous> (src/lib/investments/__tests__/ai-stock-analyst.test.ts:5:1)

    console.warn
      Redis not configured. Using in-memory fallback cache.

    [0m [90m 35 |[39m     
     [90m 36 |[39m     [36mif[39m ([33m![39m[36mthis[39m[33m.[39mredisAvailable) {
    [31m[1m>[22m[39m[90m 37 |[39m       console[33m.[39mwarn([32m'Redis not configured. Using in-memory fallback 
cache.'[39m)[33m;[39m
     [90m    |[39m               [31m[1m^[22m[39m
     [90m 38 |[39m     }
     [90m 39 |[39m   }
     [90m 40 |[39m[0m

      at new RedisCacheService (src/lib/cache/redis-cache-service.ts:37:15)
      at Object.<anonymous> (src/lib/cache/redis-cache-service.ts:163:31)
      at Object.<anonymous> (src/lib/investments/ai-stock-analyst.ts:17:1)
      at Object.<anonymous> (src/lib/investments/__tests__/ai-stock-analyst.test.ts:5:1)

    console.warn
      Redis not configured. Using in-memory fallback cache.

    [0m [90m 35 |[39m     
     [90m 36 |[39m     [36mif[39m ([33m![39m[36mthis[39m[33m.[39mredisAvailable) {
    [31m[1m>[22m[39m[90m 37 |[39m       console[33m.[39mwarn([32m'Redis not configured. Using in-memory fallback 
cache.'[39m)[33m;[39m
     [90m    |[39m               [31m[1m^[22m[39m
     [90m 38 |[39m     }
     [90m 39 |[39m   }
     [90m 40 |[39m[0m

      at new RedisCacheService (src/lib/cache/redis-cache-service.ts:37:15)
      at Object.<anonymous> (src/lib/cache/redis-cache-service.ts:164:31)
      at Object.<anonymous> (src/lib/investments/ai-stock-analyst.ts:17:1)
      at Object.<anonymous> (src/lib/investments/__tests__/ai-stock-analyst.test.ts:5:1)

    console.warn
      Redis not configured. Using in-memory fallback cache.

    [0m [90m 35 |[39m     
     [90m 36 |[39m     [36mif[39m ([33m![39m[36mthis[39m[33m.[39mredisAvailable) {
    [31m[1m>[22m[39m[90m 37 |[39m       console[33m.[39mwarn([32m'Redis not configured. Using in-memory fallback 
cache.'[39m)[33m;[39m
     [90m    |[39m               [31m[1m^[22m[39m
     [90m 38 |[39m     }
     [90m 39 |[39m   }
     [90m 40 |[39m[0m

      at new RedisCacheService (src/lib/cache/redis-cache-service.ts:37:15)
      at new AIStockAnalystService (src/lib/investments/ai-stock-analyst.ts:96:23)
      at Object.<anonymous> (src/lib/investments/ai-stock-analyst.ts:2335:31)
      at Object.<anonymous> (src/lib/investments/__tests__/ai-stock-analyst.test.ts:5:1)

    console.warn
      Redis not configured. Using in-memory fallback cache.

    [0m [90m 35 |[39m     
     [90m 36 |[39m     [36mif[39m ([33m![39m[36mthis[39m[33m.[39mredisAvailable) {
    [31m[1m>[22m[39m[90m 37 |[39m       console[33m.[39mwarn([32m'Redis not configured. Using in-memory fallback 
cache.'[39m)[33m;[39m
     [90m    |[39m               [31m[1m^[22m[39m
     [90m 38 |[39m     }
     [90m 39 |[39m   }
     [90m 40 |[39m[0m

      at new RedisCacheService (src/lib/cache/redis-cache-service.ts:37:15)
      at new AIStockAnalystService (src/lib/investments/ai-stock-analyst.ts:96:23)
      at Object.<anonymous> (src/lib/investments/__tests__/ai-stock-analyst.test.ts:74:15)

    console.error
      Error generating AI analysis: TypeError: this.aimlService.chat is not a function
          at AIStockAnalystService.generateAIAnalysis (C:\Githhub\CreditMaster-Pro-app\src\lib\investments\ai-stock-analyst.ts:1532:47)
          at AIStockAnalystService.analyzeStock (C:\Githhub\CreditMaster-Pro-app\src\lib\investments\ai-stock-analyst.ts:194:22)
          at processTicksAndRejections (node:internal/process/task_queues:103:5)
          at Object.<anonymous> (C:\Githhub\CreditMaster-Pro-app\src\lib\investments\__tests__\ai-stock-analyst.test.ts:88:22)

    [0m [90m 1546 |[39m       }[33m;[39m
     [90m 1547 |[39m     } [36mcatch[39m (error) {
    [31m[1m>[22m[39m[90m 1548 |[39m       console[33m.[39merror([32m'Error generating AI analysis:'[39m[33m,[39m 
error)[33m;[39m
     [90m      |[39m               [31m[1m^[22m[39m
     [90m 1549 |[39m       [36mreturn[39m [36mthis[39m[33m.[39mgetDefaultAIAnalysis(symbol)[33m;[39m
     [90m 1550 |[39m     }
     [90m 1551 |[39m   }[0m

      at AIStockAnalystService.generateAIAnalysis (src/lib/investments/ai-stock-analyst.ts:1548:15)
      at AIStockAnalystService.analyzeStock (src/lib/investments/ai-stock-analyst.ts:194:22)
      at Object.<anonymous> (src/lib/investments/__tests__/ai-stock-analyst.test.ts:88:22)

    console.warn
      Redis not configured. Using in-memory fallback cache.

    [0m [90m 35 |[39m     
     [90m 36 |[39m     [36mif[39m ([33m![39m[36mthis[39m[33m.[39mredisAvailable) {
    [31m[1m>[22m[39m[90m 37 |[39m       console[33m.[39mwarn([32m'Redis not configured. Using in-memory fallback 
cache.'[39m)[33m;[39m
     [90m    |[39m               [31m[1m^[22m[39m
     [90m 38 |[39m     }
     [90m 39 |[39m   }
     [90m 40 |[39m[0m

      at new RedisCacheService (src/lib/cache/redis-cache-service.ts:37:15)
      at new AIStockAnalystService (src/lib/investments/ai-stock-analyst.ts:96:23)
      at Object.<anonymous> (src/lib/investments/__tests__/ai-stock-analyst.test.ts:74:15)

    console.warn
      Redis not configured. Using in-memory fallback cache.

    [0m [90m 35 |[39m     
     [90m 36 |[39m     [36mif[39m ([33m![39m[36mthis[39m[33m.[39mredisAvailable) {
    [31m[1m>[22m[39m[90m 37 |[39m       console[33m.[39mwarn([32m'Redis not configured. Using in-memory fallback 
cache.'[39m)[33m;[39m
     [90m    |[39m               [31m[1m^[22m[39m
     [90m 38 |[39m     }
     [90m 39 |[39m   }
     [90m 40 |[39m[0m

      at new RedisCacheService (src/lib/cache/redis-cache-service.ts:37:15)
      at new AIStockAnalystService (src/lib/investments/ai-stock-analyst.ts:96:23)
      at Object.<anonymous> (src/lib/investments/__tests__/ai-stock-analyst.test.ts:74:15)

    console.warn
      Redis not configured. Using in-memory fallback cache.

    [0m [90m 35 |[39m     
     [90m 36 |[39m     [36mif[39m ([33m![39m[36mthis[39m[33m.[39mredisAvailable) {
    [31m[1m>[22m[39m[90m 37 |[39m       console[33m.[39mwarn([32m'Redis not configured. Using in-memory fallback 
cache.'[39m)[33m;[39m
     [90m    |[39m               [31m[1m^[22m[39m
     [90m 38 |[39m     }
     [90m 39 |[39m   }
     [90m 40 |[39m[0m

      at new RedisCacheService (src/lib/cache/redis-cache-service.ts:37:15)
      at new AIStockAnalystService (src/lib/investments/ai-stock-analyst.ts:96:23)
      at Object.<anonymous> (src/lib/investments/__tests__/ai-stock-analyst.test.ts:74:15)

    console.warn
      Redis not configured. Using in-memory fallback cache.

    [0m [90m 35 |[39m     
     [90m 36 |[39m     [36mif[39m ([33m![39m[36mthis[39m[33m.[39mredisAvailable) {
    [31m[1m>[22m[39m[90m 37 |[39m       console[33m.[39mwarn([32m'Redis not configured. Using in-memory fallback 
cache.'[39m)[33m;[39m
     [90m    |[39m               [31m[1m^[22m[39m
     [90m 38 |[39m     }
     [90m 39 |[39m   }
     [90m 40 |[39m[0m

      at new RedisCacheService (src/lib/cache/redis-cache-service.ts:37:15)
      at new AIStockAnalystService (src/lib/investments/ai-stock-analyst.ts:96:23)
      at Object.<anonymous> (src/lib/investments/__tests__/ai-stock-analyst.test.ts:74:15)

    console.warn
      Redis not configured. Using in-memory fallback cache.

    [0m [90m 35 |[39m     
     [90m 36 |[39m     [36mif[39m ([33m![39m[36mthis[39m[33m.[39mredisAvailable) {
    [31m[1m>[22m[39m[90m 37 |[39m       console[33m.[39mwarn([32m'Redis not configured. Using in-memory fallback 
cache.'[39m)[33m;[39m
     [90m    |[39m               [31m[1m^[22m[39m
     [90m 38 |[39m     }
     [90m 39 |[39m   }
     [90m 40 |[39m[0m

      at new RedisCacheService (src/lib/cache/redis-cache-service.ts:37:15)
      at new AIStockAnalystService (src/lib/investments/ai-stock-analyst.ts:96:23)
      at Object.<anonymous> (src/lib/investments/__tests__/ai-stock-analyst.test.ts:74:15)

    console.warn
      Redis not configured. Using in-memory fallback cache.

    [0m [90m 35 |[39m     
     [90m 36 |[39m     [36mif[39m ([33m![39m[36mthis[39m[33m.[39mredisAvailable) {
    [31m[1m>[22m[39m[90m 37 |[39m       console[33m.[39mwarn([32m'Redis not configured. Using in-memory fallback 
cache.'[39m)[33m;[39m
     [90m    |[39m               [31m[1m^[22m[39m
     [90m 38 |[39m     }
     [90m 39 |[39m   }
     [90m 40 |[39m[0m

      at new RedisCacheService (src/lib/cache/redis-cache-service.ts:37:15)
      at new AIStockAnalystService (src/lib/investments/ai-stock-analyst.ts:96:23)
      at Object.<anonymous> (src/lib/investments/__tests__/ai-stock-analyst.test.ts:74:15)

    console.warn
      Redis not configured. Using in-memory fallback cache.

    [0m [90m 35 |[39m     
     [90m 36 |[39m     [36mif[39m ([33m![39m[36mthis[39m[33m.[39mredisAvailable) {
    [31m[1m>[22m[39m[90m 37 |[39m       console[33m.[39mwarn([32m'Redis not configured. Using in-memory fallback 
cache.'[39m)[33m;[39m
     [90m    |[39m               [31m[1m^[22m[39m
     [90m 38 |[39m     }
     [90m 39 |[39m   }
     [90m 40 |[39m[0m

      at new RedisCacheService (src/lib/cache/redis-cache-service.ts:37:15)
      at new AIStockAnalystService (src/lib/investments/ai-stock-analyst.ts:96:23)
      at Object.<anonymous> (src/lib/investments/__tests__/ai-stock-analyst.test.ts:74:15)

    console.warn
      Redis not configured. Using in-memory fallback cache.

    [0m [90m 35 |[39m     
     [90m 36 |[39m     [36mif[39m ([33m![39m[36mthis[39m[33m.[39mredisAvailable) {
    [31m[1m>[22m[39m[90m 37 |[39m       console[33m.[39mwarn([32m'Redis not configured. Using in-memory fallback 
cache.'[39m)[33m;[39m
     [90m    |[39m               [31m[1m^[22m[39m
     [90m 38 |[39m     }
     [90m 39 |[39m   }
     [90m 40 |[39m[0m

      at new RedisCacheService (src/lib/cache/redis-cache-service.ts:37:15)
      at new AIStockAnalystService (src/lib/investments/ai-stock-analyst.ts:96:23)
      at Object.<anonymous> (src/lib/investments/__tests__/ai-stock-analyst.test.ts:74:15)

    console.warn
      Redis not configured. Using in-memory fallback cache.

    [0m [90m 35 |[39m     
     [90m 36 |[39m     [36mif[39m ([33m![39m[36mthis[39m[33m.[39mredisAvailable) {
    [31m[1m>[22m[39m[90m 37 |[39m       console[33m.[39mwarn([32m'Redis not configured. Using in-memory fallback 
cache.'[39m)[33m;[39m
     [90m    |[39m               [31m[1m^[22m[39m
     [90m 38 |[39m     }
     [90m 39 |[39m   }
     [90m 40 |[39m[0m

      at new RedisCacheService (src/lib/cache/redis-cache-service.ts:37:15)
      at new AIStockAnalystService (src/lib/investments/ai-stock-analyst.ts:96:23)
      at Object.<anonymous> (src/lib/investments/__tests__/ai-stock-analyst.test.ts:74:15)

    console.warn
      Redis not configured. Using in-memory fallback cache.

    [0m [90m 35 |[39m     
     [90m 36 |[39m     [36mif[39m ([33m![39m[36mthis[39m[33m.[39mredisAvailable) {
    [31m[1m>[22m[39m[90m 37 |[39m       console[33m.[39mwarn([32m'Redis not configured. Using in-memory fallback 
cache.'[39m)[33m;[39m
     [90m    |[39m               [31m[1m^[22m[39m
     [90m 38 |[39m     }
     [90m 39 |[39m   }
     [90m 40 |[39m[0m

      at new RedisCacheService (src/lib/cache/redis-cache-service.ts:37:15)
      at new AIStockAnalystService (src/lib/investments/ai-stock-analyst.ts:96:23)
      at Object.<anonymous> (src/lib/investments/__tests__/ai-stock-analyst.test.ts:74:15)

    console.warn
      Redis not configured. Using in-memory fallback cache.

    [0m [90m 35 |[39m     
     [90m 36 |[39m     [36mif[39m ([33m![39m[36mthis[39m[33m.[39mredisAvailable) {
    [31m[1m>[22m[39m[90m 37 |[39m       console[33m.[39mwarn([32m'Redis not configured. Using in-memory fallback 
cache.'[39m)[33m;[39m
     [90m    |[39m               [31m[1m^[22m[39m
     [90m 38 |[39m     }
     [90m 39 |[39m   }
     [90m 40 |[39m[0m

      at new RedisCacheService (src/lib/cache/redis-cache-service.ts:37:15)
      at new AIStockAnalystService (src/lib/investments/ai-stock-analyst.ts:96:23)
      at Object.<anonymous> (src/lib/investments/__tests__/ai-stock-analyst.test.ts:74:15)

    console.warn
      Redis not configured. Using in-memory fallback cache.

    [0m [90m 35 |[39m     
     [90m 36 |[39m     [36mif[39m ([33m![39m[36mthis[39m[33m.[39mredisAvailable) {
    [31m[1m>[22m[39m[90m 37 |[39m       console[33m.[39mwarn([32m'Redis not configured. Using in-memory fallback 
cache.'[39m)[33m;[39m
     [90m    |[39m               [31m[1m^[22m[39m
     [90m 38 |[39m     }
     [90m 39 |[39m   }
     [90m 40 |[39m[0m

      at new RedisCacheService (src/lib/cache/redis-cache-service.ts:37:15)
      at new AIStockAnalystService (src/lib/investments/ai-stock-analyst.ts:96:23)
      at Object.<anonymous> (src/lib/investments/__tests__/ai-stock-analyst.test.ts:74:15)

    console.warn
      Redis not configured. Using in-memory fallback cache.

    [0m [90m 35 |[39m     
     [90m 36 |[39m     [36mif[39m ([33m![39m[36mthis[39m[33m.[39mredisAvailable) {
    [31m[1m>[22m[39m[90m 37 |[39m       console[33m.[39mwarn([32m'Redis not configured. Using in-memory fallback 
cache.'[39m)[33m;[39m
     [90m    |[39m               [31m[1m^[22m[39m
     [90m 38 |[39m     }
     [90m 39 |[39m   }
     [90m 40 |[39m[0m

      at new RedisCacheService (src/lib/cache/redis-cache-service.ts:37:15)
      at new AIStockAnalystService (src/lib/investments/ai-stock-analyst.ts:96:23)
      at Object.<anonymous> (src/lib/investments/__tests__/ai-stock-analyst.test.ts:74:15)

    console.warn
      Redis not configured. Using in-memory fallback cache.

    [0m [90m 35 |[39m     
     [90m 36 |[39m     [36mif[39m ([33m![39m[36mthis[39m[33m.[39mredisAvailable) {
    [31m[1m>[22m[39m[90m 37 |[39m       console[33m.[39mwarn([32m'Redis not configured. Using in-memory fallback 
cache.'[39m)[33m;[39m
     [90m    |[39m               [31m[1m^[22m[39m
     [90m 38 |[39m     }
     [90m 39 |[39m   }
     [90m 40 |[39m[0m

      at new RedisCacheService (src/lib/cache/redis-cache-service.ts:37:15)
      at new AIStockAnalystService (src/lib/investments/ai-stock-analyst.ts:96:23)
      at Object.<anonymous> (src/lib/investments/__tests__/ai-stock-analyst.test.ts:74:15)

    console.warn
      Redis not configured. Using in-memory fallback cache.

    [0m [90m 35 |[39m     
     [90m 36 |[39m     [36mif[39m ([33m![39m[36mthis[39m[33m.[39mredisAvailable) {
    [31m[1m>[22m[39m[90m 37 |[39m       console[33m.[39mwarn([32m'Redis not configured. Using in-memory fallback 
cache.'[39m)[33m;[39m
     [90m    |[39m               [31m[1m^[22m[39m
     [90m 38 |[39m     }
     [90m 39 |[39m   }
     [90m 40 |[39m[0m

      at new RedisCacheService (src/lib/cache/redis-cache-service.ts:37:15)
      at new AIStockAnalystService (src/lib/investments/ai-stock-analyst.ts:96:23)
      at Object.<anonymous> (src/lib/investments/__tests__/ai-stock-analyst.test.ts:74:15)

    console.warn
      Redis not configured. Using in-memory fallback cache.

    [0m [90m 35 |[39m     
     [90m 36 |[39m     [36mif[39m ([33m![39m[36mthis[39m[33m.[39mredisAvailable) {
    [31m[1m>[22m[39m[90m 37 |[39m       console[33m.[39mwarn([32m'Redis not configured. Using in-memory fallback 
cache.'[39m)[33m;[39m
     [90m    |[39m               [31m[1m^[22m[39m
     [90m 38 |[39m     }
     [90m 39 |[39m   }
     [90m 40 |[39m[0m

      at new RedisCacheService (src/lib/cache/redis-cache-service.ts:37:15)
      at new AIStockAnalystService (src/lib/investments/ai-stock-analyst.ts:96:23)
      at Object.<anonymous> (src/lib/investments/__tests__/ai-stock-analyst.test.ts:74:15)

    console.warn
      Redis not configured. Using in-memory fallback cache.

    [0m [90m 35 |[39m     
     [90m 36 |[39m     [36mif[39m ([33m![39m[36mthis[39m[33m.[39mredisAvailable) {
    [31m[1m>[22m[39m[90m 37 |[39m       console[33m.[39mwarn([32m'Redis not configured. Using in-memory fallback 
cache.'[39m)[33m;[39m
     [90m    |[39m               [31m[1m^[22m[39m
     [90m 38 |[39m     }
     [90m 39 |[39m   }
     [90m 40 |[39m[0m

      at new RedisCacheService (src/lib/cache/redis-cache-service.ts:37:15)
      at new AIStockAnalystService (src/lib/investments/ai-stock-analyst.ts:96:23)
      at Object.<anonymous> (src/lib/investments/__tests__/ai-stock-analyst.test.ts:74:15)

    console.warn
      Redis not configured. Using in-memory fallback cache.

    [0m [90m 35 |[39m     
     [90m 36 |[39m     [36mif[39m ([33m![39m[36mthis[39m[33m.[39mredisAvailable) {
    [31m[1m>[22m[39m[90m 37 |[39m       console[33m.[39mwarn([32m'Redis not configured. Using in-memory fallback 
cache.'[39m)[33m;[39m
     [90m    |[39m               [31m[1m^[22m[39m
     [90m 38 |[39m     }
     [90m 39 |[39m   }
     [90m 40 |[39m[0m

      at new RedisCacheService (src/lib/cache/redis-cache-service.ts:37:15)
      at new AIStockAnalystService (src/lib/investments/ai-stock-analyst.ts:96:23)
      at Object.<anonymous> (src/lib/investments/__tests__/ai-stock-analyst.test.ts:74:15)

    console.warn
      Redis not configured. Using in-memory fallback cache.

    [0m [90m 35 |[39m     
     [90m 36 |[39m     [36mif[39m ([33m![39m[36mthis[39m[33m.[39mredisAvailable) {
    [31m[1m>[22m[39m[90m 37 |[39m       console[33m.[39mwarn([32m'Redis not configured. Using in-memory fallback 
cache.'[39m)[33m;[39m
     [90m    |[39m               [31m[1m^[22m[39m
     [90m 38 |[39m     }
     [90m 39 |[39m   }
     [90m 40 |[39m[0m

      at new RedisCacheService (src/lib/cache/redis-cache-service.ts:37:15)
      at new AIStockAnalystService (src/lib/investments/ai-stock-analyst.ts:96:23)
      at Object.<anonymous> (src/lib/investments/__tests__/ai-stock-analyst.test.ts:74:15)

    console.error
      Error generating AI analysis: TypeError: this.aimlService.chat is not a function
          at AIStockAnalystService.generateAIAnalysis (C:\Githhub\CreditMaster-Pro-app\src\lib\investments\ai-stock-analyst.ts:1532:47)
          at AIStockAnalystService.getAIRecommendation (C:\Githhub\CreditMaster-Pro-app\src\lib\investments\ai-stock-analyst.ts:2227:37)
          at processTicksAndRejections (node:internal/process/task_queues:103:5)
          at Object.<anonymous> (C:\Githhub\CreditMaster-Pro-app\src\lib\investments\__tests__\ai-stock-analyst.test.ts:489:30)

    [0m [90m 1546 |[39m       }[33m;[39m
     [90m 1547 |[39m     } [36mcatch[39m (error) {
    [31m[1m>[22m[39m[90m 1548 |[39m       console[33m.[39merror([32m'Error generating AI analysis:'[39m[33m,[39m 
error)[33m;[39m
     [90m      |[39m               [31m[1m^[22m[39m
     [90m 1549 |[39m       [36mreturn[39m [36mthis[39m[33m.[39mgetDefaultAIAnalysis(symbol)[33m;[39m
     [90m 1550 |[39m     }
     [90m 1551 |[39m   }[0m

      at AIStockAnalystService.generateAIAnalysis (src/lib/investments/ai-stock-analyst.ts:1548:15)
      at AIStockAnalystService.getAIRecommendation (src/lib/investments/ai-stock-analyst.ts:2227:37)
      at Object.<anonymous> (src/lib/investments/__tests__/ai-stock-analyst.test.ts:489:30)

    console.warn
      Redis not configured. Using in-memory fallback cache.

    [0m [90m 35 |[39m     
     [90m 36 |[39m     [36mif[39m ([33m![39m[36mthis[39m[33m.[39mredisAvailable) {
    [31m[1m>[22m[39m[90m 37 |[39m       console[33m.[39mwarn([32m'Redis not configured. Using in-memory fallback 
cache.'[39m)[33m;[39m
     [90m    |[39m               [31m[1m^[22m[39m
     [90m 38 |[39m     }
     [90m 39 |[39m   }
     [90m 40 |[39m[0m

      at new RedisCacheService (src/lib/cache/redis-cache-service.ts:37:15)
      at new AIStockAnalystService (src/lib/investments/ai-stock-analyst.ts:96:23)
      at Object.<anonymous> (src/lib/investments/__tests__/ai-stock-analyst.test.ts:74:15)

    console.error
      Error generating AI analysis: TypeError: this.aimlService.chat is not a function
          at AIStockAnalystService.generateAIAnalysis (C:\Githhub\CreditMaster-Pro-app\src\lib\investments\ai-stock-analyst.ts:1532:47)
          at AIStockAnalystService.getAIRecommendation (C:\Githhub\CreditMaster-Pro-app\src\lib\investments\ai-stock-analyst.ts:2227:37)
          at processTicksAndRejections (node:internal/process/task_queues:103:5)
          at Object.<anonymous> (C:\Githhub\CreditMaster-Pro-app\src\lib\investments\__tests__\ai-stock-analyst.test.ts:503:30)

    [0m [90m 1546 |[39m       }[33m;[39m
     [90m 1547 |[39m     } [36mcatch[39m (error) {
    [31m[1m>[22m[39m[90m 1548 |[39m       console[33m.[39merror([32m'Error generating AI analysis:'[39m[33m,[39m 
error)[33m;[39m
     [90m      |[39m               [31m[1m^[22m[39m
     [90m 1549 |[39m       [36mreturn[39m [36mthis[39m[33m.[39mgetDefaultAIAnalysis(symbol)[33m;[39m
     [90m 1550 |[39m     }
     [90m 1551 |[39m   }[0m

      at AIStockAnalystService.generateAIAnalysis (src/lib/investments/ai-stock-analyst.ts:1548:15)
      at AIStockAnalystService.getAIRecommendation (src/lib/investments/ai-stock-analyst.ts:2227:37)
      at Object.<anonymous> (src/lib/investments/__tests__/ai-stock-analyst.test.ts:503:30)

    console.warn
      Redis not configured. Using in-memory fallback cache.

    [0m [90m 35 |[39m     
     [90m 36 |[39m     [36mif[39m ([33m![39m[36mthis[39m[33m.[39mredisAvailable) {
    [31m[1m>[22m[39m[90m 37 |[39m       console[33m.[39mwarn([32m'Redis not configured. Using in-memory fallback 
cache.'[39m)[33m;[39m
     [90m    |[39m               [31m[1m^[22m[39m
     [90m 38 |[39m     }
     [90m 39 |[39m   }
     [90m 40 |[39m[0m

      at new RedisCacheService (src/lib/cache/redis-cache-service.ts:37:15)
      at new AIStockAnalystService (src/lib/investments/ai-stock-analyst.ts:96:23)
      at Object.<anonymous> (src/lib/investments/__tests__/ai-stock-analyst.test.ts:74:15)

    console.error
      Error generating AI analysis: TypeError: this.aimlService.chat is not a function
          at AIStockAnalystService.generateAIAnalysis (C:\Githhub\CreditMaster-Pro-app\src\lib\investments\ai-stock-analyst.ts:1532:47)
          at AIStockAnalystService.getAIRecommendation (C:\Githhub\CreditMaster-Pro-app\src\lib\investments\ai-stock-analyst.ts:2227:37)
          at processTicksAndRejections (node:internal/process/task_queues:103:5)
          at Object.<anonymous> (C:\Githhub\CreditMaster-Pro-app\src\lib\investments\__tests__\ai-stock-analyst.test.ts:514:30)

    [0m [90m 1546 |[39m       }[33m;[39m
     [90m 1547 |[39m     } [36mcatch[39m (error) {
    [31m[1m>[22m[39m[90m 1548 |[39m       console[33m.[39merror([32m'Error generating AI analysis:'[39m[33m,[39m 
error)[33m;[39m
     [90m      |[39m               [31m[1m^[22m[39m
     [90m 1549 |[39m       [36mreturn[39m [36mthis[39m[33m.[39mgetDefaultAIAnalysis(symbol)[33m;[39m
     [90m 1550 |[39m     }
     [90m 1551 |[39m   }[0m

      at AIStockAnalystService.generateAIAnalysis (src/lib/investments/ai-stock-analyst.ts:1548:15)
      at AIStockAnalystService.getAIRecommendation (src/lib/investments/ai-stock-analyst.ts:2227:37)
      at Object.<anonymous> (src/lib/investments/__tests__/ai-stock-analyst.test.ts:514:30)

    console.warn
      Redis not configured. Using in-memory fallback cache.

    [0m [90m 35 |[39m     
     [90m 36 |[39m     [36mif[39m ([33m![39m[36mthis[39m[33m.[39mredisAvailable) {
    [31m[1m>[22m[39m[90m 37 |[39m       console[33m.[39mwarn([32m'Redis not configured. Using in-memory fallback 
cache.'[39m)[33m;[39m
     [90m    |[39m               [31m[1m^[22m[39m
     [90m 38 |[39m     }
     [90m 39 |[39m   }
     [90m 40 |[39m[0m

      at new RedisCacheService (src/lib/cache/redis-cache-service.ts:37:15)
      at new AIStockAnalystService (src/lib/investments/ai-stock-analyst.ts:96:23)
      at Object.<anonymous> (src/lib/investments/__tests__/ai-stock-analyst.test.ts:74:15)

    console.warn
      Redis not configured. Using in-memory fallback cache.

    [0m [90m 35 |[39m     
     [90m 36 |[39m     [36mif[39m ([33m![39m[36mthis[39m[33m.[39mredisAvailable) {
    [31m[1m>[22m[39m[90m 37 |[39m       console[33m.[39mwarn([32m'Redis not configured. Using in-memory fallback 
cache.'[39m)[33m;[39m
     [90m    |[39m               [31m[1m^[22m[39m
     [90m 38 |[39m     }
     [90m 39 |[39m   }
     [90m 40 |[39m[0m

      at new RedisCacheService (src/lib/cache/redis-cache-service.ts:37:15)
      at new AIStockAnalystService (src/lib/investments/ai-stock-analyst.ts:96:23)
      at Object.<anonymous> (src/lib/investments/__tests__/ai-stock-analyst.test.ts:74:15)

    console.warn
      Redis not configured. Using in-memory fallback cache.

    [0m [90m 35 |[39m     
     [90m 36 |[39m     [36mif[39m ([33m![39m[36mthis[39m[33m.[39mredisAvailable) {
    [31m[1m>[22m[39m[90m 37 |[39m       console[33m.[39mwarn([32m'Redis not configured. Using in-memory fallback 
cache.'[39m)[33m;[39m
     [90m    |[39m               [31m[1m^[22m[39m
     [90m 38 |[39m     }
     [90m 39 |[39m   }
     [90m 40 |[39m[0m

      at new RedisCacheService (src/lib/cache/redis-cache-service.ts:37:15)
      at new AIStockAnalystService (src/lib/investments/ai-stock-analyst.ts:96:23)
      at Object.<anonymous> (src/lib/investments/__tests__/ai-stock-analyst.test.ts:74:15)

    console.warn
      Redis not configured. Using in-memory fallback cache.

    [0m [90m 35 |[39m     
     [90m 36 |[39m     [36mif[39m ([33m![39m[36mthis[39m[33m.[39mredisAvailable) {
    [31m[1m>[22m[39m[90m 37 |[39m       console[33m.[39mwarn([32m'Redis not configured. Using in-memory fallback 
cache.'[39m)[33m;[39m
     [90m    |[39m               [31m[1m^[22m[39m
     [90m 38 |[39m     }
     [90m 39 |[39m   }
     [90m 40 |[39m[0m

      at new RedisCacheService (src/lib/cache/redis-cache-service.ts:37:15)
      at new AIStockAnalystService (src/lib/investments/ai-stock-analyst.ts:96:23)
      at Object.<anonymous> (src/lib/investments/__tests__/ai-stock-analyst.test.ts:74:15)

    console.error
      Error generating AI analysis: TypeError: this.aimlService.chat is not a function
          at AIStockAnalystService.generateAIAnalysis (C:\Githhub\CreditMaster-Pro-app\src\lib\investments\ai-stock-analyst.ts:1532:47)
          at AIStockAnalystService.analyzeStock (C:\Githhub\CreditMaster-Pro-app\src\lib\investments\ai-stock-analyst.ts:194:22)
          at processTicksAndRejections (node:internal/process/task_queues:103:5)
          at Object.<anonymous> (C:\Githhub\CreditMaster-Pro-app\src\lib\investments\__tests__\ai-stock-analyst.test.ts:588:22)

    [0m [90m 1546 |[39m       }[33m;[39m
     [90m 1547 |[39m     } [36mcatch[39m (error) {
    [31m[1m>[22m[39m[90m 1548 |[39m       console[33m.[39merror([32m'Error generating AI analysis:'[39m[33m,[39m 
error)[33m;[39m
     [90m      |[39m               [31m[1m^[22m[39m
     [90m 1549 |[39m       [36mreturn[39m [36mthis[39m[33m.[39mgetDefaultAIAnalysis(symbol)[33m;[39m
     [90m 1550 |[39m     }
     [90m 1551 |[39m   }[0m

      at AIStockAnalystService.generateAIAnalysis (src/lib/investments/ai-stock-analyst.ts:1548:15)
      at AIStockAnalystService.analyzeStock (src/lib/investments/ai-stock-analyst.ts:194:22)
      at Object.<anonymous> (src/lib/investments/__tests__/ai-stock-analyst.test.ts:588:22)

PASS src/hooks/__tests__/useRealTimePrice.test.ts
  ΓùÅ Console

    console.log
      ≡ƒôí WebSocket connected for real-time prices

      at MockWebSocket.ws.onopen (src/hooks/useRealTimePrice.ts:128:17)

    console.log
      ≡ƒôí WebSocket disconnected

      at MockWebSocket.ws.onclose (src/hooks/useRealTimePrice.ts:171:17)
          at Array.forEach (<anonymous>)

    console.log
      ≡ƒôí WebSocket connected for real-time prices

      at MockWebSocket.ws.onopen (src/hooks/useRealTimePrice.ts:128:17)

    console.log
      ≡ƒôí WebSocket disconnected

      at MockWebSocket.ws.onclose (src/hooks/useRealTimePrice.ts:171:17)
          at Array.forEach (<anonymous>)

    console.log
      ≡ƒôí WebSocket connected for real-time prices

      at MockWebSocket.ws.onopen (src/hooks/useRealTimePrice.ts:128:17)

    console.log
      ≡ƒôí WebSocket disconnected

      at MockWebSocket.ws.onclose (src/hooks/useRealTimePrice.ts:171:17)

    console.log
      ≡ƒôí WebSocket disconnected

      at MockWebSocket.ws.onclose (src/hooks/useRealTimePrice.ts:171:17)

    console.log
      ≡ƒôí WebSocket connected for real-time prices

      at MockWebSocket.ws.onopen (src/hooks/useRealTimePrice.ts:128:17)

    console.log
      ≡ƒôí WebSocket disconnected

      at MockWebSocket.ws.onclose (src/hooks/useRealTimePrice.ts:171:17)
          at Array.forEach (<anonymous>)

    console.log
      ≡ƒôí WebSocket connected for real-time prices

      at MockWebSocket.ws.onopen (src/hooks/useRealTimePrice.ts:128:17)

    console.log
      ≡ƒôí WebSocket disconnected

      at MockWebSocket.ws.onclose (src/hooks/useRealTimePrice.ts:171:17)

    console.log
      ≡ƒôí WebSocket disconnected

      at MockWebSocket.ws.onclose (src/hooks/useRealTimePrice.ts:171:17)

    console.log
      ≡ƒôí WebSocket disconnected

      at MockWebSocket.ws.onclose (src/hooks/useRealTimePrice.ts:171:17)
          at Array.forEach (<anonymous>)

    console.warn
      [MSW] Warning: captured a request without a matching request handler:
      
        ΓÇó GET http://localhost/api/investments/quotes
      
      If you still wish to intercept this unhandled request, please create a request handler for it.
      Read more: https://mswjs.io/docs/getting-started/mocks

      at Object.warn (node_modules/msw/lib/node/index.js:55:11)
      at applyStrategy (node_modules/msw/lib/node/index.js:1391:18)
      at onUnhandledRequest (node_modules/msw/lib/node/index.js:1412:3)
      at handleRequest (node_modules/msw/lib/node/index.js:1444:5)
      at node_modules/msw/lib/node/index.js:1503:25

    console.warn
      [MSW] Warning: captured a request without a matching request handler:
      
        ΓÇó GET http://localhost/api/investments/quotes
      
      If you still wish to intercept this unhandled request, please create a request handler for it.
      Read more: https://mswjs.io/docs/getting-started/mocks

      at Object.warn (node_modules/msw/lib/node/index.js:55:11)
      at applyStrategy (node_modules/msw/lib/node/index.js:1391:18)
      at onUnhandledRequest (node_modules/msw/lib/node/index.js:1412:3)
      at handleRequest (node_modules/msw/lib/node/index.js:1444:5)
      at node_modules/msw/lib/node/index.js:1503:25

    console.error
      Price fetch error: TypeError: result.data.forEach is not a function
          at C:\Githhub\CreditMaster-Pro-app\src\hooks\useRealTimePrice.ts:93:21

    [0m [90m 107 |[39m       [36mconst[39m errorMessage [33m=[39m err [36minstanceof[39m [33mError[39m [33m?[39m 
err[33m.[39mmessage [33m:[39m [32m'Failed to fetch prices'[39m[33m;[39m
     [90m 108 |[39m       setError(errorMessage)[33m;[39m
    [31m[1m>[22m[39m[90m 109 |[39m       console[33m.[39merror([32m'Price fetch error:'[39m[33m,[39m err)[33m;[39m
     [90m     |[39m               [31m[1m^[22m[39m
     [90m 110 |[39m     }
     [90m 111 |[39m   }[33m,[39m [user[33m,[39m symbols])[33m;[39m
     [90m 112 |[39m[0m

      at src/hooks/useRealTimePrice.ts:109:15

    console.error
      Price fetch error: TypeError: body used already for: 
          at Response.consumeBody (C:\Githhub\CreditMaster-Pro-app\node_modules\node-fetch\lib\index.js:344:30)
          at Response.json (C:\Githhub\CreditMaster-Pro-app\node_modules\node-fetch\lib\index.js:269:22)
          at C:\Githhub\CreditMaster-Pro-app\src\hooks\useRealTimePrice.ts:89:37

    [0m [90m 107 |[39m       [36mconst[39m errorMessage [33m=[39m err [36minstanceof[39m [33mError[39m [33m?[39m 
err[33m.[39mmessage [33m:[39m [32m'Failed to fetch prices'[39m[33m;[39m
     [90m 108 |[39m       setError(errorMessage)[33m;[39m
    [31m[1m>[22m[39m[90m 109 |[39m       console[33m.[39merror([32m'Price fetch error:'[39m[33m,[39m err)[33m;[39m
     [90m     |[39m               [31m[1m^[22m[39m
     [90m 110 |[39m     }
     [90m 111 |[39m   }[33m,[39m [user[33m,[39m symbols])[33m;[39m
     [90m 112 |[39m[0m

      at src/hooks/useRealTimePrice.ts:109:15

    console.log
      ≡ƒôí WebSocket connected for real-time prices

      at MockWebSocket.ws.onopen (src/hooks/useRealTimePrice.ts:128:17)

    console.error
      WebSocket error: Error: WebSocket error
          at C:\Githhub\CreditMaster-Pro-app\src\hooks\__tests__\useRealTimePrice.test.ts:211:39
          at C:\Githhub\CreditMaster-Pro-app\node_modules\@testing-library\react\dist\act-compat.js:48:24
          at process.env.NODE_ENV.exports.act (C:\Githhub\CreditMaster-Pro-app\node_modules\react\cjs\react.development.js:814:22)
          at C:\Githhub\CreditMaster-Pro-app\node_modules\@testing-library\react\dist\act-compat.js:47:25
          at Object.<anonymous> (C:\Githhub\CreditMaster-Pro-app\src\hooks\__tests__\useRealTimePrice.test.ts:209:14)

    [0m [90m 164 |[39m
     [90m 165 |[39m       ws[33m.[39monerror [33m=[39m (error) [33m=>[39m {
    [31m[1m>[22m[39m[90m 166 |[39m         console[33m.[39merror([32m'WebSocket error:'[39m[33m,[39m error)[33m;[39m
     [90m     |[39m                 [31m[1m^[22m[39m
     [90m 167 |[39m         setError([32m'WebSocket connection error'[39m)[33m;[39m
     [90m 168 |[39m       }[33m;[39m
     [90m 169 |[39m[0m

      at MockWebSocket.ws.onerror (src/hooks/useRealTimePrice.ts:166:17)
      at src/hooks/__tests__/useRealTimePrice.test.ts:211:31
      at node_modules/@testing-library/react/dist/act-compat.js:48:24
      at process.env.NODE_ENV.exports.act (node_modules/react/cjs/react.development.js:814:22)
      at node_modules/@testing-library/react/dist/act-compat.js:47:25
      at Object.<anonymous> (src/hooks/__tests__/useRealTimePrice.test.ts:209:14)

    console.log
      ≡ƒôí WebSocket disconnected

      at MockWebSocket.ws.onclose (src/hooks/useRealTimePrice.ts:171:17)
          at Array.forEach (<anonymous>)

    console.log
      ≡ƒôí WebSocket connected for real-time prices

      at MockWebSocket.ws.onopen (src/hooks/useRealTimePrice.ts:128:17)

    console.log
      ≡ƒôí WebSocket disconnected

      at MockWebSocket.ws.onclose (src/hooks/useRealTimePrice.ts:171:17)

PASS src/components/__tests__/UIComponents.test.tsx
PASS src/app/api/credit-repair/impact/__tests__/route.test.ts
  ΓùÅ Console

    console.error
      Error calculating impact: Error: Service error
          at Object.<anonymous> (C:\Githhub\CreditMaster-Pro-app\src\app\api\credit-repair\impact\__tests__\route.test.ts:227:9)
          at Promise.finally.completed (C:\Githhub\CreditMaster-Pro-app\node_modules\jest-circus\build\jestAdapterInit.js:1557:28)
          at new Promise (<anonymous>)
          at callAsyncCircusFn (C:\Githhub\CreditMaster-Pro-app\node_modules\jest-circus\build\jestAdapterInit.js:1497:10)
          at _callCircusTest (C:\Githhub\CreditMaster-Pro-app\node_modules\jest-circus\build\jestAdapterInit.js:1007:40)
          at processTicksAndRejections (node:internal/process/task_queues:103:5)
          at _runTest (C:\Githhub\CreditMaster-Pro-app\node_modules\jest-circus\build\jestAdapterInit.js:947:3)
          at C:\Githhub\CreditMaster-Pro-app\node_modules\jest-circus\build\jestAdapterInit.js:849:7
          at _runTestsForDescribeBlock (C:\Githhub\CreditMaster-Pro-app\node_modules\jest-circus\build\jestAdapterInit.js:862:11)
          at _runTestsForDescribeBlock (C:\Githhub\CreditMaster-Pro-app\node_modules\jest-circus\build\jestAdapterInit.js:857:11)
          at _runTestsForDescribeBlock (C:\Githhub\CreditMaster-Pro-app\node_modules\jest-circus\build\jestAdapterInit.js:857:11)
          at run (C:\Githhub\CreditMaster-Pro-app\node_modules\jest-circus\build\jestAdapterInit.js:761:3)
          at runAndTransformResultsToJestFormat 
(C:\Githhub\CreditMaster-Pro-app\node_modules\jest-circus\build\jestAdapterInit.js:1918:21)
          at jestAdapter (C:\Githhub\CreditMaster-Pro-app\node_modules\jest-circus\build\runner.js:101:19)
          at runTestInternal (C:\Githhub\CreditMaster-Pro-app\node_modules\jest-runner\build\testWorker.js:275:16)
          at runTest (C:\Githhub\CreditMaster-Pro-app\node_modules\jest-runner\build\testWorker.js:343:7)
          at Object.worker (C:\Githhub\CreditMaster-Pro-app\node_modules\jest-runner\build\testWorker.js:497:12)

    [0m [90m 91 |[39m     })[33m;[39m
     [90m 92 |[39m   } [36mcatch[39m (error) {
    [31m[1m>[22m[39m[90m 93 |[39m     console[33m.[39merror([32m'Error calculating impact:'[39m[33m,[39m error)[33m;[39m
     [90m    |[39m             [31m[1m^[22m[39m
     [90m 94 |[39m
     [90m 95 |[39m     [90m// Audit log error[39m
     [90m 96 |[39m     [36mtry[39m {[0m

      at POST (src/app/api/credit-repair/impact/route.ts:93:13)
      at Object.<anonymous> (src/app/api/credit-repair/impact/__tests__/route.test.ts:234:24)

(node:82164) Warning: `--localstorage-file` was provided without a valid path
(Use `node --trace-warnings ...` to show where the warning was created)
PASS src/app/api/marketplace/__tests__/tradelines.test.ts
PASS src/components/credit/__tests__/ScoreGauge.test.tsx
PASS src/components/credit-bureau/__tests__/CreditReportImport.test.tsx
PASS src/app/api/credit-repair/goodwill/__tests__/route.test.ts
  ΓùÅ Console

    console.error
      Error getting goodwill letters: Error: Database error
          at Object.<anonymous> (C:\Githhub\CreditMaster-Pro-app\src\app\api\credit-repair\goodwill\__tests__\route.test.ts:144:9)
          at Promise.finally.completed (C:\Githhub\CreditMaster-Pro-app\node_modules\jest-circus\build\jestAdapterInit.js:1557:28)
          at new Promise (<anonymous>)
          at callAsyncCircusFn (C:\Githhub\CreditMaster-Pro-app\node_modules\jest-circus\build\jestAdapterInit.js:1497:10)
          at _callCircusTest (C:\Githhub\CreditMaster-Pro-app\node_modules\jest-circus\build\jestAdapterInit.js:1007:40)
          at processTicksAndRejections (node:internal/process/task_queues:103:5)
          at _runTest (C:\Githhub\CreditMaster-Pro-app\node_modules\jest-circus\build\jestAdapterInit.js:947:3)
          at C:\Githhub\CreditMaster-Pro-app\node_modules\jest-circus\build\jestAdapterInit.js:849:7
          at _runTestsForDescribeBlock (C:\Githhub\CreditMaster-Pro-app\node_modules\jest-circus\build\jestAdapterInit.js:862:11)
          at _runTestsForDescribeBlock (C:\Githhub\CreditMaster-Pro-app\node_modules\jest-circus\build\jestAdapterInit.js:857:11)
          at _runTestsForDescribeBlock (C:\Githhub\CreditMaster-Pro-app\node_modules\jest-circus\build\jestAdapterInit.js:857:11)
          at run (C:\Githhub\CreditMaster-Pro-app\node_modules\jest-circus\build\jestAdapterInit.js:761:3)
          at runAndTransformResultsToJestFormat 
(C:\Githhub\CreditMaster-Pro-app\node_modules\jest-circus\build\jestAdapterInit.js:1918:21)
          at jestAdapter (C:\Githhub\CreditMaster-Pro-app\node_modules\jest-circus\build\runner.js:101:19)
          at runTestInternal (C:\Githhub\CreditMaster-Pro-app\node_modules\jest-runner\build\testWorker.js:275:16)
          at runTest (C:\Githhub\CreditMaster-Pro-app\node_modules\jest-runner\build\testWorker.js:343:7)
          at Object.worker (C:\Githhub\CreditMaster-Pro-app\node_modules\jest-runner\build\testWorker.js:497:12)

    [0m [90m  95 |[39m     })[33m;[39m
     [90m  96 |[39m   } [36mcatch[39m (error) {
    [31m[1m>[22m[39m[90m  97 |[39m     console[33m.[39merror([32m'Error getting goodwill letters:'[39m[33m,[39m 
error)[33m;[39m
     [90m     |[39m             [31m[1m^[22m[39m
     [90m  98 |[39m
     [90m  99 |[39m     [90m// Audit log error[39m
     [90m 100 |[39m     [36mtry[39m {[0m

      at GET (src/app/api/credit-repair/goodwill/route.ts:97:13)
      at Object.<anonymous> (src/app/api/credit-repair/goodwill/__tests__/route.test.ts:148:24)

    console.error
      Error creating goodwill letter: Error: Service error
          at Object.<anonymous> (C:\Githhub\CreditMaster-Pro-app\src\app\api\credit-repair\goodwill\__tests__\route.test.ts:266:9)
          at Promise.finally.completed (C:\Githhub\CreditMaster-Pro-app\node_modules\jest-circus\build\jestAdapterInit.js:1557:28)
          at new Promise (<anonymous>)
          at callAsyncCircusFn (C:\Githhub\CreditMaster-Pro-app\node_modules\jest-circus\build\jestAdapterInit.js:1497:10)
          at _callCircusTest (C:\Githhub\CreditMaster-Pro-app\node_modules\jest-circus\build\jestAdapterInit.js:1007:40)
          at processTicksAndRejections (node:internal/process/task_queues:103:5)
          at _runTest (C:\Githhub\CreditMaster-Pro-app\node_modules\jest-circus\build\jestAdapterInit.js:947:3)
          at C:\Githhub\CreditMaster-Pro-app\node_modules\jest-circus\build\jestAdapterInit.js:849:7
          at _runTestsForDescribeBlock (C:\Githhub\CreditMaster-Pro-app\node_modules\jest-circus\build\jestAdapterInit.js:862:11)
          at _runTestsForDescribeBlock (C:\Githhub\CreditMaster-Pro-app\node_modules\jest-circus\build\jestAdapterInit.js:857:11)
          at _runTestsForDescribeBlock (C:\Githhub\CreditMaster-Pro-app\node_modules\jest-circus\build\jestAdapterInit.js:857:11)
          at run (C:\Githhub\CreditMaster-Pro-app\node_modules\jest-circus\build\jestAdapterInit.js:761:3)
          at runAndTransformResultsToJestFormat 
(C:\Githhub\CreditMaster-Pro-app\node_modules\jest-circus\build\jestAdapterInit.js:1918:21)
          at jestAdapter (C:\Githhub\CreditMaster-Pro-app\node_modules\jest-circus\build\runner.js:101:19)
          at runTestInternal (C:\Githhub\CreditMaster-Pro-app\node_modules\jest-runner\build\testWorker.js:275:16)
          at runTest (C:\Githhub\CreditMaster-Pro-app\node_modules\jest-runner\build\testWorker.js:343:7)
          at Object.worker (C:\Githhub\CreditMaster-Pro-app\node_modules\jest-runner\build\testWorker.js:497:12)

    [0m [90m 201 |[39m     )[33m;[39m
     [90m 202 |[39m   } [36mcatch[39m (error) {
    [31m[1m>[22m[39m[90m 203 |[39m     console[33m.[39merror([32m'Error creating goodwill letter:'[39m[33m,[39m 
error)[33m;[39m
     [90m     |[39m             [31m[1m^[22m[39m
     [90m 204 |[39m
     [90m 205 |[39m     [90m// Audit log error[39m
     [90m 206 |[39m     [36mtry[39m {[0m

      at POST (src/app/api/credit-repair/goodwill/route.ts:203:13)
      at Object.<anonymous> (src/app/api/credit-repair/goodwill/__tests__/route.test.ts:273:24)

PASS src/app/dashboard/__tests__/page.test.tsx
PASS src/app/api/notifications/__tests__/route.test.ts
PASS src/lib/financial/__tests__/spending-analyzer.test.ts
  ΓùÅ Console

    console.error
      Error fetching transactions: { message: 'Database error' }

    [0m [90m 544 |[39m
     [90m 545 |[39m     [36mif[39m (error) {
    [31m[1m>[22m[39m[90m 546 |[39m       console[33m.[39merror([32m'Error fetching transactions:'[39m[33m,[39m 
error)[33m;[39m
     [90m     |[39m               [31m[1m^[22m[39m
     [90m 547 |[39m       [36mreturn[39m [][33m;[39m
     [90m 548 |[39m     }
     [90m 549 |[39m[0m

      at SpendingAnalyzer.getTransactions (src/lib/financial/spending-analyzer.ts:546:15)
      at SpendingAnalyzer.analyzeSpendingPatterns (src/lib/financial/spending-analyzer.ts:141:26)
      at Object.<anonymous> (src/lib/financial/__tests__/spending-analyzer.test.ts:429:24)

PASS src/components/credit-bureau/__tests__/CreditScoreCard.test.tsx
PASS src/lib/financial/__tests__/bill-detection-service.test.ts
PASS src/components/__tests__/CreditScoreGauge.test.tsx
PASS src/app/api/student-loans/student-loans.test.ts
PASS src/app/api/financial/budgets/__tests__/route.test.ts
  ΓùÅ Console

    console.warn
      Supabase environment variables are not set. Some features may not work.

    [0m [90m 12 |[39m
     [90m 13 |[39m [36mif[39m ([33m![39mprocess[33m.[39menv[33m.[39m[33mNEXT_PUBLIC_SUPABASE_URL[39m [33m||[39m 
[33m![39mprocess[33m.[39menv[33m.[39m[33mNEXT_PUBLIC_SUPABASE_ANON_KEY[39m) {
    [31m[1m>[22m[39m[90m 14 |[39m   console[33m.[39mwarn([32m'Supabase environment variables are not set. Some features may not 
work.'[39m)[33m;[39m
     [90m    |[39m           [31m[1m^[22m[39m
     [90m 15 |[39m }
     [90m 16 |[39m
     [90m 17 |[39m [90m// Create Supabase client[39m[0m

      at Object.<anonymous> (src/lib/supabase.ts:14:11)
      at Object.<anonymous> (src/lib/financial/budget-service.ts:8:1)
      at Object.<anonymous> (src/app/api/financial/budgets/route.ts:9:1)
      at Object.<anonymous> (src/app/api/financial/budgets/__tests__/route.test.ts:21:1)

    console.error
      Error fetching budgets: Error: Database error
          at Object.<anonymous> (C:\Githhub\CreditMaster-Pro-app\src\app\api\financial\budgets\__tests__\route.test.ts:176:7)
          at Promise.finally.completed (C:\Githhub\CreditMaster-Pro-app\node_modules\jest-circus\build\jestAdapterInit.js:1557:28)
          at new Promise (<anonymous>)
          at callAsyncCircusFn (C:\Githhub\CreditMaster-Pro-app\node_modules\jest-circus\build\jestAdapterInit.js:1497:10)
          at _callCircusTest (C:\Githhub\CreditMaster-Pro-app\node_modules\jest-circus\build\jestAdapterInit.js:1007:40)
          at processTicksAndRejections (node:internal/process/task_queues:103:5)
          at _runTest (C:\Githhub\CreditMaster-Pro-app\node_modules\jest-circus\build\jestAdapterInit.js:947:3)
          at C:\Githhub\CreditMaster-Pro-app\node_modules\jest-circus\build\jestAdapterInit.js:849:7
          at _runTestsForDescribeBlock (C:\Githhub\CreditMaster-Pro-app\node_modules\jest-circus\build\jestAdapterInit.js:862:11)
          at _runTestsForDescribeBlock (C:\Githhub\CreditMaster-Pro-app\node_modules\jest-circus\build\jestAdapterInit.js:857:11)
          at run (C:\Githhub\CreditMaster-Pro-app\node_modules\jest-circus\build\jestAdapterInit.js:761:3)
          at runAndTransformResultsToJestFormat 
(C:\Githhub\CreditMaster-Pro-app\node_modules\jest-circus\build\jestAdapterInit.js:1918:21)
          at jestAdapter (C:\Githhub\CreditMaster-Pro-app\node_modules\jest-circus\build\runner.js:101:19)
          at runTestInternal (C:\Githhub\CreditMaster-Pro-app\node_modules\jest-runner\build\testWorker.js:275:16)
          at runTest (C:\Githhub\CreditMaster-Pro-app\node_modules\jest-runner\build\testWorker.js:343:7)
          at Object.worker (C:\Githhub\CreditMaster-Pro-app\node_modules\jest-runner\build\testWorker.js:497:12)

    [0m [90m 56 |[39m     })[33m;[39m
     [90m 57 |[39m   } [36mcatch[39m (error) {
    [31m[1m>[22m[39m[90m 58 |[39m     console[33m.[39merror([32m'Error fetching budgets:'[39m[33m,[39m error)[33m;[39m
     [90m    |[39m             [31m[1m^[22m[39m
     [90m 59 |[39m     [36mreturn[39m [33mNextResponse[39m[33m.[39mjson(
     [90m 60 |[39m       {
     [90m 61 |[39m         error[33m:[39m [32m'Failed to fetch budgets'[39m[33m,[39m[0m

      at GET (src/app/api/financial/budgets/route.ts:58:13)
      at Object.<anonymous> (src/app/api/financial/budgets/__tests__/route.test.ts:182:22)

    console.error
      Error creating budget: Error: Database error
          at Object.<anonymous> (C:\Githhub\CreditMaster-Pro-app\src\app\api\financial\budgets\__tests__\route.test.ts:427:7)
          at Promise.finally.completed (C:\Githhub\CreditMaster-Pro-app\node_modules\jest-circus\build\jestAdapterInit.js:1557:28)
          at new Promise (<anonymous>)
          at callAsyncCircusFn (C:\Githhub\CreditMaster-Pro-app\node_modules\jest-circus\build\jestAdapterInit.js:1497:10)
          at _callCircusTest (C:\Githhub\CreditMaster-Pro-app\node_modules\jest-circus\build\jestAdapterInit.js:1007:40)
          at processTicksAndRejections (node:internal/process/task_queues:103:5)
          at _runTest (C:\Githhub\CreditMaster-Pro-app\node_modules\jest-circus\build\jestAdapterInit.js:947:3)
          at C:\Githhub\CreditMaster-Pro-app\node_modules\jest-circus\build\jestAdapterInit.js:849:7
          at _runTestsForDescribeBlock (C:\Githhub\CreditMaster-Pro-app\node_modules\jest-circus\build\jestAdapterInit.js:862:11)
          at _runTestsForDescribeBlock (C:\Githhub\CreditMaster-Pro-app\node_modules\jest-circus\build\jestAdapterInit.js:857:11)
          at run (C:\Githhub\CreditMaster-Pro-app\node_modules\jest-circus\build\jestAdapterInit.js:761:3)
          at runAndTransformResultsToJestFormat 
(C:\Githhub\CreditMaster-Pro-app\node_modules\jest-circus\build\jestAdapterInit.js:1918:21)
          at jestAdapter (C:\Githhub\CreditMaster-Pro-app\node_modules\jest-circus\build\runner.js:101:19)
          at runTestInternal (C:\Githhub\CreditMaster-Pro-app\node_modules\jest-runner\build\testWorker.js:275:16)
          at runTest (C:\Githhub\CreditMaster-Pro-app\node_modules\jest-runner\build\testWorker.js:343:7)
          at Object.worker (C:\Githhub\CreditMaster-Pro-app\node_modules\jest-runner\build\testWorker.js:497:12)

    [0m [90m 183 |[39m     )[33m;[39m
     [90m 184 |[39m   } [36mcatch[39m (error) {
    [31m[1m>[22m[39m[90m 185 |[39m     console[33m.[39merror([32m'Error creating budget:'[39m[33m,[39m error)[33m;[39m
     [90m     |[39m             [31m[1m^[22m[39m
     [90m 186 |[39m     [36mreturn[39m [33mNextResponse[39m[33m.[39mjson(
     [90m 187 |[39m       {
     [90m 188 |[39m         error[33m:[39m [32m'Failed to create budget'[39m[33m,[39m[0m

      at POST (src/app/api/financial/budgets/route.ts:185:13)
      at Object.<anonymous> (src/app/api/financial/budgets/__tests__/route.test.ts:444:22)

PASS src/hooks/__tests__/useOnline.test.ts
  ΓùÅ Console

    console.error
      An update to TestComponent inside a test was not wrapped in act(...).
      
      When testing, code that causes React state updates should be wrapped into act(...):
      
      act(() => {
        /* fire events that update state */
      });
      /* assert on the output */
      
      This ensures that you're testing the behavior the user would see in the browser. Learn more at 
https://react.dev/link/wrap-tests-with-act

    [0m [90m 78 |[39m     [90m// Handle offline event[39m
     [90m 79 |[39m     [36mconst[39m handleOffline [33m=[39m () [33m=>[39m {
    [31m[1m>[22m[39m[90m 80 |[39m       setIsOnline([36mfalse[39m)[33m;[39m
     [90m    |[39m       [31m[1m^[22m[39m
     [90m 81 |[39m       setWasOffline([36mtrue[39m)[33m;[39m
     [90m 82 |[39m       setLastOfflineAt([36mnew[39m [33mDate[39m())[33m;[39m
     [90m 83 |[39m     }[33m;[39m[0m

      at node_modules/react-dom/cjs/react-dom-client.development.js:18758:19
      at runWithFiberInDEV (node_modules/react-dom/cjs/react-dom-client.development.js:874:13)
      at warnIfUpdatesNotWrappedWithActDEV (node_modules/react-dom/cjs/react-dom-client.development.js:18757:9)
      at scheduleUpdateOnFiber (node_modules/react-dom/cjs/react-dom-client.development.js:16409:11)
      at dispatchSetStateInternal (node_modules/react-dom/cjs/react-dom-client.development.js:9170:13)
      at dispatchSetState (node_modules/react-dom/cjs/react-dom-client.development.js:9127:7)
      at handleOffline (src/hooks/useOnline.ts:80:7)
      at src/hooks/useOnline.ts:96:11

    console.error
      An update to TestComponent inside a test was not wrapped in act(...).
      
      When testing, code that causes React state updates should be wrapped into act(...):
      
      act(() => {
        /* fire events that update state */
      });
      /* assert on the output */
      
      This ensures that you're testing the behavior the user would see in the browser. Learn more at 
https://react.dev/link/wrap-tests-with-act

    [0m [90m 79 |[39m     [36mconst[39m handleOffline [33m=[39m () [33m=>[39m {
     [90m 80 |[39m       setIsOnline([36mfalse[39m)[33m;[39m
    [31m[1m>[22m[39m[90m 81 |[39m       setWasOffline([36mtrue[39m)[33m;[39m
     [90m    |[39m       [31m[1m^[22m[39m
     [90m 82 |[39m       setLastOfflineAt([36mnew[39m [33mDate[39m())[33m;[39m
     [90m 83 |[39m     }[33m;[39m
     [90m 84 |[39m[0m

      at node_modules/react-dom/cjs/react-dom-client.development.js:18758:19
      at runWithFiberInDEV (node_modules/react-dom/cjs/react-dom-client.development.js:874:13)
      at warnIfUpdatesNotWrappedWithActDEV (node_modules/react-dom/cjs/react-dom-client.development.js:18757:9)
      at scheduleUpdateOnFiber (node_modules/react-dom/cjs/react-dom-client.development.js:16409:11)
      at dispatchSetStateInternal (node_modules/react-dom/cjs/react-dom-client.development.js:9170:13)
      at dispatchSetState (node_modules/react-dom/cjs/react-dom-client.development.js:9127:7)
      at handleOffline (src/hooks/useOnline.ts:81:7)
      at src/hooks/useOnline.ts:96:11

    console.error
      An update to TestComponent inside a test was not wrapped in act(...).
      
      When testing, code that causes React state updates should be wrapped into act(...):
      
      act(() => {
        /* fire events that update state */
      });
      /* assert on the output */
      
      This ensures that you're testing the behavior the user would see in the browser. Learn more at 
https://react.dev/link/wrap-tests-with-act

    [0m [90m 80 |[39m       setIsOnline([36mfalse[39m)[33m;[39m
     [90m 81 |[39m       setWasOffline([36mtrue[39m)[33m;[39m
    [31m[1m>[22m[39m[90m 82 |[39m       setLastOfflineAt([36mnew[39m [33mDate[39m())[33m;[39m
     [90m    |[39m       [31m[1m^[22m[39m
     [90m 83 |[39m     }[33m;[39m
     [90m 84 |[39m
     [90m 85 |[39m     [90m// Add event listeners[39m[0m

      at node_modules/react-dom/cjs/react-dom-client.development.js:18758:19
      at runWithFiberInDEV (node_modules/react-dom/cjs/react-dom-client.development.js:874:13)
      at warnIfUpdatesNotWrappedWithActDEV (node_modules/react-dom/cjs/react-dom-client.development.js:18757:9)
      at scheduleUpdateOnFiber (node_modules/react-dom/cjs/react-dom-client.development.js:16409:11)
      at dispatchSetStateInternal (node_modules/react-dom/cjs/react-dom-client.development.js:9170:13)
      at dispatchSetState (node_modules/react-dom/cjs/react-dom-client.development.js:9127:7)
      at handleOffline (src/hooks/useOnline.ts:82:7)
      at src/hooks/useOnline.ts:96:11

    console.error
      An update to TestComponent inside a test was not wrapped in act(...).
      
      When testing, code that causes React state updates should be wrapped into act(...):
      
      act(() => {
        /* fire events that update state */
      });
      /* assert on the output */
      
      This ensures that you're testing the behavior the user would see in the browser. Learn more at 
https://react.dev/link/wrap-tests-with-act

    [0m [90m 78 |[39m     [90m// Handle offline event[39m
     [90m 79 |[39m     [36mconst[39m handleOffline [33m=[39m () [33m=>[39m {
    [31m[1m>[22m[39m[90m 80 |[39m       setIsOnline([36mfalse[39m)[33m;[39m
     [90m    |[39m       [31m[1m^[22m[39m
     [90m 81 |[39m       setWasOffline([36mtrue[39m)[33m;[39m
     [90m 82 |[39m       setLastOfflineAt([36mnew[39m [33mDate[39m())[33m;[39m
     [90m 83 |[39m     }[33m;[39m[0m

      at node_modules/react-dom/cjs/react-dom-client.development.js:18758:19
      at runWithFiberInDEV (node_modules/react-dom/cjs/react-dom-client.development.js:874:13)
      at warnIfUpdatesNotWrappedWithActDEV (node_modules/react-dom/cjs/react-dom-client.development.js:18757:9)
      at scheduleUpdateOnFiber (node_modules/react-dom/cjs/react-dom-client.development.js:16409:11)
      at dispatchSetStateInternal (node_modules/react-dom/cjs/react-dom-client.development.js:9170:13)
      at dispatchSetState (node_modules/react-dom/cjs/react-dom-client.development.js:9127:7)
      at handleOffline (src/hooks/useOnline.ts:80:7)
      at src/hooks/useOnline.ts:96:11

    console.error
      An update to TestComponent inside a test was not wrapped in act(...).
      
      When testing, code that causes React state updates should be wrapped into act(...):
      
      act(() => {
        /* fire events that update state */
      });
      /* assert on the output */
      
      This ensures that you're testing the behavior the user would see in the browser. Learn more at 
https://react.dev/link/wrap-tests-with-act

    [0m [90m 79 |[39m     [36mconst[39m handleOffline [33m=[39m () [33m=>[39m {
     [90m 80 |[39m       setIsOnline([36mfalse[39m)[33m;[39m
    [31m[1m>[22m[39m[90m 81 |[39m       setWasOffline([36mtrue[39m)[33m;[39m
     [90m    |[39m       [31m[1m^[22m[39m
     [90m 82 |[39m       setLastOfflineAt([36mnew[39m [33mDate[39m())[33m;[39m
     [90m 83 |[39m     }[33m;[39m
     [90m 84 |[39m[0m

      at node_modules/react-dom/cjs/react-dom-client.development.js:18758:19
      at runWithFiberInDEV (node_modules/react-dom/cjs/react-dom-client.development.js:874:13)
      at warnIfUpdatesNotWrappedWithActDEV (node_modules/react-dom/cjs/react-dom-client.development.js:18757:9)
      at scheduleUpdateOnFiber (node_modules/react-dom/cjs/react-dom-client.development.js:16409:11)
      at dispatchSetStateInternal (node_modules/react-dom/cjs/react-dom-client.development.js:9170:13)
      at dispatchSetState (node_modules/react-dom/cjs/react-dom-client.development.js:9127:7)
      at handleOffline (src/hooks/useOnline.ts:81:7)
      at src/hooks/useOnline.ts:96:11

    console.error
      An update to TestComponent inside a test was not wrapped in act(...).
      
      When testing, code that causes React state updates should be wrapped into act(...):
      
      act(() => {
        /* fire events that update state */
      });
      /* assert on the output */
      
      This ensures that you're testing the behavior the user would see in the browser. Learn more at 
https://react.dev/link/wrap-tests-with-act

    [0m [90m 80 |[39m       setIsOnline([36mfalse[39m)[33m;[39m
     [90m 81 |[39m       setWasOffline([36mtrue[39m)[33m;[39m
    [31m[1m>[22m[39m[90m 82 |[39m       setLastOfflineAt([36mnew[39m [33mDate[39m())[33m;[39m
     [90m    |[39m       [31m[1m^[22m[39m
     [90m 83 |[39m     }[33m;[39m
     [90m 84 |[39m
     [90m 85 |[39m     [90m// Add event listeners[39m[0m

      at node_modules/react-dom/cjs/react-dom-client.development.js:18758:19
      at runWithFiberInDEV (node_modules/react-dom/cjs/react-dom-client.development.js:874:13)
      at warnIfUpdatesNotWrappedWithActDEV (node_modules/react-dom/cjs/react-dom-client.development.js:18757:9)
      at scheduleUpdateOnFiber (node_modules/react-dom/cjs/react-dom-client.development.js:16409:11)
      at dispatchSetStateInternal (node_modules/react-dom/cjs/react-dom-client.development.js:9170:13)
      at dispatchSetState (node_modules/react-dom/cjs/react-dom-client.development.js:9127:7)
      at handleOffline (src/hooks/useOnline.ts:82:7)
      at src/hooks/useOnline.ts:96:11

    console.error
      An update to TestComponent inside a test was not wrapped in act(...).
      
      When testing, code that causes React state updates should be wrapped into act(...):
      
      act(() => {
        /* fire events that update state */
      });
      /* assert on the output */
      
      This ensures that you're testing the behavior the user would see in the browser. Learn more at 
https://react.dev/link/wrap-tests-with-act

    [0m [90m 78 |[39m     [90m// Handle offline event[39m
     [90m 79 |[39m     [36mconst[39m handleOffline [33m=[39m () [33m=>[39m {
    [31m[1m>[22m[39m[90m 80 |[39m       setIsOnline([36mfalse[39m)[33m;[39m
     [90m    |[39m       [31m[1m^[22m[39m
     [90m 81 |[39m       setWasOffline([36mtrue[39m)[33m;[39m
     [90m 82 |[39m       setLastOfflineAt([36mnew[39m [33mDate[39m())[33m;[39m
     [90m 83 |[39m     }[33m;[39m[0m

      at node_modules/react-dom/cjs/react-dom-client.development.js:18758:19
      at runWithFiberInDEV (node_modules/react-dom/cjs/react-dom-client.development.js:874:13)
      at warnIfUpdatesNotWrappedWithActDEV (node_modules/react-dom/cjs/react-dom-client.development.js:18757:9)
      at scheduleUpdateOnFiber (node_modules/react-dom/cjs/react-dom-client.development.js:16409:11)
      at dispatchSetStateInternal (node_modules/react-dom/cjs/react-dom-client.development.js:9170:13)
      at dispatchSetState (node_modules/react-dom/cjs/react-dom-client.development.js:9127:7)
      at handleOffline (src/hooks/useOnline.ts:80:7)
      at src/hooks/useOnline.ts:96:11

    console.error
      An update to TestComponent inside a test was not wrapped in act(...).
      
      When testing, code that causes React state updates should be wrapped into act(...):
      
      act(() => {
        /* fire events that update state */
      });
      /* assert on the output */
      
      This ensures that you're testing the behavior the user would see in the browser. Learn more at 
https://react.dev/link/wrap-tests-with-act

    [0m [90m 79 |[39m     [36mconst[39m handleOffline [33m=[39m () [33m=>[39m {
     [90m 80 |[39m       setIsOnline([36mfalse[39m)[33m;[39m
    [31m[1m>[22m[39m[90m 81 |[39m       setWasOffline([36mtrue[39m)[33m;[39m
     [90m    |[39m       [31m[1m^[22m[39m
     [90m 82 |[39m       setLastOfflineAt([36mnew[39m [33mDate[39m())[33m;[39m
     [90m 83 |[39m     }[33m;[39m
     [90m 84 |[39m[0m

      at node_modules/react-dom/cjs/react-dom-client.development.js:18758:19
      at runWithFiberInDEV (node_modules/react-dom/cjs/react-dom-client.development.js:874:13)
      at warnIfUpdatesNotWrappedWithActDEV (node_modules/react-dom/cjs/react-dom-client.development.js:18757:9)
      at scheduleUpdateOnFiber (node_modules/react-dom/cjs/react-dom-client.development.js:16409:11)
      at dispatchSetStateInternal (node_modules/react-dom/cjs/react-dom-client.development.js:9170:13)
      at dispatchSetState (node_modules/react-dom/cjs/react-dom-client.development.js:9127:7)
      at handleOffline (src/hooks/useOnline.ts:81:7)
      at src/hooks/useOnline.ts:96:11

    console.error
      An update to TestComponent inside a test was not wrapped in act(...).
      
      When testing, code that causes React state updates should be wrapped into act(...):
      
      act(() => {
        /* fire events that update state */
      });
      /* assert on the output */
      
      This ensures that you're testing the behavior the user would see in the browser. Learn more at 
https://react.dev/link/wrap-tests-with-act

    [0m [90m 80 |[39m       setIsOnline([36mfalse[39m)[33m;[39m
     [90m 81 |[39m       setWasOffline([36mtrue[39m)[33m;[39m
    [31m[1m>[22m[39m[90m 82 |[39m       setLastOfflineAt([36mnew[39m [33mDate[39m())[33m;[39m
     [90m    |[39m       [31m[1m^[22m[39m
     [90m 83 |[39m     }[33m;[39m
     [90m 84 |[39m
     [90m 85 |[39m     [90m// Add event listeners[39m[0m

      at node_modules/react-dom/cjs/react-dom-client.development.js:18758:19
      at runWithFiberInDEV (node_modules/react-dom/cjs/react-dom-client.development.js:874:13)
      at warnIfUpdatesNotWrappedWithActDEV (node_modules/react-dom/cjs/react-dom-client.development.js:18757:9)
      at scheduleUpdateOnFiber (node_modules/react-dom/cjs/react-dom-client.development.js:16409:11)
      at dispatchSetStateInternal (node_modules/react-dom/cjs/react-dom-client.development.js:9170:13)
      at dispatchSetState (node_modules/react-dom/cjs/react-dom-client.development.js:9127:7)
      at handleOffline (src/hooks/useOnline.ts:82:7)
      at src/hooks/useOnline.ts:96:11

PASS src/app/api/credit-repair/score/__tests__/route.test.ts
  ΓùÅ Console

    console.error
      Error getting credit repair score: Error: Database error
          at Object.<anonymous> (C:\Githhub\CreditMaster-Pro-app\src\app\api\credit-repair\score\__tests__\route.test.ts:149:9)
          at Promise.finally.completed (C:\Githhub\CreditMaster-Pro-app\node_modules\jest-circus\build\jestAdapterInit.js:1557:28)
          at new Promise (<anonymous>)
          at callAsyncCircusFn (C:\Githhub\CreditMaster-Pro-app\node_modules\jest-circus\build\jestAdapterInit.js:1497:10)
          at _callCircusTest (C:\Githhub\CreditMaster-Pro-app\node_modules\jest-circus\build\jestAdapterInit.js:1007:40)
          at processTicksAndRejections (node:internal/process/task_queues:103:5)
          at _runTest (C:\Githhub\CreditMaster-Pro-app\node_modules\jest-circus\build\jestAdapterInit.js:947:3)
          at C:\Githhub\CreditMaster-Pro-app\node_modules\jest-circus\build\jestAdapterInit.js:849:7
          at _runTestsForDescribeBlock (C:\Githhub\CreditMaster-Pro-app\node_modules\jest-circus\build\jestAdapterInit.js:862:11)
          at _runTestsForDescribeBlock (C:\Githhub\CreditMaster-Pro-app\node_modules\jest-circus\build\jestAdapterInit.js:857:11)
          at _runTestsForDescribeBlock (C:\Githhub\CreditMaster-Pro-app\node_modules\jest-circus\build\jestAdapterInit.js:857:11)
          at run (C:\Githhub\CreditMaster-Pro-app\node_modules\jest-circus\build\jestAdapterInit.js:761:3)
          at runAndTransformResultsToJestFormat 
(C:\Githhub\CreditMaster-Pro-app\node_modules\jest-circus\build\jestAdapterInit.js:1918:21)
          at jestAdapter (C:\Githhub\CreditMaster-Pro-app\node_modules\jest-circus\build\runner.js:101:19)
          at runTestInternal (C:\Githhub\CreditMaster-Pro-app\node_modules\jest-runner\build\testWorker.js:275:16)
          at runTest (C:\Githhub\CreditMaster-Pro-app\node_modules\jest-runner\build\testWorker.js:343:7)
          at Object.worker (C:\Githhub\CreditMaster-Pro-app\node_modules\jest-runner\build\testWorker.js:497:12)

    [0m [90m 74 |[39m     })[33m;[39m
     [90m 75 |[39m   } [36mcatch[39m (error) {
    [31m[1m>[22m[39m[90m 76 |[39m     console[33m.[39merror([32m'Error getting credit repair score:'[39m[33m,[39m 
error)[33m;[39m
     [90m    |[39m             [31m[1m^[22m[39m
     [90m 77 |[39m
     [90m 78 |[39m     [90m// Audit log error[39m
     [90m 79 |[39m     [36mtry[39m {[0m

      at GET (src/app/api/credit-repair/score/route.ts:76:13)
      at Object.<anonymous> (src/app/api/credit-repair/score/__tests__/route.test.ts:153:24)

    console.error
      Error calculating credit repair score: Error: Service error
          at Object.<anonymous> (C:\Githhub\CreditMaster-Pro-app\src\app\api\credit-repair\score\__tests__\route.test.ts:226:9)
          at Promise.finally.completed (C:\Githhub\CreditMaster-Pro-app\node_modules\jest-circus\build\jestAdapterInit.js:1557:28)
          at new Promise (<anonymous>)
          at callAsyncCircusFn (C:\Githhub\CreditMaster-Pro-app\node_modules\jest-circus\build\jestAdapterInit.js:1497:10)
          at _callCircusTest (C:\Githhub\CreditMaster-Pro-app\node_modules\jest-circus\build\jestAdapterInit.js:1007:40)
          at processTicksAndRejections (node:internal/process/task_queues:103:5)
          at _runTest (C:\Githhub\CreditMaster-Pro-app\node_modules\jest-circus\build\jestAdapterInit.js:947:3)
          at C:\Githhub\CreditMaster-Pro-app\node_modules\jest-circus\build\jestAdapterInit.js:849:7
          at _runTestsForDescribeBlock (C:\Githhub\CreditMaster-Pro-app\node_modules\jest-circus\build\jestAdapterInit.js:862:11)
          at _runTestsForDescribeBlock (C:\Githhub\CreditMaster-Pro-app\node_modules\jest-circus\build\jestAdapterInit.js:857:11)
          at _runTestsForDescribeBlock (C:\Githhub\CreditMaster-Pro-app\node_modules\jest-circus\build\jestAdapterInit.js:857:11)
          at run (C:\Githhub\CreditMaster-Pro-app\node_modules\jest-circus\build\jestAdapterInit.js:761:3)
          at runAndTransformResultsToJestFormat 
(C:\Githhub\CreditMaster-Pro-app\node_modules\jest-circus\build\jestAdapterInit.js:1918:21)
          at jestAdapter (C:\Githhub\CreditMaster-Pro-app\node_modules\jest-circus\build\runner.js:101:19)
          at runTestInternal (C:\Githhub\CreditMaster-Pro-app\node_modules\jest-runner\build\testWorker.js:275:16)
          at runTest (C:\Githhub\CreditMaster-Pro-app\node_modules\jest-runner\build\testWorker.js:343:7)
          at Object.worker (C:\Githhub\CreditMaster-Pro-app\node_modules\jest-runner\build\testWorker.js:497:12)

    [0m [90m 136 |[39m     })[33m;[39m
     [90m 137 |[39m   } [36mcatch[39m (error) {
    [31m[1m>[22m[39m[90m 138 |[39m     console[33m.[39merror([32m'Error calculating credit repair score:'[39m[33m,[39m 
error)[33m;[39m
     [90m     |[39m             [31m[1m^[22m[39m
     [90m 139 |[39m
     [90m 140 |[39m     [90m// Audit log error[39m
     [90m 141 |[39m     [36mtry[39m {[0m

      at POST (src/app/api/credit-repair/score/route.ts:138:13)
      at Object.<anonymous> (src/app/api/credit-repair/score/__tests__/route.test.ts:232:24)

PASS src/lib/investments/services/__tests__/TechnicalAnalysisService.test.ts
PASS src/app/api/credit-repair/negotiate/__tests__/route.test.ts
  ΓùÅ Console

    console.error
      Error getting negotiations: Error: Database error
          at Object.<anonymous> (C:\Githhub\CreditMaster-Pro-app\src\app\api\credit-repair\negotiate\__tests__\route.test.ts:145:9)
          at Promise.finally.completed (C:\Githhub\CreditMaster-Pro-app\node_modules\jest-circus\build\jestAdapterInit.js:1557:28)
          at new Promise (<anonymous>)
          at callAsyncCircusFn (C:\Githhub\CreditMaster-Pro-app\node_modules\jest-circus\build\jestAdapterInit.js:1497:10)
          at _callCircusTest (C:\Githhub\CreditMaster-Pro-app\node_modules\jest-circus\build\jestAdapterInit.js:1007:40)
          at processTicksAndRejections (node:internal/process/task_queues:103:5)
          at _runTest (C:\Githhub\CreditMaster-Pro-app\node_modules\jest-circus\build\jestAdapterInit.js:947:3)
          at C:\Githhub\CreditMaster-Pro-app\node_modules\jest-circus\build\jestAdapterInit.js:849:7
          at _runTestsForDescribeBlock (C:\Githhub\CreditMaster-Pro-app\node_modules\jest-circus\build\jestAdapterInit.js:862:11)
          at _runTestsForDescribeBlock (C:\Githhub\CreditMaster-Pro-app\node_modules\jest-circus\build\jestAdapterInit.js:857:11)
          at _runTestsForDescribeBlock (C:\Githhub\CreditMaster-Pro-app\node_modules\jest-circus\build\jestAdapterInit.js:857:11)
          at run (C:\Githhub\CreditMaster-Pro-app\node_modules\jest-circus\build\jestAdapterInit.js:761:3)
          at runAndTransformResultsToJestFormat 
(C:\Githhub\CreditMaster-Pro-app\node_modules\jest-circus\build\jestAdapterInit.js:1918:21)
          at jestAdapter (C:\Githhub\CreditMaster-Pro-app\node_modules\jest-circus\build\runner.js:101:19)
          at runTestInternal (C:\Githhub\CreditMaster-Pro-app\node_modules\jest-runner\build\testWorker.js:275:16)
          at runTest (C:\Githhub\CreditMaster-Pro-app\node_modules\jest-runner\build\testWorker.js:343:7)
          at Object.worker (C:\Githhub\CreditMaster-Pro-app\node_modules\jest-runner\build\testWorker.js:497:12)

    [0m [90m 121 |[39m     })[33m;[39m
     [90m 122 |[39m   } [36mcatch[39m (error) {
    [31m[1m>[22m[39m[90m 123 |[39m     console[33m.[39merror([32m'Error getting negotiations:'[39m[33m,[39m error)[33m;[39m
     [90m     |[39m             [31m[1m^[22m[39m
     [90m 124 |[39m
     [90m 125 |[39m     [90m// Audit log error[39m
     [90m 126 |[39m     [36mtry[39m {[0m

      at GET (src/app/api/credit-repair/negotiate/route.ts:123:13)
      at Object.<anonymous> (src/app/api/credit-repair/negotiate/__tests__/route.test.ts:149:24)

    console.error
      Error creating negotiation: Error: Service error
          at Object.<anonymous> (C:\Githhub\CreditMaster-Pro-app\src\app\api\credit-repair\negotiate\__tests__\route.test.ts:275:9)
          at Promise.finally.completed (C:\Githhub\CreditMaster-Pro-app\node_modules\jest-circus\build\jestAdapterInit.js:1557:28)
          at new Promise (<anonymous>)
          at callAsyncCircusFn (C:\Githhub\CreditMaster-Pro-app\node_modules\jest-circus\build\jestAdapterInit.js:1497:10)
          at _callCircusTest (C:\Githhub\CreditMaster-Pro-app\node_modules\jest-circus\build\jestAdapterInit.js:1007:40)
          at processTicksAndRejections (node:internal/process/task_queues:103:5)
          at _runTest (C:\Githhub\CreditMaster-Pro-app\node_modules\jest-circus\build\jestAdapterInit.js:947:3)
          at C:\Githhub\CreditMaster-Pro-app\node_modules\jest-circus\build\jestAdapterInit.js:849:7
          at _runTestsForDescribeBlock (C:\Githhub\CreditMaster-Pro-app\node_modules\jest-circus\build\jestAdapterInit.js:862:11)
          at _runTestsForDescribeBlock (C:\Githhub\CreditMaster-Pro-app\node_modules\jest-circus\build\jestAdapterInit.js:857:11)
          at _runTestsForDescribeBlock (C:\Githhub\CreditMaster-Pro-app\node_modules\jest-circus\build\jestAdapterInit.js:857:11)
          at run (C:\Githhub\CreditMaster-Pro-app\node_modules\jest-circus\build\jestAdapterInit.js:761:3)
          at runAndTransformResultsToJestFormat 
(C:\Githhub\CreditMaster-Pro-app\node_modules\jest-circus\build\jestAdapterInit.js:1918:21)
          at jestAdapter (C:\Githhub\CreditMaster-Pro-app\node_modules\jest-circus\build\runner.js:101:19)
          at runTestInternal (C:\Githhub\CreditMaster-Pro-app\node_modules\jest-runner\build\testWorker.js:275:16)
          at runTest (C:\Githhub\CreditMaster-Pro-app\node_modules\jest-runner\build\testWorker.js:343:7)
          at Object.worker (C:\Githhub\CreditMaster-Pro-app\node_modules\jest-runner\build\testWorker.js:497:12)

    [0m [90m 245 |[39m     )[33m;[39m
     [90m 246 |[39m   } [36mcatch[39m (error) {
    [31m[1m>[22m[39m[90m 247 |[39m     console[33m.[39merror([32m'Error creating negotiation:'[39m[33m,[39m error)[33m;[39m
     [90m     |[39m             [31m[1m^[22m[39m
     [90m 248 |[39m
     [90m 249 |[39m     [90m// Audit log error[39m
     [90m 250 |[39m     [36mtry[39m {[0m

      at POST (src/app/api/credit-repair/negotiate/route.ts:247:13)
      at Object.<anonymous> (src/app/api/credit-repair/negotiate/__tests__/route.test.ts:282:24)

(node:69704) Warning: `--localstorage-file` was provided without a valid path
(Use `node --trace-warnings ...` to show where the warning was created)
PASS src/lib/__tests__/encryption.test.ts
PASS src/app/api/credit-repair/quick-wins/__tests__/route.test.ts
  ΓùÅ Console

    console.error
      Error getting quick wins: Error: Service error
          at Object.<anonymous> (C:\Githhub\CreditMaster-Pro-app\src\app\api\credit-repair\quick-wins\__tests__\route.test.ts:149:9)
          at Promise.finally.completed (C:\Githhub\CreditMaster-Pro-app\node_modules\jest-circus\build\jestAdapterInit.js:1557:28)
          at new Promise (<anonymous>)
          at callAsyncCircusFn (C:\Githhub\CreditMaster-Pro-app\node_modules\jest-circus\build\jestAdapterInit.js:1497:10)
          at _callCircusTest (C:\Githhub\CreditMaster-Pro-app\node_modules\jest-circus\build\jestAdapterInit.js:1007:40)
          at processTicksAndRejections (node:internal/process/task_queues:103:5)
          at _runTest (C:\Githhub\CreditMaster-Pro-app\node_modules\jest-circus\build\jestAdapterInit.js:947:3)
          at C:\Githhub\CreditMaster-Pro-app\node_modules\jest-circus\build\jestAdapterInit.js:849:7
          at _runTestsForDescribeBlock (C:\Githhub\CreditMaster-Pro-app\node_modules\jest-circus\build\jestAdapterInit.js:862:11)
          at _runTestsForDescribeBlock (C:\Githhub\CreditMaster-Pro-app\node_modules\jest-circus\build\jestAdapterInit.js:857:11)
          at _runTestsForDescribeBlock (C:\Githhub\CreditMaster-Pro-app\node_modules\jest-circus\build\jestAdapterInit.js:857:11)
          at run (C:\Githhub\CreditMaster-Pro-app\node_modules\jest-circus\build\jestAdapterInit.js:761:3)
          at runAndTransformResultsToJestFormat 
(C:\Githhub\CreditMaster-Pro-app\node_modules\jest-circus\build\jestAdapterInit.js:1918:21)
          at jestAdapter (C:\Githhub\CreditMaster-Pro-app\node_modules\jest-circus\build\runner.js:101:19)
          at runTestInternal (C:\Githhub\CreditMaster-Pro-app\node_modules\jest-runner\build\testWorker.js:275:16)
          at runTest (C:\Githhub\CreditMaster-Pro-app\node_modules\jest-runner\build\testWorker.js:343:7)
          at Object.worker (C:\Githhub\CreditMaster-Pro-app\node_modules\jest-runner\build\testWorker.js:497:12)

    [0m [90m  96 |[39m     })[33m;[39m
     [90m  97 |[39m   } [36mcatch[39m (error) {
    [31m[1m>[22m[39m[90m  98 |[39m     console[33m.[39merror([32m'Error getting quick wins:'[39m[33m,[39m error)[33m;[39m
     [90m     |[39m             [31m[1m^[22m[39m
     [90m  99 |[39m
     [90m 100 |[39m     [90m// Audit log error[39m
     [90m 101 |[39m     [36mtry[39m {[0m

      at GET (src/app/api/credit-repair/quick-wins/route.ts:98:13)
      at Object.<anonymous> (src/app/api/credit-repair/quick-wins/__tests__/route.test.ts:153:24)

    console.error
      Error getting quick wins: Error: Database error
          at Object.<anonymous> (C:\Githhub\CreditMaster-Pro-app\src\app\api\credit-repair\quick-wins\__tests__\route.test.ts:163:9)
          at Promise.finally.completed (C:\Githhub\CreditMaster-Pro-app\node_modules\jest-circus\build\jestAdapterInit.js:1557:28)
          at new Promise (<anonymous>)
          at callAsyncCircusFn (C:\Githhub\CreditMaster-Pro-app\node_modules\jest-circus\build\jestAdapterInit.js:1497:10)
          at _callCircusTest (C:\Githhub\CreditMaster-Pro-app\node_modules\jest-circus\build\jestAdapterInit.js:1007:40)
          at processTicksAndRejections (node:internal/process/task_queues:103:5)
          at _runTest (C:\Githhub\CreditMaster-Pro-app\node_modules\jest-circus\build\jestAdapterInit.js:947:3)
          at C:\Githhub\CreditMaster-Pro-app\node_modules\jest-circus\build\jestAdapterInit.js:849:7
          at _runTestsForDescribeBlock (C:\Githhub\CreditMaster-Pro-app\node_modules\jest-circus\build\jestAdapterInit.js:862:11)
          at _runTestsForDescribeBlock (C:\Githhub\CreditMaster-Pro-app\node_modules\jest-circus\build\jestAdapterInit.js:857:11)
          at _runTestsForDescribeBlock (C:\Githhub\CreditMaster-Pro-app\node_modules\jest-circus\build\jestAdapterInit.js:857:11)
          at run (C:\Githhub\CreditMaster-Pro-app\node_modules\jest-circus\build\jestAdapterInit.js:761:3)
          at runAndTransformResultsToJestFormat 
(C:\Githhub\CreditMaster-Pro-app\node_modules\jest-circus\build\jestAdapterInit.js:1918:21)
          at jestAdapter (C:\Githhub\CreditMaster-Pro-app\node_modules\jest-circus\build\runner.js:101:19)
          at runTestInternal (C:\Githhub\CreditMaster-Pro-app\node_modules\jest-runner\build\testWorker.js:275:16)
          at runTest (C:\Githhub\CreditMaster-Pro-app\node_modules\jest-runner\build\testWorker.js:343:7)
          at Object.worker (C:\Githhub\CreditMaster-Pro-app\node_modules\jest-runner\build\testWorker.js:497:12)

    [0m [90m  96 |[39m     })[33m;[39m
     [90m  97 |[39m   } [36mcatch[39m (error) {
    [31m[1m>[22m[39m[90m  98 |[39m     console[33m.[39merror([32m'Error getting quick wins:'[39m[33m,[39m error)[33m;[39m
     [90m     |[39m             [31m[1m^[22m[39m
     [90m  99 |[39m
     [90m 100 |[39m     [90m// Audit log error[39m
     [90m 101 |[39m     [36mtry[39m {[0m

      at GET (src/app/api/credit-repair/quick-wins/route.ts:98:13)
      at Object.<anonymous> (src/app/api/credit-repair/quick-wins/__tests__/route.test.ts:167:24)

PASS src/app/api/credit-repair/goodwill/[id]/__tests__/route.test.ts
  ΓùÅ Console

    console.error
      Error updating goodwill letter: Error: Database error
          at Object.<anonymous> (C:\Githhub\CreditMaster-Pro-app\src\app\api\credit-repair\goodwill\[id]\__tests__\route.test.ts:185:9)
          at Promise.finally.completed (C:\Githhub\CreditMaster-Pro-app\node_modules\jest-circus\build\jestAdapterInit.js:1557:28)
          at new Promise (<anonymous>)
          at callAsyncCircusFn (C:\Githhub\CreditMaster-Pro-app\node_modules\jest-circus\build\jestAdapterInit.js:1497:10)
          at _callCircusTest (C:\Githhub\CreditMaster-Pro-app\node_modules\jest-circus\build\jestAdapterInit.js:1007:40)
          at processTicksAndRejections (node:internal/process/task_queues:103:5)
          at _runTest (C:\Githhub\CreditMaster-Pro-app\node_modules\jest-circus\build\jestAdapterInit.js:947:3)
          at C:\Githhub\CreditMaster-Pro-app\node_modules\jest-circus\build\jestAdapterInit.js:849:7
          at _runTestsForDescribeBlock (C:\Githhub\CreditMaster-Pro-app\node_modules\jest-circus\build\jestAdapterInit.js:862:11)
          at _runTestsForDescribeBlock (C:\Githhub\CreditMaster-Pro-app\node_modules\jest-circus\build\jestAdapterInit.js:857:11)
          at _runTestsForDescribeBlock (C:\Githhub\CreditMaster-Pro-app\node_modules\jest-circus\build\jestAdapterInit.js:857:11)
          at run (C:\Githhub\CreditMaster-Pro-app\node_modules\jest-circus\build\jestAdapterInit.js:761:3)
          at runAndTransformResultsToJestFormat 
(C:\Githhub\CreditMaster-Pro-app\node_modules\jest-circus\build\jestAdapterInit.js:1918:21)
          at jestAdapter (C:\Githhub\CreditMaster-Pro-app\node_modules\jest-circus\build\runner.js:101:19)
          at runTestInternal (C:\Githhub\CreditMaster-Pro-app\node_modules\jest-runner\build\testWorker.js:275:16)
          at runTest (C:\Githhub\CreditMaster-Pro-app\node_modules\jest-runner\build\testWorker.js:343:7)
          at Object.worker (C:\Githhub\CreditMaster-Pro-app\node_modules\jest-runner\build\testWorker.js:497:12)

    [0m [90m 195 |[39m     })[33m;[39m
     [90m 196 |[39m   } [36mcatch[39m (error) {
    [31m[1m>[22m[39m[90m 197 |[39m     console[33m.[39merror([32m'Error updating goodwill letter:'[39m[33m,[39m 
error)[33m;[39m
     [90m     |[39m             [31m[1m^[22m[39m
     [90m 198 |[39m
     [90m 199 |[39m     [36mreturn[39m [33mNextResponse[39m[33m.[39mjson(
     [90m 200 |[39m       { error[33m:[39m [32m'Failed to update goodwill letter'[39m }[33m,[39m[0m

      at PUT (src/app/api/credit-repair/goodwill/[id]/route.ts:197:13)
      at Object.<anonymous> (src/app/api/credit-repair/goodwill/[id]/__tests__/route.test.ts:192:24)

PASS src/lib/ai/__tests__/chat-db-service.test.ts
  ΓùÅ Console

    console.error
      Failed to create chat session: { message: 'DB error' }

    [0m [90m 143 |[39m
     [90m 144 |[39m     [36mif[39m (error) {
    [31m[1m>[22m[39m[90m 145 |[39m       console[33m.[39merror([32m'Failed to create chat session:'[39m[33m,[39m 
error)[33m;[39m
     [90m     |[39m               [31m[1m^[22m[39m
     [90m 146 |[39m       [36mthrow[39m [36mnew[39m [33mError[39m([32m`Failed to create chat session: 
${error.message}`[39m)[33m;[39m
     [90m 147 |[39m     }
     [90m 148 |[39m[0m

      at ChatDatabaseService.createSession (src/lib/ai/chat-db-service.ts:145:15)
      at Object.<anonymous> (src/lib/ai/__tests__/chat-db-service.test.ts:95:7)

    console.error
      Failed to get chat session: { message: 'DB error' }

    [0m [90m 166 |[39m         [36mreturn[39m [36mnull[39m[33m;[39m
     [90m 167 |[39m       }
    [31m[1m>[22m[39m[90m 168 |[39m       console[33m.[39merror([32m'Failed to get chat session:'[39m[33m,[39m 
error)[33m;[39m
     [90m     |[39m               [31m[1m^[22m[39m
     [90m 169 |[39m       [36mthrow[39m [36mnew[39m [33mError[39m([32m`Failed to get chat session: 
${error.message}`[39m)[33m;[39m
     [90m 170 |[39m     }
     [90m 171 |[39m[0m

      at ChatDatabaseService.getSession (src/lib/ai/chat-db-service.ts:168:15)
      at Object.<anonymous> (src/lib/ai/__tests__/chat-db-service.test.ts:209:7)

PASS src/__tests__/security/investments-security.test.ts
PASS src/lib/__tests__/student-loan-agent.test.ts
  ΓùÅ Console

    console.log
      Federal regulations loaded.

      at FederalRegulationEngine.loadRegulations (src/lib/student-loan-agent/FederalRegulationEngine.ts:19:15)

    console.log
      Federal regulations loaded.

      at FederalRegulationEngine.loadRegulations (src/lib/student-loan-agent/FederalRegulationEngine.ts:19:15)

    console.log
      Federal regulations loaded.

      at FederalRegulationEngine.loadRegulations (src/lib/student-loan-agent/FederalRegulationEngine.ts:19:15)

    console.log
      Federal regulations loaded.

      at FederalRegulationEngine.loadRegulations (src/lib/student-loan-agent/FederalRegulationEngine.ts:19:15)

    console.log
      Federal regulations loaded.

      at FederalRegulationEngine.loadRegulations (src/lib/student-loan-agent/FederalRegulationEngine.ts:19:15)

    console.log
      Federal regulations loaded.

      at FederalRegulationEngine.loadRegulations (src/lib/student-loan-agent/FederalRegulationEngine.ts:19:15)

    console.log
      Federal regulations loaded.

      at FederalRegulationEngine.loadRegulations (src/lib/student-loan-agent/FederalRegulationEngine.ts:19:15)

    console.log
      Federal regulations loaded.

      at FederalRegulationEngine.loadRegulations (src/lib/student-loan-agent/FederalRegulationEngine.ts:19:15)

    console.log
      Federal regulations loaded.

      at FederalRegulationEngine.loadRegulations (src/lib/student-loan-agent/FederalRegulationEngine.ts:19:15)

    console.log
      Federal regulations loaded.

      at FederalRegulationEngine.loadRegulations (src/lib/student-loan-agent/FederalRegulationEngine.ts:19:15)

    console.log
      Federal regulations loaded.

      at FederalRegulationEngine.loadRegulations (src/lib/student-loan-agent/FederalRegulationEngine.ts:19:15)

    console.log
      Federal regulations loaded.

      at FederalRegulationEngine.loadRegulations (src/lib/student-loan-agent/FederalRegulationEngine.ts:19:15)

    console.log
      Federal regulations loaded.

      at FederalRegulationEngine.loadRegulations (src/lib/student-loan-agent/FederalRegulationEngine.ts:19:15)

    console.log
      Federal regulations loaded.

      at FederalRegulationEngine.loadRegulations (src/lib/student-loan-agent/FederalRegulationEngine.ts:19:15)

    console.log
      Federal regulations loaded.

      at FederalRegulationEngine.loadRegulations (src/lib/student-loan-agent/FederalRegulationEngine.ts:19:15)

    console.log
      Federal regulations loaded.

      at FederalRegulationEngine.loadRegulations (src/lib/student-loan-agent/FederalRegulationEngine.ts:19:15)

PASS src/lib/investments/services/__tests__/AssetAllocationService.test.ts
PASS src/app/api/auth/__tests__/route.test.ts
PASS src/app/api/credit-repair/disputes/[id]/__tests__/route.test.ts
  ΓùÅ Console

    console.warn
      Supabase environment variables are not set. Some features may not work.

    [0m [90m 12 |[39m
     [90m 13 |[39m [36mif[39m ([33m![39mprocess[33m.[39menv[33m.[39m[33mNEXT_PUBLIC_SUPABASE_URL[39m [33m||[39m 
[33m![39mprocess[33m.[39menv[33m.[39m[33mNEXT_PUBLIC_SUPABASE_ANON_KEY[39m) {
    [31m[1m>[22m[39m[90m 14 |[39m   console[33m.[39mwarn([32m'Supabase environment variables are not set. Some features may not 
work.'[39m)[33m;[39m
     [90m    |[39m           [31m[1m^[22m[39m
     [90m 15 |[39m }
     [90m 16 |[39m
     [90m 17 |[39m [90m// Create Supabase client[39m[0m

      at Object.<anonymous> (src/lib/supabase.ts:14:11)
      at Object.<anonymous> (src/lib/credit-repair/db/credit-repair-db-service.ts:16:1)
      at Object.<anonymous> (src/lib/credit-repair/db/index.ts:8:1)
      at Object.<anonymous> (src/app/api/credit-repair/disputes/[id]/route.ts:20:1)
      at Object.<anonymous> (src/app/api/credit-repair/disputes/[id]/__tests__/route.test.ts:13:1)

    console.error
      Error updating dispute: Error: Dispute was modified by another process
          at Object.<anonymous> (C:\Githhub\CreditMaster-Pro-app\src\app\api\credit-repair\disputes\[id]\__tests__\route.test.ts:216:9)
          at Promise.finally.completed (C:\Githhub\CreditMaster-Pro-app\node_modules\jest-circus\build\jestAdapterInit.js:1557:28)
          at new Promise (<anonymous>)
          at callAsyncCircusFn (C:\Githhub\CreditMaster-Pro-app\node_modules\jest-circus\build\jestAdapterInit.js:1497:10)
          at _callCircusTest (C:\Githhub\CreditMaster-Pro-app\node_modules\jest-circus\build\jestAdapterInit.js:1007:40)
          at processTicksAndRejections (node:internal/process/task_queues:103:5)
          at _runTest (C:\Githhub\CreditMaster-Pro-app\node_modules\jest-circus\build\jestAdapterInit.js:947:3)
          at C:\Githhub\CreditMaster-Pro-app\node_modules\jest-circus\build\jestAdapterInit.js:849:7
          at _runTestsForDescribeBlock (C:\Githhub\CreditMaster-Pro-app\node_modules\jest-circus\build\jestAdapterInit.js:862:11)
          at _runTestsForDescribeBlock (C:\Githhub\CreditMaster-Pro-app\node_modules\jest-circus\build\jestAdapterInit.js:857:11)
          at _runTestsForDescribeBlock (C:\Githhub\CreditMaster-Pro-app\node_modules\jest-circus\build\jestAdapterInit.js:857:11)
          at run (C:\Githhub\CreditMaster-Pro-app\node_modules\jest-circus\build\jestAdapterInit.js:761:3)
          at runAndTransformResultsToJestFormat 
(C:\Githhub\CreditMaster-Pro-app\node_modules\jest-circus\build\jestAdapterInit.js:1918:21)
          at jestAdapter (C:\Githhub\CreditMaster-Pro-app\node_modules\jest-circus\build\runner.js:101:19)
          at runTestInternal (C:\Githhub\CreditMaster-Pro-app\node_modules\jest-runner\build\testWorker.js:275:16)
          at runTest (C:\Githhub\CreditMaster-Pro-app\node_modules\jest-runner\build\testWorker.js:343:7)
          at Object.worker (C:\Githhub\CreditMaster-Pro-app\node_modules\jest-runner\build\testWorker.js:497:12)

    [0m [90m 226 |[39m     })[33m;[39m
     [90m 227 |[39m   } [36mcatch[39m (error) {
    [31m[1m>[22m[39m[90m 228 |[39m     console[33m.[39merror([32m'Error updating dispute:'[39m[33m,[39m error)[33m;[39m
     [90m     |[39m             [31m[1m^[22m[39m
     [90m 229 |[39m
     [90m 230 |[39m     [90m// Check for optimistic locking error[39m
     [90m 231 |[39m     [36mif[39m ((error [36mas[39m [33mError[39m)[33m.[39mmessage[33m.[39mincludes([32m'modified by 
another process'[39m)) {[0m

      at PUT (src/app/api/credit-repair/disputes/[id]/route.ts:228:13)
      at Object.<anonymous> (src/app/api/credit-repair/disputes/[id]/__tests__/route.test.ts:223:24)

PASS src/app/api/credit-repair/reports/__tests__/route.test.ts
  ΓùÅ Console

    console.error
      Error getting credit reports: Error: Database error
          at Object.<anonymous> (C:\Githhub\CreditMaster-Pro-app\src\app\api\credit-repair\reports\__tests__\route.test.ts:116:9)
          at Promise.finally.completed (C:\Githhub\CreditMaster-Pro-app\node_modules\jest-circus\build\jestAdapterInit.js:1557:28)
          at new Promise (<anonymous>)
          at callAsyncCircusFn (C:\Githhub\CreditMaster-Pro-app\node_modules\jest-circus\build\jestAdapterInit.js:1497:10)
          at _callCircusTest (C:\Githhub\CreditMaster-Pro-app\node_modules\jest-circus\build\jestAdapterInit.js:1007:40)
          at processTicksAndRejections (node:internal/process/task_queues:103:5)
          at _runTest (C:\Githhub\CreditMaster-Pro-app\node_modules\jest-circus\build\jestAdapterInit.js:947:3)
          at C:\Githhub\CreditMaster-Pro-app\node_modules\jest-circus\build\jestAdapterInit.js:849:7
          at _runTestsForDescribeBlock (C:\Githhub\CreditMaster-Pro-app\node_modules\jest-circus\build\jestAdapterInit.js:862:11)
          at _runTestsForDescribeBlock (C:\Githhub\CreditMaster-Pro-app\node_modules\jest-circus\build\jestAdapterInit.js:857:11)
          at _runTestsForDescribeBlock (C:\Githhub\CreditMaster-Pro-app\node_modules\jest-circus\build\jestAdapterInit.js:857:11)
          at run (C:\Githhub\CreditMaster-Pro-app\node_modules\jest-circus\build\jestAdapterInit.js:761:3)
          at runAndTransformResultsToJestFormat 
(C:\Githhub\CreditMaster-Pro-app\node_modules\jest-circus\build\jestAdapterInit.js:1918:21)
          at jestAdapter (C:\Githhub\CreditMaster-Pro-app\node_modules\jest-circus\build\runner.js:101:19)
          at runTestInternal (C:\Githhub\CreditMaster-Pro-app\node_modules\jest-runner\build\testWorker.js:275:16)
          at runTest (C:\Githhub\CreditMaster-Pro-app\node_modules\jest-runner\build\testWorker.js:343:7)
          at Object.worker (C:\Githhub\CreditMaster-Pro-app\node_modules\jest-runner\build\testWorker.js:497:12)

    [0m [90m 82 |[39m     })[33m;[39m
     [90m 83 |[39m   } [36mcatch[39m (error) {
    [31m[1m>[22m[39m[90m 84 |[39m     console[33m.[39merror([32m'Error getting credit reports:'[39m[33m,[39m 
error)[33m;[39m
     [90m    |[39m             [31m[1m^[22m[39m
     [90m 85 |[39m     [36mreturn[39m [33mNextResponse[39m[33m.[39mjson(
     [90m 86 |[39m       { error[33m:[39m [32m'Failed to get credit reports'[39m }[33m,[39m
     [90m 87 |[39m       { status[33m:[39m [35m500[39m }[0m

      at GET (src/app/api/credit-repair/reports/route.ts:84:13)
      at Object.<anonymous> (src/app/api/credit-repair/reports/__tests__/route.test.ts:120:24)

    console.error
      Error uploading credit report: Error: Database error
          at Object.<anonymous> (C:\Githhub\CreditMaster-Pro-app\src\app\api\credit-repair\reports\__tests__\route.test.ts:259:9)
          at Promise.finally.completed (C:\Githhub\CreditMaster-Pro-app\node_modules\jest-circus\build\jestAdapterInit.js:1557:28)
          at new Promise (<anonymous>)
          at callAsyncCircusFn (C:\Githhub\CreditMaster-Pro-app\node_modules\jest-circus\build\jestAdapterInit.js:1497:10)
          at _callCircusTest (C:\Githhub\CreditMaster-Pro-app\node_modules\jest-circus\build\jestAdapterInit.js:1007:40)
          at processTicksAndRejections (node:internal/process/task_queues:103:5)
          at _runTest (C:\Githhub\CreditMaster-Pro-app\node_modules\jest-circus\build\jestAdapterInit.js:947:3)
          at C:\Githhub\CreditMaster-Pro-app\node_modules\jest-circus\build\jestAdapterInit.js:849:7
          at _runTestsForDescribeBlock (C:\Githhub\CreditMaster-Pro-app\node_modules\jest-circus\build\jestAdapterInit.js:862:11)
          at _runTestsForDescribeBlock (C:\Githhub\CreditMaster-Pro-app\node_modules\jest-circus\build\jestAdapterInit.js:857:11)
          at _runTestsForDescribeBlock (C:\Githhub\CreditMaster-Pro-app\node_modules\jest-circus\build\jestAdapterInit.js:857:11)
          at run (C:\Githhub\CreditMaster-Pro-app\node_modules\jest-circus\build\jestAdapterInit.js:761:3)
          at runAndTransformResultsToJestFormat 
(C:\Githhub\CreditMaster-Pro-app\node_modules\jest-circus\build\jestAdapterInit.js:1918:21)
          at jestAdapter (C:\Githhub\CreditMaster-Pro-app\node_modules\jest-circus\build\runner.js:101:19)
          at runTestInternal (C:\Githhub\CreditMaster-Pro-app\node_modules\jest-runner\build\testWorker.js:275:16)
          at runTest (C:\Githhub\CreditMaster-Pro-app\node_modules\jest-runner\build\testWorker.js:343:7)
          at Object.worker (C:\Githhub\CreditMaster-Pro-app\node_modules\jest-runner\build\testWorker.js:497:12)

    [0m [90m 152 |[39m     )[33m;[39m
     [90m 153 |[39m   } [36mcatch[39m (error) {
    [31m[1m>[22m[39m[90m 154 |[39m     console[33m.[39merror([32m'Error uploading credit report:'[39m[33m,[39m 
error)[33m;[39m
     [90m     |[39m             [31m[1m^[22m[39m
     [90m 155 |[39m     [36mreturn[39m [33mNextResponse[39m[33m.[39mjson(
     [90m 156 |[39m       { error[33m:[39m [32m'Failed to upload credit report'[39m }[33m,[39m
     [90m 157 |[39m       { status[33m:[39m [35m500[39m }[0m

      at POST (src/app/api/credit-repair/reports/route.ts:154:13)
      at Object.<anonymous> (src/app/api/credit-repair/reports/__tests__/route.test.ts:266:24)

PASS src/lib/__tests__/subscription-service.test.ts
PASS src/app/api/admin/__tests__/users.test.ts
PASS src/lib/financial/__tests__/spending-analysis-service.test.ts
PASS src/lib/__tests__/ai-orchestrator.test.ts
PASS src/lib/__tests__/pricing.test.ts
PASS src/lib/financial/__tests__/health-score-calculator.test.ts
  ΓùÅ Console

    console.warn
      Supabase environment variables are not set. Some features may not work.

    [0m [90m 12 |[39m
     [90m 13 |[39m [36mif[39m ([33m![39mprocess[33m.[39menv[33m.[39m[33mNEXT_PUBLIC_SUPABASE_URL[39m [33m||[39m 
[33m![39mprocess[33m.[39menv[33m.[39m[33mNEXT_PUBLIC_SUPABASE_ANON_KEY[39m) {
    [31m[1m>[22m[39m[90m 14 |[39m   console[33m.[39mwarn([32m'Supabase environment variables are not set. Some features may not 
work.'[39m)[33m;[39m
     [90m    |[39m           [31m[1m^[22m[39m
     [90m 15 |[39m }
     [90m 16 |[39m
     [90m 17 |[39m [90m// Create Supabase client[39m[0m

      at Object.<anonymous> (src/lib/supabase.ts:14:11)
      at Object.<anonymous> (src/lib/financial/health-score-calculator.ts:15:1)
      at Object.<anonymous> (src/lib/financial/__tests__/health-score-calculator.test.ts:9:1)

PASS src/lib/financial/__tests__/debt-strategy-engine.test.ts
  ΓùÅ Console

    console.warn
      Supabase environment variables are not set. Some features may not work.

    [0m [90m 12 |[39m
     [90m 13 |[39m [36mif[39m ([33m![39mprocess[33m.[39menv[33m.[39m[33mNEXT_PUBLIC_SUPABASE_URL[39m [33m||[39m 
[33m![39mprocess[33m.[39menv[33m.[39m[33mNEXT_PUBLIC_SUPABASE_ANON_KEY[39m) {
    [31m[1m>[22m[39m[90m 14 |[39m   console[33m.[39mwarn([32m'Supabase environment variables are not set. Some features may not 
work.'[39m)[33m;[39m
     [90m    |[39m           [31m[1m^[22m[39m
     [90m 15 |[39m }
     [90m 16 |[39m
     [90m 17 |[39m [90m// Create Supabase client[39m[0m

      at Object.<anonymous> (src/lib/supabase.ts:14:11)
      at Object.<anonymous> (src/lib/financial/financial-context-engine.ts:9:1)
      at Object.<anonymous> (src/lib/financial/debt-strategy-engine.ts:14:1)
      at Object.<anonymous> (src/lib/financial/__tests__/debt-strategy-engine.test.ts:7:1)

PASS src/lib/financial/__tests__/bill-negotiator.test.ts
  ΓùÅ Console

    console.error
      AI script generation failed, using template: TypeError: Cannot read properties of undefined (reading 'chat')
          at BillNegotiator.generateNegotiationScript (C:\Githhub\CreditMaster-Pro-app\src\lib\financial\bill-negotiator.ts:214:47)
          at processTicksAndRejections (node:internal/process/task_queues:103:5)
          at Object.<anonymous> (C:\Githhub\CreditMaster-Pro-app\src\lib\financial\__tests__\bill-negotiator.test.ts:295:22)

    [0m [90m 222 |[39m       aiResponse [33m=[39m 
response[33m.[39mchoices[[35m0[39m][33m?[39m[33m.[39mmessage[33m?[39m[33m.[39mcontent [33m||[39m [32m''[39m[33m;[39m
     [90m 223 |[39m     } [36mcatch[39m (error) {
    [31m[1m>[22m[39m[90m 224 |[39m       console[33m.[39merror([32m'AI script generation failed, using 
template:'[39m[33m,[39m error)[33m;[39m
     [90m     |[39m               [31m[1m^[22m[39m
     [90m 225 |[39m       aiResponse [33m=[39m [36mthis[39m[33m.[39mgenerateTemplateScript(bill[33m,[39m 
marketAnalysis[33m,[39m profile)[33m;[39m
     [90m 226 |[39m     }
     [90m 227 |[39m[0m

      at BillNegotiator.generateNegotiationScript (src/lib/financial/bill-negotiator.ts:224:15)
      at Object.<anonymous> (src/lib/financial/__tests__/bill-negotiator.test.ts:295:22)

    console.error
      AI script generation failed, using template: TypeError: Cannot read properties of undefined (reading 'chat')
          at BillNegotiator.generateNegotiationScript (C:\Githhub\CreditMaster-Pro-app\src\lib\financial\bill-negotiator.ts:214:47)
          at processTicksAndRejections (node:internal/process/task_queues:103:5)
          at Object.<anonymous> (C:\Githhub\CreditMaster-Pro-app\src\lib\financial\__tests__\bill-negotiator.test.ts:308:22)

    [0m [90m 222 |[39m       aiResponse [33m=[39m 
response[33m.[39mchoices[[35m0[39m][33m?[39m[33m.[39mmessage[33m?[39m[33m.[39mcontent [33m||[39m [32m''[39m[33m;[39m
     [90m 223 |[39m     } [36mcatch[39m (error) {
    [31m[1m>[22m[39m[90m 224 |[39m       console[33m.[39merror([32m'AI script generation failed, using 
template:'[39m[33m,[39m error)[33m;[39m
     [90m     |[39m               [31m[1m^[22m[39m
     [90m 225 |[39m       aiResponse [33m=[39m [36mthis[39m[33m.[39mgenerateTemplateScript(bill[33m,[39m 
marketAnalysis[33m,[39m profile)[33m;[39m
     [90m 226 |[39m     }
     [90m 227 |[39m[0m

      at BillNegotiator.generateNegotiationScript (src/lib/financial/bill-negotiator.ts:224:15)
      at Object.<anonymous> (src/lib/financial/__tests__/bill-negotiator.test.ts:308:22)

    console.error
      AI script generation failed, using template: TypeError: Cannot read properties of undefined (reading 'chat')
          at BillNegotiator.generateNegotiationScript (C:\Githhub\CreditMaster-Pro-app\src\lib\financial\bill-negotiator.ts:214:47)
          at processTicksAndRejections (node:internal/process/task_queues:103:5)
          at Object.<anonymous> (C:\Githhub\CreditMaster-Pro-app\src\lib\financial\__tests__\bill-negotiator.test.ts:329:22)

    [0m [90m 222 |[39m       aiResponse [33m=[39m 
response[33m.[39mchoices[[35m0[39m][33m?[39m[33m.[39mmessage[33m?[39m[33m.[39mcontent [33m||[39m [32m''[39m[33m;[39m
     [90m 223 |[39m     } [36mcatch[39m (error) {
    [31m[1m>[22m[39m[90m 224 |[39m       console[33m.[39merror([32m'AI script generation failed, using 
template:'[39m[33m,[39m error)[33m;[39m
     [90m     |[39m               [31m[1m^[22m[39m
     [90m 225 |[39m       aiResponse [33m=[39m [36mthis[39m[33m.[39mgenerateTemplateScript(bill[33m,[39m 
marketAnalysis[33m,[39m profile)[33m;[39m
     [90m 226 |[39m     }
     [90m 227 |[39m[0m

      at BillNegotiator.generateNegotiationScript (src/lib/financial/bill-negotiator.ts:224:15)
      at Object.<anonymous> (src/lib/financial/__tests__/bill-negotiator.test.ts:329:22)

    console.error
      AI script generation failed, using template: TypeError: Cannot read properties of undefined (reading 'chat')
          at BillNegotiator.generateNegotiationScript (C:\Githhub\CreditMaster-Pro-app\src\lib\financial\bill-negotiator.ts:214:47)
          at processTicksAndRejections (node:internal/process/task_queues:103:5)
          at Object.<anonymous> (C:\Githhub\CreditMaster-Pro-app\src\lib\financial\__tests__\bill-negotiator.test.ts:337:22)

    [0m [90m 222 |[39m       aiResponse [33m=[39m 
response[33m.[39mchoices[[35m0[39m][33m?[39m[33m.[39mmessage[33m?[39m[33m.[39mcontent [33m||[39m [32m''[39m[33m;[39m
     [90m 223 |[39m     } [36mcatch[39m (error) {
    [31m[1m>[22m[39m[90m 224 |[39m       console[33m.[39merror([32m'AI script generation failed, using 
template:'[39m[33m,[39m error)[33m;[39m
     [90m     |[39m               [31m[1m^[22m[39m
     [90m 225 |[39m       aiResponse [33m=[39m [36mthis[39m[33m.[39mgenerateTemplateScript(bill[33m,[39m 
marketAnalysis[33m,[39m profile)[33m;[39m
     [90m 226 |[39m     }
     [90m 227 |[39m[0m

      at BillNegotiator.generateNegotiationScript (src/lib/financial/bill-negotiator.ts:224:15)
      at Object.<anonymous> (src/lib/financial/__tests__/bill-negotiator.test.ts:337:22)

    console.error
      AI script generation failed, using template: TypeError: Cannot read properties of undefined (reading 'chat')
          at BillNegotiator.generateNegotiationScript (C:\Githhub\CreditMaster-Pro-app\src\lib\financial\bill-negotiator.ts:214:47)
          at processTicksAndRejections (node:internal/process/task_queues:103:5)
          at Object.<anonymous> (C:\Githhub\CreditMaster-Pro-app\src\lib\financial\__tests__\bill-negotiator.test.ts:355:22)

    [0m [90m 222 |[39m       aiResponse [33m=[39m 
response[33m.[39mchoices[[35m0[39m][33m?[39m[33m.[39mmessage[33m?[39m[33m.[39mcontent [33m||[39m [32m''[39m[33m;[39m
     [90m 223 |[39m     } [36mcatch[39m (error) {
    [31m[1m>[22m[39m[90m 224 |[39m       console[33m.[39merror([32m'AI script generation failed, using 
template:'[39m[33m,[39m error)[33m;[39m
     [90m     |[39m               [31m[1m^[22m[39m
     [90m 225 |[39m       aiResponse [33m=[39m [36mthis[39m[33m.[39mgenerateTemplateScript(bill[33m,[39m 
marketAnalysis[33m,[39m profile)[33m;[39m
     [90m 226 |[39m     }
     [90m 227 |[39m[0m

      at BillNegotiator.generateNegotiationScript (src/lib/financial/bill-negotiator.ts:224:15)
      at Object.<anonymous> (src/lib/financial/__tests__/bill-negotiator.test.ts:355:22)

    console.error
      AI script generation failed, using template: TypeError: Cannot read properties of undefined (reading 'chat')
          at BillNegotiator.generateNegotiationScript (C:\Githhub\CreditMaster-Pro-app\src\lib\financial\bill-negotiator.ts:214:47)
          at processTicksAndRejections (node:internal/process/task_queues:103:5)
          at Object.<anonymous> (C:\Githhub\CreditMaster-Pro-app\src\lib\financial\__tests__\bill-negotiator.test.ts:508:7)

    [0m [90m 222 |[39m       aiResponse [33m=[39m 
response[33m.[39mchoices[[35m0[39m][33m?[39m[33m.[39mmessage[33m?[39m[33m.[39mcontent [33m||[39m [32m''[39m[33m;[39m
     [90m 223 |[39m     } [36mcatch[39m (error) {
    [31m[1m>[22m[39m[90m 224 |[39m       console[33m.[39merror([32m'AI script generation failed, using 
template:'[39m[33m,[39m error)[33m;[39m
     [90m     |[39m               [31m[1m^[22m[39m
     [90m 225 |[39m       aiResponse [33m=[39m [36mthis[39m[33m.[39mgenerateTemplateScript(bill[33m,[39m 
marketAnalysis[33m,[39m profile)[33m;[39m
     [90m 226 |[39m     }
     [90m 227 |[39m[0m

      at BillNegotiator.generateNegotiationScript (src/lib/financial/bill-negotiator.ts:224:15)
      at Object.<anonymous> (src/lib/financial/__tests__/bill-negotiator.test.ts:508:7)

PASS src/lib/investments/services/__tests__/AllocationAnalyzer.test.ts
PASS src/lib/investments/services/__tests__/FundamentalAnalysisService.test.ts
PASS src/lib/ai/__tests__/financial-chat-engine.test.ts
  ΓùÅ Console

    console.error
      Failed to parse intent response: Error: No JSON found in response
          at FinancialChatEngine.parseIntentResponse (C:\Githhub\CreditMaster-Pro-app\src\lib\ai\financial-chat-engine.ts:465:15)
          at FinancialChatEngine.detectIntent (C:\Githhub\CreditMaster-Pro-app\src\lib\ai\financial-chat-engine.ts:193:31)
          at processTicksAndRejections (node:internal/process/task_queues:103:5)
          at Object.<anonymous> (C:\Githhub\CreditMaster-Pro-app\src\lib\ai\__tests__\financial-chat-engine.test.ts:269:22)

    [0m [90m 477 |[39m       }[33m;[39m
     [90m 478 |[39m     } [36mcatch[39m (error) {
    [31m[1m>[22m[39m[90m 479 |[39m       console[33m.[39merror([32m'Failed to parse intent response:'[39m[33m,[39m 
error)[33m;[39m
     [90m     |[39m               [31m[1m^[22m[39m
     [90m 480 |[39m       [36mreturn[39m {
     [90m 481 |[39m         type[33m:[39m [33mIntentType[39m[33m.[39m[33mQUESTION[39m[33m,[39m
     [90m 482 |[39m         confidence[33m:[39m [35m0.5[39m[33m,[39m[0m

      at FinancialChatEngine.parseIntentResponse (src/lib/ai/financial-chat-engine.ts:479:15)
      at FinancialChatEngine.detectIntent (src/lib/ai/financial-chat-engine.ts:193:31)
      at Object.<anonymous> (src/lib/ai/__tests__/financial-chat-engine.test.ts:269:22)

    console.error
      Failed to get portfolio data: TypeError: Cannot read properties of undefined (reading 'reduce')
          at FinancialChatEngine.getPortfolioData (C:\Githhub\CreditMaster-Pro-app\src\lib\ai\financial-chat-engine.ts:646:31)
          at processTicksAndRejections (node:internal/process/task_queues:103:5)
          at FinancialChatEngine.getChatContext (C:\Githhub\CreditMaster-Pro-app\src\lib\ai\financial-chat-engine.ts:386:27)
          at FinancialChatEngine.sendMessage (C:\Githhub\CreditMaster-Pro-app\src\lib\ai\financial-chat-engine.ts:92:21)
          at Object.<anonymous> (C:\Githhub\CreditMaster-Pro-app\src\lib\ai\__tests__\financial-chat-engine.test.ts:485:24)

    [0m [90m 668 |[39m       }[33m;[39m
     [90m 669 |[39m     } [36mcatch[39m (error) {
    [31m[1m>[22m[39m[90m 670 |[39m       console[33m.[39merror([32m'Failed to get portfolio data:'[39m[33m,[39m 
error)[33m;[39m
     [90m     |[39m               [31m[1m^[22m[39m
     [90m 671 |[39m       [36mreturn[39m [36mnull[39m[33m;[39m
     [90m 672 |[39m     }
     [90m 673 |[39m   }[0m

      at FinancialChatEngine.getPortfolioData (src/lib/ai/financial-chat-engine.ts:670:15)
      at FinancialChatEngine.getChatContext (src/lib/ai/financial-chat-engine.ts:386:27)
      at FinancialChatEngine.sendMessage (src/lib/ai/financial-chat-engine.ts:92:21)
      at Object.<anonymous> (src/lib/ai/__tests__/financial-chat-engine.test.ts:485:24)

    console.error
      Failed to get portfolio data: TypeError: Cannot read properties of undefined (reading 'reduce')
          at FinancialChatEngine.getPortfolioData (C:\Githhub\CreditMaster-Pro-app\src\lib\ai\financial-chat-engine.ts:646:31)
          at processTicksAndRejections (node:internal/process/task_queues:103:5)
          at FinancialChatEngine.executeAction (C:\Githhub\CreditMaster-Pro-app\src\lib\ai\financial-chat-engine.ts:240:18)
          at FinancialChatEngine.sendMessage (C:\Githhub\CreditMaster-Pro-app\src\lib\ai\financial-chat-engine.ts:103:23)
          at Object.<anonymous> (C:\Githhub\CreditMaster-Pro-app\src\lib\ai\__tests__\financial-chat-engine.test.ts:485:24)

    [0m [90m 668 |[39m       }[33m;[39m
     [90m 669 |[39m     } [36mcatch[39m (error) {
    [31m[1m>[22m[39m[90m 670 |[39m       console[33m.[39merror([32m'Failed to get portfolio data:'[39m[33m,[39m 
error)[33m;[39m
     [90m     |[39m               [31m[1m^[22m[39m
     [90m 671 |[39m       [36mreturn[39m [36mnull[39m[33m;[39m
     [90m 672 |[39m     }
     [90m 673 |[39m   }[0m

      at FinancialChatEngine.getPortfolioData (src/lib/ai/financial-chat-engine.ts:670:15)
      at FinancialChatEngine.executeAction (src/lib/ai/financial-chat-engine.ts:240:18)
      at FinancialChatEngine.sendMessage (src/lib/ai/financial-chat-engine.ts:103:23)
      at Object.<anonymous> (src/lib/ai/__tests__/financial-chat-engine.test.ts:485:24)

PASS src/lib/financial/__tests__/financial-context-engine.test.ts
  ΓùÅ Console

    console.warn
      Supabase environment variables are not set. Some features may not work.

    [0m [90m 12 |[39m
     [90m 13 |[39m [36mif[39m ([33m![39mprocess[33m.[39menv[33m.[39m[33mNEXT_PUBLIC_SUPABASE_URL[39m [33m||[39m 
[33m![39mprocess[33m.[39menv[33m.[39m[33mNEXT_PUBLIC_SUPABASE_ANON_KEY[39m) {
    [31m[1m>[22m[39m[90m 14 |[39m   console[33m.[39mwarn([32m'Supabase environment variables are not set. Some features may not 
work.'[39m)[33m;[39m
     [90m    |[39m           [31m[1m^[22m[39m
     [90m 15 |[39m }
     [90m 16 |[39m
     [90m 17 |[39m [90m// Create Supabase client[39m[0m

      at Object.<anonymous> (src/lib/supabase.ts:14:11)
      at Object.<anonymous> (src/lib/financial/financial-context-engine.ts:9:1)
      at Object.<anonymous> (src/lib/financial/__tests__/financial-context-engine.test.ts:9:1)

PASS src/components/__tests__/ModelSelector.test.tsx
PASS src/lib/investments/services/__tests__/TaxLossHarvestingService.test.ts
PASS src/app/api/credit-repair/reports/[id]/__tests__/route.test.ts
  ΓùÅ Console

    console.error
      Error getting credit report: Error: Database error
          at Object.<anonymous> (C:\Githhub\CreditMaster-Pro-app\src\app\api\credit-repair\reports\[id]\__tests__\route.test.ts:114:9)
          at Promise.finally.completed (C:\Githhub\CreditMaster-Pro-app\node_modules\jest-circus\build\jestAdapterInit.js:1557:28)
          at new Promise (<anonymous>)
          at callAsyncCircusFn (C:\Githhub\CreditMaster-Pro-app\node_modules\jest-circus\build\jestAdapterInit.js:1497:10)
          at _callCircusTest (C:\Githhub\CreditMaster-Pro-app\node_modules\jest-circus\build\jestAdapterInit.js:1007:40)
          at processTicksAndRejections (node:internal/process/task_queues:103:5)
          at _runTest (C:\Githhub\CreditMaster-Pro-app\node_modules\jest-circus\build\jestAdapterInit.js:947:3)
          at C:\Githhub\CreditMaster-Pro-app\node_modules\jest-circus\build\jestAdapterInit.js:849:7
          at _runTestsForDescribeBlock (C:\Githhub\CreditMaster-Pro-app\node_modules\jest-circus\build\jestAdapterInit.js:862:11)
          at _runTestsForDescribeBlock (C:\Githhub\CreditMaster-Pro-app\node_modules\jest-circus\build\jestAdapterInit.js:857:11)
          at _runTestsForDescribeBlock (C:\Githhub\CreditMaster-Pro-app\node_modules\jest-circus\build\jestAdapterInit.js:857:11)
          at run (C:\Githhub\CreditMaster-Pro-app\node_modules\jest-circus\build\jestAdapterInit.js:761:3)
          at runAndTransformResultsToJestFormat 
(C:\Githhub\CreditMaster-Pro-app\node_modules\jest-circus\build\jestAdapterInit.js:1918:21)
          at jestAdapter (C:\Githhub\CreditMaster-Pro-app\node_modules\jest-circus\build\runner.js:101:19)
          at runTestInternal (C:\Githhub\CreditMaster-Pro-app\node_modules\jest-runner\build\testWorker.js:275:16)
          at runTest (C:\Githhub\CreditMaster-Pro-app\node_modules\jest-runner\build\testWorker.js:343:7)
          at Object.worker (C:\Githhub\CreditMaster-Pro-app\node_modules\jest-runner\build\testWorker.js:497:12)

    [0m [90m 60 |[39m     })[33m;[39m
     [90m 61 |[39m   } [36mcatch[39m (error) {
    [31m[1m>[22m[39m[90m 62 |[39m     console[33m.[39merror([32m'Error getting credit report:'[39m[33m,[39m error)[33m;[39m
     [90m    |[39m             [31m[1m^[22m[39m
     [90m 63 |[39m
     [90m 64 |[39m     [36mreturn[39m [33mNextResponse[39m[33m.[39mjson(
     [90m 65 |[39m       { error[33m:[39m [32m'Failed to get credit report'[39m }[33m,[39m[0m

      at GET (src/app/api/credit-repair/reports/[id]/route.ts:62:13)
      at Object.<anonymous> (src/app/api/credit-repair/reports/[id]/__tests__/route.test.ts:118:24)

    console.error
      Error deleting credit report: Error: Database error
          at Object.<anonymous> (C:\Githhub\CreditMaster-Pro-app\src\app\api\credit-repair\reports\[id]\__tests__\route.test.ts:180:9)
          at Promise.finally.completed (C:\Githhub\CreditMaster-Pro-app\node_modules\jest-circus\build\jestAdapterInit.js:1557:28)
          at new Promise (<anonymous>)
          at callAsyncCircusFn (C:\Githhub\CreditMaster-Pro-app\node_modules\jest-circus\build\jestAdapterInit.js:1497:10)
          at _callCircusTest (C:\Githhub\CreditMaster-Pro-app\node_modules\jest-circus\build\jestAdapterInit.js:1007:40)
          at processTicksAndRejections (node:internal/process/task_queues:103:5)
          at _runTest (C:\Githhub\CreditMaster-Pro-app\node_modules\jest-circus\build\jestAdapterInit.js:947:3)
          at C:\Githhub\CreditMaster-Pro-app\node_modules\jest-circus\build\jestAdapterInit.js:849:7
          at _runTestsForDescribeBlock (C:\Githhub\CreditMaster-Pro-app\node_modules\jest-circus\build\jestAdapterInit.js:862:11)
          at _runTestsForDescribeBlock (C:\Githhub\CreditMaster-Pro-app\node_modules\jest-circus\build\jestAdapterInit.js:857:11)
          at _runTestsForDescribeBlock (C:\Githhub\CreditMaster-Pro-app\node_modules\jest-circus\build\jestAdapterInit.js:857:11)
          at run (C:\Githhub\CreditMaster-Pro-app\node_modules\jest-circus\build\jestAdapterInit.js:761:3)
          at runAndTransformResultsToJestFormat 
(C:\Githhub\CreditMaster-Pro-app\node_modules\jest-circus\build\jestAdapterInit.js:1918:21)
          at jestAdapter (C:\Githhub\CreditMaster-Pro-app\node_modules\jest-circus\build\runner.js:101:19)
          at runTestInternal (C:\Githhub\CreditMaster-Pro-app\node_modules\jest-runner\build\testWorker.js:275:16)
          at runTest (C:\Githhub\CreditMaster-Pro-app\node_modules\jest-runner\build\testWorker.js:343:7)
          at Object.worker (C:\Githhub\CreditMaster-Pro-app\node_modules\jest-runner\build\testWorker.js:497:12)

    [0m [90m 115 |[39m     })[33m;[39m
     [90m 116 |[39m   } [36mcatch[39m (error) {
    [31m[1m>[22m[39m[90m 117 |[39m     console[33m.[39merror([32m'Error deleting credit report:'[39m[33m,[39m 
error)[33m;[39m
     [90m     |[39m             [31m[1m^[22m[39m
     [90m 118 |[39m
     [90m 119 |[39m     [36mreturn[39m [33mNextResponse[39m[33m.[39mjson(
     [90m 120 |[39m       { error[33m:[39m [32m'Failed to delete credit report'[39m }[33m,[39m[0m

      at DELETE (src/app/api/credit-repair/reports/[id]/route.ts:117:13)
      at Object.<anonymous> (src/app/api/credit-repair/reports/[id]/__tests__/route.test.ts:186:24)

PASS src/lib/__tests__/dispute-letter-generator.test.ts
PASS src/lib/financial/__tests__/transaction-categorizer.test.ts
PASS src/lib/__tests__/rate-limiter.test.ts
PASS src/app/api/analytics/__tests__/route.test.ts
PASS src/app/api/marketplace/__tests__/products.test.ts
PASS src/lib/__tests__/student-loan-ai-engine.test.ts
PASS src/app/api/marketplace/__tests__/providers.test.ts
PASS src/lib/__tests__/federal-integration-service.test.ts
  ΓùÅ Console

    console.log
      Retrieving NSLDS data for user: test-user-123

      at FederalIntegrationService.retrieveNSLDSData (src/lib/federal-integration-service.ts:49:13)

    console.log
      Retrieving NSLDS data for user: test-user

      at FederalIntegrationService.retrieveNSLDSData (src/lib/federal-integration-service.ts:49:13)

    console.log
      Submitting Fresh Start application: {
        user_id: 'test-user',
        loan_id: 'loan-123',
        program_type: 'fresh-start',
        application_data: {},
        status: 'pending',
        submitted_at: '2026-01-07T02:04:18.395Z'
      }

      at FederalIntegrationService.submitFreshStartApplication (src/lib/federal-integration-service.ts:6:13)

    console.log
      Submitting Rehabilitation application: {
        user_id: 'test-user',
        loan_id: 'loan-123',
        program_type: 'rehabilitation',
        application_data: {},
        status: 'pending',
        submitted_at: '2026-01-07T02:04:18.396Z'
      }

      at FederalIntegrationService.submitRehabilitationApplication (src/lib/federal-integration-service.ts:17:13)

    console.log
      Submitting Consolidation application: {
        user_id: 'test-user',
        loan_id: 'loan-123',
        program_type: 'consolidation',
        application_data: {},
        status: 'pending',
        submitted_at: '2026-01-07T02:04:18.397Z'
      }

      at FederalIntegrationService.submitConsolidationApplication (src/lib/federal-integration-service.ts:28:13)

    console.log
      Tracking application status for: app-123

      at FederalIntegrationService.trackApplicationStatus (src/lib/federal-integration-service.ts:39:13)

PASS src/app/api/investments/allocation-analysis/__tests__/route.test.ts
PASS src/components/__tests__/Layout.test.tsx
PASS src/lib/financial/__tests__/smart-budget-engine.test.ts
PASS src/lib/__tests__/add.test.ts
PASS src/lib/financial/__tests__/health-score-calculator-v2.test.ts
PASS src/lib/strategies/__tests__/ml-strategy-integration.test.ts
PASS src/lib/financial/__tests__/recommendation-engine.test.ts
  ΓùÅ Console

    console.warn
      Supabase environment variables are not set. Some features may not work.

    [0m [90m 12 |[39m
     [90m 13 |[39m [36mif[39m ([33m![39mprocess[33m.[39menv[33m.[39m[33mNEXT_PUBLIC_SUPABASE_URL[39m [33m||[39m 
[33m![39mprocess[33m.[39menv[33m.[39m[33mNEXT_PUBLIC_SUPABASE_ANON_KEY[39m) {
    [31m[1m>[22m[39m[90m 14 |[39m   console[33m.[39mwarn([32m'Supabase environment variables are not set. Some features may not 
work.'[39m)[33m;[39m
     [90m    |[39m           [31m[1m^[22m[39m
     [90m 15 |[39m }
     [90m 16 |[39m
     [90m 17 |[39m [90m// Create Supabase client[39m[0m

      at Object.<anonymous> (src/lib/supabase.ts:14:11)
      at Object.<anonymous> (src/lib/financial/financial-context-engine.ts:9:1)
      at Object.<anonymous> (src/lib/financial/recommendation-engine.ts:15:1)
      at Object.<anonymous> (src/lib/financial/__tests__/recommendation-engine.test.ts:7:1)

PASS src/app/api/student-loans/__tests__/programs.test.ts
PASS src/lib/__tests__/notification-service.test.ts
PASS src/app/api/federal-programs/federal-programs.test.ts
PASS src/lib/__tests__/ml-prediction-models.test.ts
PASS src/lib/__tests__/dispute-service.test.ts
PASS src/app/api/marketplace/__tests__/reviews.test.ts
PASS src/app/api/payment/__tests__/checkout.test.ts
PASS src/app/api/credit-report/__tests__/route.test.ts
PASS src/lib/__tests__/credit-builder-service.test.ts
FAIL src/__tests__/mocks/server.ts
  ΓùÅ Test suite failed to run

    Your test suite must contain at least one test.

      at onResult (node_modules/@jest/core/build/index.js:1057:18)
      at node_modules/@jest/core/build/index.js:1127:165
      at node_modules/emittery/index.js:363:13
          at Array.map (<anonymous>)
      at Emittery.emit (node_modules/emittery/index.js:361:23)

FAIL src/__tests__/mocks/handlers.ts
  ΓùÅ Test suite failed to run

    Your test suite must contain at least one test.

      at onResult (node_modules/@jest/core/build/index.js:1057:18)
      at node_modules/@jest/core/build/index.js:1127:165
      at node_modules/emittery/index.js:363:13
          at Array.map (<anonymous>)
      at Emittery.emit (node_modules/emittery/index.js:361:23)

FAIL src/__tests__/utils/test-utils.tsx
  ΓùÅ Test suite failed to run

    Your test suite must contain at least one test.

      at onResult (node_modules/@jest/core/build/index.js:1057:18)
      at node_modules/@jest/core/build/index.js:1127:165
      at node_modules/emittery/index.js:363:13
          at Array.map (<anonymous>)
      at Emittery.emit (node_modules/emittery/index.js:361:23)

FAIL src/__tests__/integration/service-integration.test.ts
  ΓùÅ Test suite failed to run

    supabaseUrl is required.

    [0m [90m 10 |[39m [36mconst[39m supabaseUrl [33m=[39m process[33m.[39menv[33m.[39m[33mNEXT_PUBLIC_SUPABASE_URL[39m 
[33m||[39m [32m''[39m[33m;[39m
     [90m 11 |[39m [36mconst[39m supabaseKey [33m=[39m process[33m.[39menv[33m.[39m[33mNEXT_PUBLIC_SUPABASE_ANON_KEY[39m 
[33m||[39m [32m''[39m[33m;[39m
    [31m[1m>[22m[39m[90m 12 |[39m [36mconst[39m supabase [33m=[39m createClient(supabaseUrl[33m,[39m supabaseKey)[33m;[39m
     [90m    |[39m                              [31m[1m^[22m[39m
     [90m 13 |[39m
     [90m 14 |[39m [90m// Test user data[39m
     [90m 15 |[39m [36mlet[39m testUserId[33m:[39m string[33m;[39m[0m

      at validateSupabaseUrl (node_modules/@supabase/supabase-js/src/lib/helpers.ts:86:11)
      at new SupabaseClient (node_modules/@supabase/supabase-js/src/SupabaseClient.ts:117:21)
      at createClient (node_modules/@supabase/supabase-js/src/index.ts:60:10)
      at Object.<anonymous> (src/__tests__/integration/service-integration.test.ts:12:30)

FAIL src/__tests__/integration/investments-api.test.ts
  ΓùÅ Test suite failed to run

    Configuration error:

    Could not locate module @/services/market-data/MarketDataService mapped as:
    C:\Githhub\CreditMaster-Pro-app\src\$1.

    Please check your configuration for these entries:
    {
      "moduleNameMapper": {
        "/^@\/(.*)$/": "C:\Githhub\CreditMaster-Pro-app\src\$1"
      },
      "resolver": undefined
    }

    [0m [90m 57 |[39m
     [90m 58 |[39m [90m// Mock market data service[39m
    [31m[1m>[22m[39m[90m 59 |[39m jest[33m.[39mmock([32m'@/services/market-data/MarketDataService'[39m[33m,[39m () 
[33m=>[39m ({
     [90m    |[39m      [31m[1m^[22m[39m
     [90m 60 |[39m   [33mMarketDataService[39m[33m:[39m {
     [90m 61 |[39m     getInstance[33m:[39m jest[33m.[39mfn(() [33m=>[39m ({
     [90m 62 |[39m       getQuote[33m:[39m jest[33m.[39mfn(() [33m=>[39m ({[0m

      at createNoMappedModuleFoundError (node_modules/jest-resolve/build/index.js:1117:17)
      at Object.<anonymous> (src/__tests__/integration/investments-api.test.ts:59:6)

FAIL src/lib/financial/__tests__/savings-optimizer.test.ts (212.181 s)
  ΓùÅ SavingsOptimizer ΓÇ║ findRecurringCharges() ΓÇ║ should detect recurring charges with >90% accuracy

    thrown: "Exceeded timeout of 10000 ms for a test.
    Add a timeout value to this test to increase the timeout, if this is a long-running test. See 
https://jestjs.io/docs/api#testname-fn-timeout."

    [0m [90m 118 |[39m     })[33m;[39m
     [90m 119 |[39m
    [31m[1m>[22m[39m[90m 120 |[39m     it([32m'should detect recurring charges with >90% accuracy'[39m[33m,[39m 
[36masync[39m () [33m=>[39m {
     [90m     |[39m     [31m[1m^[22m[39m
     [90m 121 |[39m       [36mconst[39m recurringCharges [33m=[39m [36mawait[39m 
optimizer[33m.[39mfindRecurringCharges(mockUserId)[33m;[39m
     [90m 122 |[39m
     [90m 123 |[39m       expect(recurringCharges)[33m.[39mtoBeDefined()[33m;[39m[0m

      at src/lib/financial/__tests__/savings-optimizer.test.ts:120:5
      at src/lib/financial/__tests__/savings-optimizer.test.ts:51:3
      at Object.<anonymous> (src/lib/financial/__tests__/savings-optimizer.test.ts:34:1)

  ΓùÅ SavingsOptimizer ΓÇ║ findRecurringCharges() ΓÇ║ should identify subscriptions with >85% accuracy

    thrown: "Exceeded timeout of 10000 ms for a test.
    Add a timeout value to this test to increase the timeout, if this is a long-running test. See 
https://jestjs.io/docs/api#testname-fn-timeout."

    [0m [90m 133 |[39m     })[33m;[39m
     [90m 134 |[39m
    [31m[1m>[22m[39m[90m 135 |[39m     it([32m'should identify subscriptions with >85% accuracy'[39m[33m,[39m [36masync[39m 
() [33m=>[39m {
     [90m     |[39m     [31m[1m^[22m[39m
     [90m 136 |[39m       [36mconst[39m recurringCharges [33m=[39m [36mawait[39m 
optimizer[33m.[39mfindRecurringCharges(mockUserId)[33m;[39m
     [90m 137 |[39m       [36mconst[39m subscriptions [33m=[39m recurringCharges[33m.[39mfilter((charge) [33m=>[39m 
charge[33m.[39misSubscription)[33m;[39m
     [90m 138 |[39m[0m

      at src/lib/financial/__tests__/savings-optimizer.test.ts:135:5
      at src/lib/financial/__tests__/savings-optimizer.test.ts:51:3
      at Object.<anonymous> (src/lib/financial/__tests__/savings-optimizer.test.ts:34:1)

  ΓùÅ SavingsOptimizer ΓÇ║ findRecurringCharges() ΓÇ║ should filter by minimum amount

    thrown: "Exceeded timeout of 10000 ms for a test.
    Add a timeout value to this test to increase the timeout, if this is a long-running test. See 
https://jestjs.io/docs/api#testname-fn-timeout."

    [0m [90m 149 |[39m     })[33m;[39m
     [90m 150 |[39m
    [31m[1m>[22m[39m[90m 151 |[39m     it([32m'should filter by minimum amount'[39m[33m,[39m [36masync[39m () [33m=>[39m {
     [90m     |[39m     [31m[1m^[22m[39m
     [90m 152 |[39m       [36mconst[39m recurringCharges [33m=[39m [36mawait[39m 
optimizer[33m.[39mfindRecurringCharges(mockUserId[33m,[39m [35m10[39m)[33m;[39m
     [90m 153 |[39m
     [90m 154 |[39m       expect(recurringCharges)[33m.[39mtoBeDefined()[33m;[39m[0m

      at src/lib/financial/__tests__/savings-optimizer.test.ts:151:5
      at src/lib/financial/__tests__/savings-optimizer.test.ts:51:3
      at Object.<anonymous> (src/lib/financial/__tests__/savings-optimizer.test.ts:34:1)

  ΓùÅ SavingsOptimizer ΓÇ║ findRecurringCharges() ΓÇ║ should calculate variance correctly

    thrown: "Exceeded timeout of 10000 ms for a test.
    Add a timeout value to this test to increase the timeout, if this is a long-running test. See 
https://jestjs.io/docs/api#testname-fn-timeout."

    [0m [90m 158 |[39m     })[33m;[39m
     [90m 159 |[39m
    [31m[1m>[22m[39m[90m 160 |[39m     it([32m'should calculate variance correctly'[39m[33m,[39m [36masync[39m () 
[33m=>[39m {
     [90m     |[39m     [31m[1m^[22m[39m
     [90m 161 |[39m       [36mconst[39m recurringCharges [33m=[39m [36mawait[39m 
optimizer[33m.[39mfindRecurringCharges(mockUserId)[33m;[39m
     [90m 162 |[39m       [36mconst[39m netflix [33m=[39m recurringCharges[33m.[39mfind((charge) [33m=>[39m 
charge[33m.[39mmerchantName [33m===[39m [32m'Netflix'[39m)[33m;[39m
     [90m 163 |[39m[0m

      at src/lib/financial/__tests__/savings-optimizer.test.ts:160:5
      at src/lib/financial/__tests__/savings-optimizer.test.ts:51:3
      at Object.<anonymous> (src/lib/financial/__tests__/savings-optimizer.test.ts:34:1)

  ΓùÅ SavingsOptimizer ΓÇ║ suggestCancelableSubscriptions() ΓÇ║ should suggest cancelable subscriptions

    thrown: "Exceeded timeout of 10000 ms for a test.
    Add a timeout value to this test to increase the timeout, if this is a long-running test. See 
https://jestjs.io/docs/api#testname-fn-timeout."

    [0m [90m 219 |[39m     })[33m;[39m
     [90m 220 |[39m
    [31m[1m>[22m[39m[90m 221 |[39m     it([32m'should suggest cancelable subscriptions'[39m[33m,[39m [36masync[39m () 
[33m=>[39m {
     [90m     |[39m     [31m[1m^[22m[39m
     [90m 222 |[39m       [36mconst[39m recommendations [33m=[39m [36mawait[39m 
optimizer[33m.[39msuggestCancelableSubscriptions(mockUserId)[33m;[39m
     [90m 223 |[39m
     [90m 224 |[39m       expect(recommendations)[33m.[39mtoBeDefined()[33m;[39m[0m

      at src/lib/financial/__tests__/savings-optimizer.test.ts:221:5
      at src/lib/financial/__tests__/savings-optimizer.test.ts:169:3
      at Object.<anonymous> (src/lib/financial/__tests__/savings-optimizer.test.ts:34:1)

  ΓùÅ SavingsOptimizer ΓÇ║ suggestCancelableSubscriptions() ΓÇ║ should calculate potential savings correctly

    thrown: "Exceeded timeout of 10000 ms for a test.
    Add a timeout value to this test to increase the timeout, if this is a long-running test. See 
https://jestjs.io/docs/api#testname-fn-timeout."

    [0m [90m 226 |[39m     })[33m;[39m
     [90m 227 |[39m
    [31m[1m>[22m[39m[90m 228 |[39m     it([32m'should calculate potential savings correctly'[39m[33m,[39m [36masync[39m () 
[33m=>[39m {
     [90m     |[39m     [31m[1m^[22m[39m
     [90m 229 |[39m       [36mconst[39m recommendations [33m=[39m [36mawait[39m 
optimizer[33m.[39msuggestCancelableSubscriptions(mockUserId)[33m;[39m
     [90m 230 |[39m
     [90m 231 |[39m       recommendations[33m.[39mforEach((rec) [33m=>[39m {[0m

      at src/lib/financial/__tests__/savings-optimizer.test.ts:228:5
      at src/lib/financial/__tests__/savings-optimizer.test.ts:169:3
      at Object.<anonymous> (src/lib/financial/__tests__/savings-optimizer.test.ts:34:1)

  ΓùÅ SavingsOptimizer ΓÇ║ suggestCancelableSubscriptions() ΓÇ║ should provide actionable recommendations

    thrown: "Exceeded timeout of 10000 ms for a test.
    Add a timeout value to this test to increase the timeout, if this is a long-running test. See 
https://jestjs.io/docs/api#testname-fn-timeout."

    [0m [90m 235 |[39m     })[33m;[39m
     [90m 236 |[39m
    [31m[1m>[22m[39m[90m 237 |[39m     it([32m'should provide actionable recommendations'[39m[33m,[39m [36masync[39m () 
[33m=>[39m {
     [90m     |[39m     [31m[1m^[22m[39m
     [90m 238 |[39m       [36mconst[39m recommendations [33m=[39m [36mawait[39m 
optimizer[33m.[39msuggestCancelableSubscriptions(mockUserId)[33m;[39m
     [90m 239 |[39m
     [90m 240 |[39m       recommendations[33m.[39mforEach((rec) [33m=>[39m {[0m

      at src/lib/financial/__tests__/savings-optimizer.test.ts:237:5
      at src/lib/financial/__tests__/savings-optimizer.test.ts:169:3
      at Object.<anonymous> (src/lib/financial/__tests__/savings-optimizer.test.ts:34:1)

  ΓùÅ SavingsOptimizer ΓÇ║ analyzeSpendingForSavings() ΓÇ║ should analyze spending and return comprehensive analysis

    thrown: "Exceeded timeout of 10000 ms for a test.
    Add a timeout value to this test to increase the timeout, if this is a long-running test. See 
https://jestjs.io/docs/api#testname-fn-timeout."

    [0m [90m 272 |[39m     })[33m;[39m
     [90m 273 |[39m
    [31m[1m>[22m[39m[90m 274 |[39m     it([32m'should analyze spending and return comprehensive analysis'[39m[33m,[39m 
[36masync[39m () [33m=>[39m {
     [90m     |[39m     [31m[1m^[22m[39m
     [90m 275 |[39m       [36mconst[39m analysis [33m=[39m [36mawait[39m 
optimizer[33m.[39manalyzeSpendingForSavings(mockUserId[33m,[39m [32m'monthly'[39m)[33m;[39m
     [90m 276 |[39m
     [90m 277 |[39m       expect(analysis)[33m.[39mtoBeDefined()[33m;[39m[0m

      at src/lib/financial/__tests__/savings-optimizer.test.ts:274:5
      at src/lib/financial/__tests__/savings-optimizer.test.ts:250:3
      at Object.<anonymous> (src/lib/financial/__tests__/savings-optimizer.test.ts:34:1)

  ΓùÅ SavingsOptimizer ΓÇ║ analyzeSpendingForSavings() ΓÇ║ should calculate spending summary correctly

    thrown: "Exceeded timeout of 10000 ms for a test.
    Add a timeout value to this test to increase the timeout, if this is a long-running test. See 
https://jestjs.io/docs/api#testname-fn-timeout."

    [0m [90m 285 |[39m     })[33m;[39m
     [90m 286 |[39m
    [31m[1m>[22m[39m[90m 287 |[39m     it([32m'should calculate spending summary correctly'[39m[33m,[39m [36masync[39m () 
[33m=>[39m {
     [90m     |[39m     [31m[1m^[22m[39m
     [90m 288 |[39m       [36mconst[39m analysis [33m=[39m [36mawait[39m 
optimizer[33m.[39manalyzeSpendingForSavings(mockUserId[33m,[39m [32m'monthly'[39m)[33m;[39m
     [90m 289 |[39m
     [90m 290 |[39m       
expect(analysis[33m.[39msummary[33m.[39mtotalSpending)[33m.[39mtoBeGreaterThan([35m0[39m)[33m;[39m[0m

      at src/lib/financial/__tests__/savings-optimizer.test.ts:287:5
      at src/lib/financial/__tests__/savings-optimizer.test.ts:250:3
      at Object.<anonymous> (src/lib/financial/__tests__/savings-optimizer.test.ts:34:1)

  ΓùÅ SavingsOptimizer ΓÇ║ analyzeSpendingForSavings() ΓÇ║ should identify savings opportunities

    thrown: "Exceeded timeout of 10000 ms for a test.
    Add a timeout value to this test to increase the timeout, if this is a long-running test. See 
https://jestjs.io/docs/api#testname-fn-timeout."

    [0m [90m 296 |[39m     })[33m;[39m
     [90m 297 |[39m
    [31m[1m>[22m[39m[90m 298 |[39m     it([32m'should identify savings opportunities'[39m[33m,[39m [36masync[39m () 
[33m=>[39m {
     [90m     |[39m     [31m[1m^[22m[39m
     [90m 299 |[39m       [36mconst[39m analysis [33m=[39m [36mawait[39m 
optimizer[33m.[39manalyzeSpendingForSavings(mockUserId[33m,[39m [32m'monthly'[39m)[33m;[39m
     [90m 300 |[39m
     [90m 301 |[39m       expect(analysis[33m.[39mopportunities)[33m.[39mtoBeDefined()[33m;[39m[0m

      at src/lib/financial/__tests__/savings-optimizer.test.ts:298:5
      at src/lib/financial/__tests__/savings-optimizer.test.ts:250:3
      at Object.<anonymous> (src/lib/financial/__tests__/savings-optimizer.test.ts:34:1)

  ΓùÅ SavingsOptimizer ΓÇ║ analyzeSpendingForSavings() ΓÇ║ should provide category breakdown

    thrown: "Exceeded timeout of 10000 ms for a test.
    Add a timeout value to this test to increase the timeout, if this is a long-running test. See 
https://jestjs.io/docs/api#testname-fn-timeout."

    [0m [90m 310 |[39m     })[33m;[39m
     [90m 311 |[39m
    [31m[1m>[22m[39m[90m 312 |[39m     it([32m'should provide category breakdown'[39m[33m,[39m [36masync[39m () [33m=>[39m 
{
     [90m     |[39m     [31m[1m^[22m[39m
     [90m 313 |[39m       [36mconst[39m analysis [33m=[39m [36mawait[39m 
optimizer[33m.[39manalyzeSpendingForSavings(mockUserId[33m,[39m [32m'monthly'[39m)[33m;[39m
     [90m 314 |[39m
     [90m 315 |[39m       expect(analysis[33m.[39mcategoryBreakdown)[33m.[39mtoBeDefined()[33m;[39m[0m

      at src/lib/financial/__tests__/savings-optimizer.test.ts:312:5
      at src/lib/financial/__tests__/savings-optimizer.test.ts:250:3
      at Object.<anonymous> (src/lib/financial/__tests__/savings-optimizer.test.ts:34:1)

  ΓùÅ SavingsOptimizer ΓÇ║ analyzeSpendingForSavings() ΓÇ║ should analyze spending trends

    thrown: "Exceeded timeout of 10000 ms for a test.
    Add a timeout value to this test to increase the timeout, if this is a long-running test. See 
https://jestjs.io/docs/api#testname-fn-timeout."

    [0m [90m 326 |[39m     })[33m;[39m
     [90m 327 |[39m
    [31m[1m>[22m[39m[90m 328 |[39m     it([32m'should analyze spending trends'[39m[33m,[39m [36masync[39m () [33m=>[39m {
     [90m     |[39m     [31m[1m^[22m[39m
     [90m 329 |[39m       [36mconst[39m analysis [33m=[39m [36mawait[39m 
optimizer[33m.[39manalyzeSpendingForSavings(mockUserId[33m,[39m [32m'monthly'[39m)[33m;[39m
     [90m 330 |[39m
     [90m 331 |[39m       expect(analysis[33m.[39mtrends)[33m.[39mtoBeDefined()[33m;[39m[0m

      at src/lib/financial/__tests__/savings-optimizer.test.ts:328:5
      at src/lib/financial/__tests__/savings-optimizer.test.ts:250:3
      at Object.<anonymous> (src/lib/financial/__tests__/savings-optimizer.test.ts:34:1)

  ΓùÅ SavingsOptimizer ΓÇ║ calculatePotentialSavings() ΓÇ║ should calculate total potential savings

    thrown: "Exceeded timeout of 10000 ms for a test.
    Add a timeout value to this test to increase the timeout, if this is a long-running test. See 
https://jestjs.io/docs/api#testname-fn-timeout."

    [0m [90m 358 |[39m     })[33m;[39m
     [90m 359 |[39m
    [31m[1m>[22m[39m[90m 360 |[39m     it([32m'should calculate total potential savings'[39m[33m,[39m [36masync[39m () 
[33m=>[39m {
     [90m     |[39m     [31m[1m^[22m[39m
     [90m 361 |[39m       [36mconst[39m summary [33m=[39m [36mawait[39m 
optimizer[33m.[39mcalculatePotentialSavings(mockUserId)[33m;[39m
     [90m 362 |[39m
     [90m 363 |[39m       expect(summary)[33m.[39mtoBeDefined()[33m;[39m[0m

      at src/lib/financial/__tests__/savings-optimizer.test.ts:360:5
      at src/lib/financial/__tests__/savings-optimizer.test.ts:338:3
      at Object.<anonymous> (src/lib/financial/__tests__/savings-optimizer.test.ts:34:1)

  ΓùÅ SavingsOptimizer ΓÇ║ calculatePotentialSavings() ΓÇ║ should provide breakdown by category

    thrown: "Exceeded timeout of 10000 ms for a test.
    Add a timeout value to this test to increase the timeout, if this is a long-running test. See 
https://jestjs.io/docs/api#testname-fn-timeout."

    [0m [90m 366 |[39m     })[33m;[39m
     [90m 367 |[39m
    [31m[1m>[22m[39m[90m 368 |[39m     it([32m'should provide breakdown by category'[39m[33m,[39m [36masync[39m () 
[33m=>[39m {
     [90m     |[39m     [31m[1m^[22m[39m
     [90m 369 |[39m       [36mconst[39m summary [33m=[39m [36mawait[39m 
optimizer[33m.[39mcalculatePotentialSavings(mockUserId)[33m;[39m
     [90m 370 |[39m
     [90m 371 |[39m       expect(summary[33m.[39mbreakdown)[33m.[39mtoBeDefined()[33m;[39m[0m

      at src/lib/financial/__tests__/savings-optimizer.test.ts:368:5
      at src/lib/financial/__tests__/savings-optimizer.test.ts:338:3
      at Object.<anonymous> (src/lib/financial/__tests__/savings-optimizer.test.ts:34:1)

  ΓùÅ SavingsOptimizer ΓÇ║ calculatePotentialSavings() ΓÇ║ should identify top opportunities

    thrown: "Exceeded timeout of 10000 ms for a test.
    Add a timeout value to this test to increase the timeout, if this is a long-running test. See 
https://jestjs.io/docs/api#testname-fn-timeout."

    [0m [90m 379 |[39m     })[33m;[39m
     [90m 380 |[39m
    [31m[1m>[22m[39m[90m 381 |[39m     it([32m'should identify top opportunities'[39m[33m,[39m [36masync[39m () [33m=>[39m 
{
     [90m     |[39m     [31m[1m^[22m[39m
     [90m 382 |[39m       [36mconst[39m summary [33m=[39m [36mawait[39m 
optimizer[33m.[39mcalculatePotentialSavings(mockUserId)[33m;[39m
     [90m 383 |[39m
     [90m 384 |[39m       expect(summary[33m.[39mtopOpportunities)[33m.[39mtoBeDefined()[33m;[39m[0m

      at src/lib/financial/__tests__/savings-optimizer.test.ts:381:5
      at src/lib/financial/__tests__/savings-optimizer.test.ts:338:3
      at Object.<anonymous> (src/lib/financial/__tests__/savings-optimizer.test.ts:34:1)

  ΓùÅ SavingsOptimizer ΓÇ║ calculatePotentialSavings() ΓÇ║ should calculate implementation difficulty

    thrown: "Exceeded timeout of 10000 ms for a test.
    Add a timeout value to this test to increase the timeout, if this is a long-running test. See 
https://jestjs.io/docs/api#testname-fn-timeout."

    [0m [90m 387 |[39m     })[33m;[39m
     [90m 388 |[39m
    [31m[1m>[22m[39m[90m 389 |[39m     it([32m'should calculate implementation difficulty'[39m[33m,[39m [36masync[39m () 
[33m=>[39m {
     [90m     |[39m     [31m[1m^[22m[39m
     [90m 390 |[39m       [36mconst[39m summary [33m=[39m [36mawait[39m 
optimizer[33m.[39mcalculatePotentialSavings(mockUserId)[33m;[39m
     [90m 391 |[39m
     [90m 392 |[39m       
expect(summary[33m.[39mimplementationDifficulty)[33m.[39mtoMatch([35m/easy|medium|hard/[39m)[33m;[39m[0m

      at src/lib/financial/__tests__/savings-optimizer.test.ts:389:5
      at src/lib/financial/__tests__/savings-optimizer.test.ts:338:3
      at Object.<anonymous> (src/lib/financial/__tests__/savings-optimizer.test.ts:34:1)

  ΓùÅ SavingsOptimizer ΓÇ║ calculatePotentialSavings() ΓÇ║ should estimate implementation time

    thrown: "Exceeded timeout of 10000 ms for a test.
    Add a timeout value to this test to increase the timeout, if this is a long-running test. See 
https://jestjs.io/docs/api#testname-fn-timeout."

    [0m [90m 393 |[39m     })[33m;[39m
     [90m 394 |[39m
    [31m[1m>[22m[39m[90m 395 |[39m     it([32m'should estimate implementation time'[39m[33m,[39m [36masync[39m () 
[33m=>[39m {
     [90m     |[39m     [31m[1m^[22m[39m
     [90m 396 |[39m       [36mconst[39m summary [33m=[39m [36mawait[39m 
optimizer[33m.[39mcalculatePotentialSavings(mockUserId)[33m;[39m
     [90m 397 |[39m
     [90m 398 |[39m       expect(summary[33m.[39mestimatedTimeToImplement)[33m.[39mtoBeDefined()[33m;[39m[0m

      at src/lib/financial/__tests__/savings-optimizer.test.ts:395:5
      at src/lib/financial/__tests__/savings-optimizer.test.ts:338:3
      at Object.<anonymous> (src/lib/financial/__tests__/savings-optimizer.test.ts:34:1)

  ΓùÅ SavingsOptimizer ΓÇ║ generateSavingsGoalRecommendations() ΓÇ║ should generate savings goal recommendations

    TypeError: supabase_1.supabase.from(...).select(...).eq(...).single is not a function

    [0m [90m 521 |[39m       [33m.[39mselect([32m'monthly_income'[39m)
     [90m 522 |[39m       [33m.[39meq([32m'id'[39m[33m,[39m userId)
    [31m[1m>[22m[39m[90m 523 |[39m       [33m.[39msingle()[33m;[39m
     [90m     |[39m        [31m[1m^[22m[39m
     [90m 524 |[39m
     [90m 525 |[39m     [36mif[39m (error [33m||[39m [33m![39mprofile [33m||[39m [33m![39mprofile[33m.[39mmonthly_income) {
     [90m 526 |[39m       [90m// Fallback: estimate from transaction history[39m[0m

      at SavingsOptimizer.getUserMonthlyIncome (src/lib/financial/savings-optimizer.ts:523:8)
      at SavingsOptimizer.generateSavingsGoalRecommendations (src/lib/financial/savings-optimizer.ts:357:38)
      at Object.<anonymous> (src/lib/financial/__tests__/savings-optimizer.test.ts:418:47)

  ΓùÅ SavingsOptimizer ΓÇ║ generateSavingsGoalRecommendations() ΓÇ║ should provide realistic goal amounts

    TypeError: supabase_1.supabase.from(...).select(...).eq(...).single is not a function

    [0m [90m 521 |[39m       [33m.[39mselect([32m'monthly_income'[39m)
     [90m 522 |[39m       [33m.[39meq([32m'id'[39m[33m,[39m userId)
    [31m[1m>[22m[39m[90m 523 |[39m       [33m.[39msingle()[33m;[39m
     [90m     |[39m        [31m[1m^[22m[39m
     [90m 524 |[39m
     [90m 525 |[39m     [36mif[39m (error [33m||[39m [33m![39mprofile [33m||[39m [33m![39mprofile[33m.[39mmonthly_income) {
     [90m 526 |[39m       [90m// Fallback: estimate from transaction history[39m[0m

      at SavingsOptimizer.getUserMonthlyIncome (src/lib/financial/savings-optimizer.ts:523:8)
      at SavingsOptimizer.generateSavingsGoalRecommendations (src/lib/financial/savings-optimizer.ts:357:38)
      at Object.<anonymous> (src/lib/financial/__tests__/savings-optimizer.test.ts:425:47)

  ΓùÅ SavingsOptimizer ΓÇ║ generateSavingsGoalRecommendations() ΓÇ║ should include reasoning for each goal

    TypeError: supabase_1.supabase.from(...).select(...).eq(...).single is not a function

    [0m [90m 521 |[39m       [33m.[39mselect([32m'monthly_income'[39m)
     [90m 522 |[39m       [33m.[39meq([32m'id'[39m[33m,[39m userId)
    [31m[1m>[22m[39m[90m 523 |[39m       [33m.[39msingle()[33m;[39m
     [90m     |[39m        [31m[1m^[22m[39m
     [90m 524 |[39m
     [90m 525 |[39m     [36mif[39m (error [33m||[39m [33m![39mprofile [33m||[39m [33m![39mprofile[33m.[39mmonthly_income) {
     [90m 526 |[39m       [90m// Fallback: estimate from transaction history[39m[0m

      at SavingsOptimizer.getUserMonthlyIncome (src/lib/financial/savings-optimizer.ts:523:8)
      at SavingsOptimizer.generateSavingsGoalRecommendations (src/lib/financial/savings-optimizer.ts:357:38)
      at Object.<anonymous> (src/lib/financial/__tests__/savings-optimizer.test.ts:435:47)

  ΓùÅ SavingsOptimizer ΓÇ║ Edge Cases ΓÇ║ should handle new users with no transactions

    thrown: "Exceeded timeout of 10000 ms for a test.
    Add a timeout value to this test to increase the timeout, if this is a long-running test. See 
https://jestjs.io/docs/api#testname-fn-timeout."

    [0m [90m 445 |[39m
     [90m 446 |[39m   describe([32m'Edge Cases'[39m[33m,[39m () [33m=>[39m {
    [31m[1m>[22m[39m[90m 447 |[39m     it([32m'should handle new users with no transactions'[39m[33m,[39m [36masync[39m () 
[33m=>[39m {
     [90m     |[39m     [31m[1m^[22m[39m
     [90m 448 |[39m       (supabase[33m.[39m[36mfrom[39m [36mas[39m jest[33m.[39m[33mMock[39m)[33m.[39mmockReturnValue({
     [90m 449 |[39m         select[33m:[39m jest[33m.[39mfn()[33m.[39mmockReturnThis()[33m,[39m
     [90m 450 |[39m         eq[33m:[39m jest[33m.[39mfn()[33m.[39mmockReturnThis()[33m,[39m[0m

      at src/lib/financial/__tests__/savings-optimizer.test.ts:447:5
      at src/lib/financial/__tests__/savings-optimizer.test.ts:446:3
      at Object.<anonymous> (src/lib/financial/__tests__/savings-optimizer.test.ts:34:1)

  ΓùÅ SavingsOptimizer ΓÇ║ Edge Cases ΓÇ║ should handle irregular spending patterns

    thrown: "Exceeded timeout of 10000 ms for a test.
    Add a timeout value to this test to increase the timeout, if this is a long-running test. See 
https://jestjs.io/docs/api#testname-fn-timeout."

    [0m [90m 463 |[39m     })[33m;[39m
     [90m 464 |[39m
    [31m[1m>[22m[39m[90m 465 |[39m     it([32m'should handle irregular spending patterns'[39m[33m,[39m [36masync[39m () 
[33m=>[39m {
     [90m     |[39m     [31m[1m^[22m[39m
     [90m 466 |[39m       [36mconst[39m irregularTransactions [33m=[39m [
     [90m 467 |[39m         { id[33m:[39m [32m'1'[39m[33m,[39m user_id[33m:[39m mockUserId[33m,[39m amount[33m:[39m 
[35m100[39m[33m,[39m merchant_name[33m:[39m [32m'Random Store'[39m[33m,[39m category[33m:[39m 
[32m'shopping'[39m[33m,[39m date[33m:[39m [36mnew[39m [33mDate[39m([32m'2025-01-01'[39m)[33m.[39mtoISOString() }[33m,[39m
     [90m 468 |[39m         { id[33m:[39m [32m'2'[39m[33m,[39m user_id[33m:[39m mockUserId[33m,[39m amount[33m:[39m 
[35m200[39m[33m,[39m merchant_name[33m:[39m [32m'Random Store'[39m[33m,[39m category[33m:[39m 
[32m'shopping'[39m[33m,[39m date[33m:[39m [36mnew[39m [33mDate[39m([32m'2025-01-20'[39m)[33m.[39mtoISOString() 
}[33m,[39m[0m

      at src/lib/financial/__tests__/savings-optimizer.test.ts:465:5
      at src/lib/financial/__tests__/savings-optimizer.test.ts:446:3
      at Object.<anonymous> (src/lib/financial/__tests__/savings-optimizer.test.ts:34:1)

  ΓùÅ SavingsOptimizer ΓÇ║ Edge Cases ΓÇ║ should handle users with no subscriptions

    thrown: "Exceeded timeout of 10000 ms for a test.
    Add a timeout value to this test to increase the timeout, if this is a long-running test. See 
https://jestjs.io/docs/api#testname-fn-timeout."

    [0m [90m 489 |[39m     })[33m;[39m
     [90m 490 |[39m
    [31m[1m>[22m[39m[90m 491 |[39m     it([32m'should handle users with no subscriptions'[39m[33m,[39m [36masync[39m () 
[33m=>[39m {
     [90m     |[39m     [31m[1m^[22m[39m
     [90m 492 |[39m       [36mconst[39m nonSubscriptionTransactions [33m=[39m [
     [90m 493 |[39m         { id[33m:[39m [32m'1'[39m[33m,[39m user_id[33m:[39m mockUserId[33m,[39m amount[33m:[39m 
[35m50[39m[33m,[39m merchant_name[33m:[39m [32m'Grocery Store'[39m[33m,[39m category[33m:[39m 
[32m'groceries'[39m[33m,[39m date[33m:[39m [36mnew[39m [33mDate[39m([32m'2025-01-01'[39m)[33m.[39mtoISOString() 
}[33m,[39m
     [90m 494 |[39m         { id[33m:[39m [32m'2'[39m[33m,[39m user_id[33m:[39m mockUserId[33m,[39m amount[33m:[39m 
[35m30[39m[33m,[39m merchant_name[33m:[39m [32m'Gas Station'[39m[33m,[39m category[33m:[39m 
[32m'transportation'[39m[33m,[39m date[33m:[39m [36mnew[39m [33mDate[39m([32m'2025-01-05'[39m)[33m.[39mtoISOString() 
}[33m,[39m[0m

      at src/lib/financial/__tests__/savings-optimizer.test.ts:491:5
      at src/lib/financial/__tests__/savings-optimizer.test.ts:446:3
      at Object.<anonymous> (src/lib/financial/__tests__/savings-optimizer.test.ts:34:1)

  ΓùÅ SavingsOptimizer ΓÇ║ AI Integration ΓÇ║ should handle AI service failures gracefully

    thrown: "Exceeded timeout of 10000 ms for a test.
    Add a timeout value to this test to increase the timeout, if this is a long-running test. See 
https://jestjs.io/docs/api#testname-fn-timeout."

    [0m [90m 513 |[39m
     [90m 514 |[39m   describe([32m'AI Integration'[39m[33m,[39m () [33m=>[39m {
    [31m[1m>[22m[39m[90m 515 |[39m     it([32m'should handle AI service failures gracefully'[39m[33m,[39m [36masync[39m () 
[33m=>[39m {
     [90m     |[39m     [31m[1m^[22m[39m
     [90m 516 |[39m       [90m// AI service will fail, should fall back to rule-based approach[39m
     [90m 517 |[39m       [36mconst[39m mockTransactions [33m=[39m [
     [90m 518 |[39m         { id[33m:[39m [32m'1'[39m[33m,[39m user_id[33m:[39m mockUserId[33m,[39m amount[33m:[39m 
[35m100[39m[33m,[39m merchant_name[33m:[39m [32m'Test'[39m[33m,[39m category[33m:[39m [32m'other'[39m[33m,[39m 
date[33m:[39m [36mnew[39m [33mDate[39m([32m'2025-01-01'[39m)[33m.[39mtoISOString() }[33m,[39m[0m

      at src/lib/financial/__tests__/savings-optimizer.test.ts:515:5
      at src/lib/financial/__tests__/savings-optimizer.test.ts:514:3
      at Object.<anonymous> (src/lib/financial/__tests__/savings-optimizer.test.ts:34:1)

A worker process has failed to exit gracefully and has been force exited. This is likely caused by tests leaking due to improper 
teardown. Try running with --detectOpenHandles to find leaks. Active timers can also cause this, ensure that .unref() was called on them.
Summary of all failing tests
FAIL src/app/api/credit-repair/__tests__/integration.test.ts
  ΓùÅ Credit Repair API - Integration Tests ΓÇ║ Credit Report Upload and Analysis Flow ΓÇ║ should handle report upload ΓåÆ analysis ΓåÆ 
quick wins identification

    expect(received).toBe(expected) // Object.is equality

    Expected: 200
    Received: 500

    [0m [90m 554 |[39m       [36mconst[39m quickWinsData [33m=[39m [36mawait[39m quickWinsResponse[33m.[39mjson()[33m;[39m
     [90m 555 |[39m
    [31m[1m>[22m[39m[90m 556 |[39m       expect(quickWinsResponse[33m.[39mstatus)[33m.[39mtoBe([35m200[39m)[33m;[39m
     [90m     |[39m                                        [31m[1m^[22m[39m
     [90m 557 |[39m       expect(quickWinsData[33m.[39msuccess)[33m.[39mtoBe([36mtrue[39m)[33m;[39m
     [90m 558 |[39m       expect(quickWinsData[33m.[39mdata[33m.[39mopportunities)[33m.[39mtoHaveLength([35m2[39m)[33m;[39m
     [90m 559 |[39m[0m

      at Object.<anonymous> (src/app/api/credit-repair/__tests__/integration.test.ts:556:40)

FAIL src/app/api/financial/__tests__/ai-endpoints.test.ts
  ΓùÅ AI API Endpoints ΓÇ║ GET /api/financial/credit/ai-insights ΓÇ║ should return credit insights data

    expect(received).toHaveProperty(path)

    Expected path: "creditHealthScore"
    Received path: []

    Received value: {"alerts": [{"actionable": true, "date": "2025-12-25", "description": "Credit utilization increased by 15%", "id": 
"1", "severity": "medium", "title": "Credit Utilization Alert", "type": "utilization_spike"}, {"actionable": false, "date": 
"2025-12-20", "description": "A new credit card account was opened", "id": "2", "severity": "low", "title": "New Account Opened", 
"type": "new_account"}], "factorAnalysis": [{"currentImpact": "positive", "description": "Your payment history is excellent with 100% 
on-time payments", "factor": "Payment History", "impactScore": 35, "potentialImprovement": 0, "recommendation": "Continue making all 
payments on time"}, {"currentImpact": "neutral", "description": "Your credit utilization is at 32%, slightly above the recommended 30%", 
"factor": "Credit Utilization", "impactScore": 0, "potentialImprovement": 15, "recommendation": "Pay down balances to below 30% 
utilization"}], "improvementOpportunities": [{"description": "Lower your credit card balances to below 30% utilization", "difficulty": 
"medium", "id": "1", "potentialIncrease": 25, "priority": "high", "steps": ["Pay down high-balance cards first", "Request credit limit 
increases", "Avoid new charges"], "timeframe": "30-60 days", "title": "Reduce credit utilization"}, {"description": "Ask a family member 
with excellent credit to add you as an authorized user", "difficulty": "easy", "id": "2", "potentialIncrease": 15, "priority": "medium", 
"steps": ["Find someone with excellent credit history", "Request to be added as authorized user", "Ensure they have low utilization"], 
"timeframe": "30-45 days", "title": "Become an authorized user"}], "overallHealthScore": 78, "predictions": [{"confidence": 85, 
"factors": ["Reduced credit utilization", "On-time payments", "Account age"], "predictedScore": 665, "timeframe": "30_days"}, 
{"confidence": 78, "factors": ["Continued on-time payments", "Lower utilization", "Account age growth"], "predictedScore": 680, 
"timeframe": "90_days"}], "recommendedActions": ["Pay down credit card balances", "Set up automatic payments", "Monitor credit reports 
monthly"]}

    [0m [90m 145 |[39m
     [90m 146 |[39m       expect(response[33m.[39mok)[33m.[39mtoBe([36mtrue[39m)[33m;[39m
    [31m[1m>[22m[39m[90m 147 |[39m       
expect(data[33m.[39mdata)[33m.[39mtoHaveProperty([32m'creditHealthScore'[39m)[33m;[39m
     [90m     |[39m                         [31m[1m^[22m[39m
     [90m 148 |[39m       expect(data[33m.[39mdata)[33m.[39mtoHaveProperty([32m'scorePredictions'[39m)[33m;[39m
     [90m 149 |[39m       expect(data[33m.[39mdata)[33m.[39mtoHaveProperty([32m'factorImpacts'[39m)[33m;[39m
     [90m 150 |[39m       expect(data[33m.[39mdata)[33m.[39mtoHaveProperty([32m'improvementOpportunities'[39m)[33m;[39m[0m

      at Object.<anonymous> (src/app/api/financial/__tests__/ai-endpoints.test.ts:147:25)

FAIL src/__tests__/mocks/server.ts
  ΓùÅ Test suite failed to run

    Your test suite must contain at least one test.

      at onResult (node_modules/@jest/core/build/index.js:1057:18)
      at node_modules/@jest/core/build/index.js:1127:165
      at node_modules/emittery/index.js:363:13
          at Array.map (<anonymous>)
      at Emittery.emit (node_modules/emittery/index.js:361:23)

FAIL src/__tests__/mocks/handlers.ts
  ΓùÅ Test suite failed to run

    Your test suite must contain at least one test.

      at onResult (node_modules/@jest/core/build/index.js:1057:18)
      at node_modules/@jest/core/build/index.js:1127:165
      at node_modules/emittery/index.js:363:13
          at Array.map (<anonymous>)
      at Emittery.emit (node_modules/emittery/index.js:361:23)

FAIL src/__tests__/utils/test-utils.tsx
  ΓùÅ Test suite failed to run

    Your test suite must contain at least one test.

      at onResult (node_modules/@jest/core/build/index.js:1057:18)
      at node_modules/@jest/core/build/index.js:1127:165
      at node_modules/emittery/index.js:363:13
          at Array.map (<anonymous>)
      at Emittery.emit (node_modules/emittery/index.js:361:23)

FAIL src/__tests__/integration/service-integration.test.ts
  ΓùÅ Test suite failed to run

    supabaseUrl is required.

    [0m [90m 10 |[39m [36mconst[39m supabaseUrl [33m=[39m process[33m.[39menv[33m.[39m[33mNEXT_PUBLIC_SUPABASE_URL[39m 
[33m||[39m [32m''[39m[33m;[39m
     [90m 11 |[39m [36mconst[39m supabaseKey [33m=[39m process[33m.[39menv[33m.[39m[33mNEXT_PUBLIC_SUPABASE_ANON_KEY[39m 
[33m||[39m [32m''[39m[33m;[39m
    [31m[1m>[22m[39m[90m 12 |[39m [36mconst[39m supabase [33m=[39m createClient(supabaseUrl[33m,[39m supabaseKey)[33m;[39m
     [90m    |[39m                              [31m[1m^[22m[39m
     [90m 13 |[39m
     [90m 14 |[39m [90m// Test user data[39m
     [90m 15 |[39m [36mlet[39m testUserId[33m:[39m string[33m;[39m[0m

      at validateSupabaseUrl (node_modules/@supabase/supabase-js/src/lib/helpers.ts:86:11)
      at new SupabaseClient (node_modules/@supabase/supabase-js/src/SupabaseClient.ts:117:21)
      at createClient (node_modules/@supabase/supabase-js/src/index.ts:60:10)
      at Object.<anonymous> (src/__tests__/integration/service-integration.test.ts:12:30)

FAIL src/__tests__/integration/investments-api.test.ts
  ΓùÅ Test suite failed to run

    Configuration error:

    Could not locate module @/services/market-data/MarketDataService mapped as:
    C:\Githhub\CreditMaster-Pro-app\src\$1.

    Please check your configuration for these entries:
    {
      "moduleNameMapper": {
        "/^@\/(.*)$/": "C:\Githhub\CreditMaster-Pro-app\src\$1"
      },
      "resolver": undefined
    }

    [0m [90m 57 |[39m
     [90m 58 |[39m [90m// Mock market data service[39m
    [31m[1m>[22m[39m[90m 59 |[39m jest[33m.[39mmock([32m'@/services/market-data/MarketDataService'[39m[33m,[39m () 
[33m=>[39m ({
     [90m    |[39m      [31m[1m^[22m[39m
     [90m 60 |[39m   [33mMarketDataService[39m[33m:[39m {
     [90m 61 |[39m     getInstance[33m:[39m jest[33m.[39mfn(() [33m=>[39m ({
     [90m 62 |[39m       getQuote[33m:[39m jest[33m.[39mfn(() [33m=>[39m ({[0m

      at createNoMappedModuleFoundError (node_modules/jest-resolve/build/index.js:1117:17)
      at Object.<anonymous> (src/__tests__/integration/investments-api.test.ts:59:6)

FAIL src/lib/financial/__tests__/savings-optimizer.test.ts (212.181 s)
  ΓùÅ SavingsOptimizer ΓÇ║ findRecurringCharges() ΓÇ║ should detect recurring charges with >90% accuracy

    thrown: "Exceeded timeout of 10000 ms for a test.
    Add a timeout value to this test to increase the timeout, if this is a long-running test. See 
https://jestjs.io/docs/api#testname-fn-timeout."

    [0m [90m 118 |[39m     })[33m;[39m
     [90m 119 |[39m
    [31m[1m>[22m[39m[90m 120 |[39m     it([32m'should detect recurring charges with >90% accuracy'[39m[33m,[39m 
[36masync[39m () [33m=>[39m {
     [90m     |[39m     [31m[1m^[22m[39m
     [90m 121 |[39m       [36mconst[39m recurringCharges [33m=[39m [36mawait[39m 
optimizer[33m.[39mfindRecurringCharges(mockUserId)[33m;[39m
     [90m 122 |[39m
     [90m 123 |[39m       expect(recurringCharges)[33m.[39mtoBeDefined()[33m;[39m[0m

      at src/lib/financial/__tests__/savings-optimizer.test.ts:120:5
      at src/lib/financial/__tests__/savings-optimizer.test.ts:51:3
      at Object.<anonymous> (src/lib/financial/__tests__/savings-optimizer.test.ts:34:1)

  ΓùÅ SavingsOptimizer ΓÇ║ findRecurringCharges() ΓÇ║ should identify subscriptions with >85% accuracy

    thrown: "Exceeded timeout of 10000 ms for a test.
    Add a timeout value to this test to increase the timeout, if this is a long-running test. See 
https://jestjs.io/docs/api#testname-fn-timeout."

    [0m [90m 133 |[39m     })[33m;[39m
     [90m 134 |[39m
    [31m[1m>[22m[39m[90m 135 |[39m     it([32m'should identify subscriptions with >85% accuracy'[39m[33m,[39m [36masync[39m 
() [33m=>[39m {
     [90m     |[39m     [31m[1m^[22m[39m
     [90m 136 |[39m       [36mconst[39m recurringCharges [33m=[39m [36mawait[39m 
optimizer[33m.[39mfindRecurringCharges(mockUserId)[33m;[39m
     [90m 137 |[39m       [36mconst[39m subscriptions [33m=[39m recurringCharges[33m.[39mfilter((charge) [33m=>[39m 
charge[33m.[39misSubscription)[33m;[39m
     [90m 138 |[39m[0m

      at src/lib/financial/__tests__/savings-optimizer.test.ts:135:5
      at src/lib/financial/__tests__/savings-optimizer.test.ts:51:3
      at Object.<anonymous> (src/lib/financial/__tests__/savings-optimizer.test.ts:34:1)

  ΓùÅ SavingsOptimizer ΓÇ║ findRecurringCharges() ΓÇ║ should filter by minimum amount

    thrown: "Exceeded timeout of 10000 ms for a test.
    Add a timeout value to this test to increase the timeout, if this is a long-running test. See 
https://jestjs.io/docs/api#testname-fn-timeout."

    [0m [90m 149 |[39m     })[33m;[39m
     [90m 150 |[39m
    [31m[1m>[22m[39m[90m 151 |[39m     it([32m'should filter by minimum amount'[39m[33m,[39m [36masync[39m () [33m=>[39m {
     [90m     |[39m     [31m[1m^[22m[39m
     [90m 152 |[39m       [36mconst[39m recurringCharges [33m=[39m [36mawait[39m 
optimizer[33m.[39mfindRecurringCharges(mockUserId[33m,[39m [35m10[39m)[33m;[39m
     [90m 153 |[39m
     [90m 154 |[39m       expect(recurringCharges)[33m.[39mtoBeDefined()[33m;[39m[0m

      at src/lib/financial/__tests__/savings-optimizer.test.ts:151:5
      at src/lib/financial/__tests__/savings-optimizer.test.ts:51:3
      at Object.<anonymous> (src/lib/financial/__tests__/savings-optimizer.test.ts:34:1)

  ΓùÅ SavingsOptimizer ΓÇ║ findRecurringCharges() ΓÇ║ should calculate variance correctly

    thrown: "Exceeded timeout of 10000 ms for a test.
    Add a timeout value to this test to increase the timeout, if this is a long-running test. See 
https://jestjs.io/docs/api#testname-fn-timeout."

    [0m [90m 158 |[39m     })[33m;[39m
     [90m 159 |[39m
    [31m[1m>[22m[39m[90m 160 |[39m     it([32m'should calculate variance correctly'[39m[33m,[39m [36masync[39m () 
[33m=>[39m {
     [90m     |[39m     [31m[1m^[22m[39m
     [90m 161 |[39m       [36mconst[39m recurringCharges [33m=[39m [36mawait[39m 
optimizer[33m.[39mfindRecurringCharges(mockUserId)[33m;[39m
     [90m 162 |[39m       [36mconst[39m netflix [33m=[39m recurringCharges[33m.[39mfind((charge) [33m=>[39m 
charge[33m.[39mmerchantName [33m===[39m [32m'Netflix'[39m)[33m;[39m
     [90m 163 |[39m[0m

      at src/lib/financial/__tests__/savings-optimizer.test.ts:160:5
      at src/lib/financial/__tests__/savings-optimizer.test.ts:51:3
      at Object.<anonymous> (src/lib/financial/__tests__/savings-optimizer.test.ts:34:1)

  ΓùÅ SavingsOptimizer ΓÇ║ suggestCancelableSubscriptions() ΓÇ║ should suggest cancelable subscriptions

    thrown: "Exceeded timeout of 10000 ms for a test.
    Add a timeout value to this test to increase the timeout, if this is a long-running test. See 
https://jestjs.io/docs/api#testname-fn-timeout."

    [0m [90m 219 |[39m     })[33m;[39m
     [90m 220 |[39m
    [31m[1m>[22m[39m[90m 221 |[39m     it([32m'should suggest cancelable subscriptions'[39m[33m,[39m [36masync[39m () 
[33m=>[39m {
     [90m     |[39m     [31m[1m^[22m[39m
     [90m 222 |[39m       [36mconst[39m recommendations [33m=[39m [36mawait[39m 
optimizer[33m.[39msuggestCancelableSubscriptions(mockUserId)[33m;[39m
     [90m 223 |[39m
     [90m 224 |[39m       expect(recommendations)[33m.[39mtoBeDefined()[33m;[39m[0m

      at src/lib/financial/__tests__/savings-optimizer.test.ts:221:5
      at src/lib/financial/__tests__/savings-optimizer.test.ts:169:3
      at Object.<anonymous> (src/lib/financial/__tests__/savings-optimizer.test.ts:34:1)

  ΓùÅ SavingsOptimizer ΓÇ║ suggestCancelableSubscriptions() ΓÇ║ should calculate potential savings correctly

    thrown: "Exceeded timeout of 10000 ms for a test.
    Add a timeout value to this test to increase the timeout, if this is a long-running test. See 
https://jestjs.io/docs/api#testname-fn-timeout."

    [0m [90m 226 |[39m     })[33m;[39m
     [90m 227 |[39m
    [31m[1m>[22m[39m[90m 228 |[39m     it([32m'should calculate potential savings correctly'[39m[33m,[39m [36masync[39m () 
[33m=>[39m {
     [90m     |[39m     [31m[1m^[22m[39m
     [90m 229 |[39m       [36mconst[39m recommendations [33m=[39m [36mawait[39m 
optimizer[33m.[39msuggestCancelableSubscriptions(mockUserId)[33m;[39m
     [90m 230 |[39m
     [90m 231 |[39m       recommendations[33m.[39mforEach((rec) [33m=>[39m {[0m

      at src/lib/financial/__tests__/savings-optimizer.test.ts:228:5
      at src/lib/financial/__tests__/savings-optimizer.test.ts:169:3
      at Object.<anonymous> (src/lib/financial/__tests__/savings-optimizer.test.ts:34:1)

  ΓùÅ SavingsOptimizer ΓÇ║ suggestCancelableSubscriptions() ΓÇ║ should provide actionable recommendations

    thrown: "Exceeded timeout of 10000 ms for a test.
    Add a timeout value to this test to increase the timeout, if this is a long-running test. See 
https://jestjs.io/docs/api#testname-fn-timeout."

    [0m [90m 235 |[39m     })[33m;[39m
     [90m 236 |[39m
    [31m[1m>[22m[39m[90m 237 |[39m     it([32m'should provide actionable recommendations'[39m[33m,[39m [36masync[39m () 
[33m=>[39m {
     [90m     |[39m     [31m[1m^[22m[39m
     [90m 238 |[39m       [36mconst[39m recommendations [33m=[39m [36mawait[39m 
optimizer[33m.[39msuggestCancelableSubscriptions(mockUserId)[33m;[39m
     [90m 239 |[39m
     [90m 240 |[39m       recommendations[33m.[39mforEach((rec) [33m=>[39m {[0m

      at src/lib/financial/__tests__/savings-optimizer.test.ts:237:5
      at src/lib/financial/__tests__/savings-optimizer.test.ts:169:3
      at Object.<anonymous> (src/lib/financial/__tests__/savings-optimizer.test.ts:34:1)

  ΓùÅ SavingsOptimizer ΓÇ║ analyzeSpendingForSavings() ΓÇ║ should analyze spending and return comprehensive analysis

    thrown: "Exceeded timeout of 10000 ms for a test.
    Add a timeout value to this test to increase the timeout, if this is a long-running test. See 
https://jestjs.io/docs/api#testname-fn-timeout."

    [0m [90m 272 |[39m     })[33m;[39m
     [90m 273 |[39m
    [31m[1m>[22m[39m[90m 274 |[39m     it([32m'should analyze spending and return comprehensive analysis'[39m[33m,[39m 
[36masync[39m () [33m=>[39m {
     [90m     |[39m     [31m[1m^[22m[39m
     [90m 275 |[39m       [36mconst[39m analysis [33m=[39m [36mawait[39m 
optimizer[33m.[39manalyzeSpendingForSavings(mockUserId[33m,[39m [32m'monthly'[39m)[33m;[39m
     [90m 276 |[39m
     [90m 277 |[39m       expect(analysis)[33m.[39mtoBeDefined()[33m;[39m[0m

      at src/lib/financial/__tests__/savings-optimizer.test.ts:274:5
      at src/lib/financial/__tests__/savings-optimizer.test.ts:250:3
      at Object.<anonymous> (src/lib/financial/__tests__/savings-optimizer.test.ts:34:1)

  ΓùÅ SavingsOptimizer ΓÇ║ analyzeSpendingForSavings() ΓÇ║ should calculate spending summary correctly

    thrown: "Exceeded timeout of 10000 ms for a test.
    Add a timeout value to this test to increase the timeout, if this is a long-running test. See 
https://jestjs.io/docs/api#testname-fn-timeout."

    [0m [90m 285 |[39m     })[33m;[39m
     [90m 286 |[39m
    [31m[1m>[22m[39m[90m 287 |[39m     it([32m'should calculate spending summary correctly'[39m[33m,[39m [36masync[39m () 
[33m=>[39m {
     [90m     |[39m     [31m[1m^[22m[39m
     [90m 288 |[39m       [36mconst[39m analysis [33m=[39m [36mawait[39m 
optimizer[33m.[39manalyzeSpendingForSavings(mockUserId[33m,[39m [32m'monthly'[39m)[33m;[39m
     [90m 289 |[39m
     [90m 290 |[39m       
expect(analysis[33m.[39msummary[33m.[39mtotalSpending)[33m.[39mtoBeGreaterThan([35m0[39m)[33m;[39m[0m

      at src/lib/financial/__tests__/savings-optimizer.test.ts:287:5
      at src/lib/financial/__tests__/savings-optimizer.test.ts:250:3
      at Object.<anonymous> (src/lib/financial/__tests__/savings-optimizer.test.ts:34:1)

  ΓùÅ SavingsOptimizer ΓÇ║ analyzeSpendingForSavings() ΓÇ║ should identify savings opportunities

    thrown: "Exceeded timeout of 10000 ms for a test.
    Add a timeout value to this test to increase the timeout, if this is a long-running test. See 
https://jestjs.io/docs/api#testname-fn-timeout."

    [0m [90m 296 |[39m     })[33m;[39m
     [90m 297 |[39m
    [31m[1m>[22m[39m[90m 298 |[39m     it([32m'should identify savings opportunities'[39m[33m,[39m [36masync[39m () 
[33m=>[39m {
     [90m     |[39m     [31m[1m^[22m[39m
     [90m 299 |[39m       [36mconst[39m analysis [33m=[39m [36mawait[39m 
optimizer[33m.[39manalyzeSpendingForSavings(mockUserId[33m,[39m [32m'monthly'[39m)[33m;[39m
     [90m 300 |[39m
     [90m 301 |[39m       expect(analysis[33m.[39mopportunities)[33m.[39mtoBeDefined()[33m;[39m[0m

      at src/lib/financial/__tests__/savings-optimizer.test.ts:298:5
      at src/lib/financial/__tests__/savings-optimizer.test.ts:250:3
      at Object.<anonymous> (src/lib/financial/__tests__/savings-optimizer.test.ts:34:1)

  ΓùÅ SavingsOptimizer ΓÇ║ analyzeSpendingForSavings() ΓÇ║ should provide category breakdown

    thrown: "Exceeded timeout of 10000 ms for a test.
    Add a timeout value to this test to increase the timeout, if this is a long-running test. See 
https://jestjs.io/docs/api#testname-fn-timeout."

    [0m [90m 310 |[39m     })[33m;[39m
     [90m 311 |[39m
    [31m[1m>[22m[39m[90m 312 |[39m     it([32m'should provide category breakdown'[39m[33m,[39m [36masync[39m () [33m=>[39m 
{
     [90m     |[39m     [31m[1m^[22m[39m
     [90m 313 |[39m       [36mconst[39m analysis [33m=[39m [36mawait[39m 
optimizer[33m.[39manalyzeSpendingForSavings(mockUserId[33m,[39m [32m'monthly'[39m)[33m;[39m
     [90m 314 |[39m
     [90m 315 |[39m       expect(analysis[33m.[39mcategoryBreakdown)[33m.[39mtoBeDefined()[33m;[39m[0m

      at src/lib/financial/__tests__/savings-optimizer.test.ts:312:5
      at src/lib/financial/__tests__/savings-optimizer.test.ts:250:3
      at Object.<anonymous> (src/lib/financial/__tests__/savings-optimizer.test.ts:34:1)

  ΓùÅ SavingsOptimizer ΓÇ║ analyzeSpendingForSavings() ΓÇ║ should analyze spending trends

    thrown: "Exceeded timeout of 10000 ms for a test.
    Add a timeout value to this test to increase the timeout, if this is a long-running test. See 
https://jestjs.io/docs/api#testname-fn-timeout."

    [0m [90m 326 |[39m     })[33m;[39m
     [90m 327 |[39m
    [31m[1m>[22m[39m[90m 328 |[39m     it([32m'should analyze spending trends'[39m[33m,[39m [36masync[39m () [33m=>[39m {
     [90m     |[39m     [31m[1m^[22m[39m
     [90m 329 |[39m       [36mconst[39m analysis [33m=[39m [36mawait[39m 
optimizer[33m.[39manalyzeSpendingForSavings(mockUserId[33m,[39m [32m'monthly'[39m)[33m;[39m
     [90m 330 |[39m
     [90m 331 |[39m       expect(analysis[33m.[39mtrends)[33m.[39mtoBeDefined()[33m;[39m[0m

      at src/lib/financial/__tests__/savings-optimizer.test.ts:328:5
      at src/lib/financial/__tests__/savings-optimizer.test.ts:250:3
      at Object.<anonymous> (src/lib/financial/__tests__/savings-optimizer.test.ts:34:1)

  ΓùÅ SavingsOptimizer ΓÇ║ calculatePotentialSavings() ΓÇ║ should calculate total potential savings

    thrown: "Exceeded timeout of 10000 ms for a test.
    Add a timeout value to this test to increase the timeout, if this is a long-running test. See 
https://jestjs.io/docs/api#testname-fn-timeout."

    [0m [90m 358 |[39m     })[33m;[39m
     [90m 359 |[39m
    [31m[1m>[22m[39m[90m 360 |[39m     it([32m'should calculate total potential savings'[39m[33m,[39m [36masync[39m () 
[33m=>[39m {
     [90m     |[39m     [31m[1m^[22m[39m
     [90m 361 |[39m       [36mconst[39m summary [33m=[39m [36mawait[39m 
optimizer[33m.[39mcalculatePotentialSavings(mockUserId)[33m;[39m
     [90m 362 |[39m
     [90m 363 |[39m       expect(summary)[33m.[39mtoBeDefined()[33m;[39m[0m

      at src/lib/financial/__tests__/savings-optimizer.test.ts:360:5
      at src/lib/financial/__tests__/savings-optimizer.test.ts:338:3
      at Object.<anonymous> (src/lib/financial/__tests__/savings-optimizer.test.ts:34:1)

  ΓùÅ SavingsOptimizer ΓÇ║ calculatePotentialSavings() ΓÇ║ should provide breakdown by category

    thrown: "Exceeded timeout of 10000 ms for a test.
    Add a timeout value to this test to increase the timeout, if this is a long-running test. See 
https://jestjs.io/docs/api#testname-fn-timeout."

    [0m [90m 366 |[39m     })[33m;[39m
     [90m 367 |[39m
    [31m[1m>[22m[39m[90m 368 |[39m     it([32m'should provide breakdown by category'[39m[33m,[39m [36masync[39m () 
[33m=>[39m {
     [90m     |[39m     [31m[1m^[22m[39m
     [90m 369 |[39m       [36mconst[39m summary [33m=[39m [36mawait[39m 
optimizer[33m.[39mcalculatePotentialSavings(mockUserId)[33m;[39m
     [90m 370 |[39m
     [90m 371 |[39m       expect(summary[33m.[39mbreakdown)[33m.[39mtoBeDefined()[33m;[39m[0m

      at src/lib/financial/__tests__/savings-optimizer.test.ts:368:5
      at src/lib/financial/__tests__/savings-optimizer.test.ts:338:3
      at Object.<anonymous> (src/lib/financial/__tests__/savings-optimizer.test.ts:34:1)

  ΓùÅ SavingsOptimizer ΓÇ║ calculatePotentialSavings() ΓÇ║ should identify top opportunities

    thrown: "Exceeded timeout of 10000 ms for a test.
    Add a timeout value to this test to increase the timeout, if this is a long-running test. See 
https://jestjs.io/docs/api#testname-fn-timeout."

    [0m [90m 379 |[39m     })[33m;[39m
     [90m 380 |[39m
    [31m[1m>[22m[39m[90m 381 |[39m     it([32m'should identify top opportunities'[39m[33m,[39m [36masync[39m () [33m=>[39m 
{
     [90m     |[39m     [31m[1m^[22m[39m
     [90m 382 |[39m       [36mconst[39m summary [33m=[39m [36mawait[39m 
optimizer[33m.[39mcalculatePotentialSavings(mockUserId)[33m;[39m
     [90m 383 |[39m
     [90m 384 |[39m       expect(summary[33m.[39mtopOpportunities)[33m.[39mtoBeDefined()[33m;[39m[0m

      at src/lib/financial/__tests__/savings-optimizer.test.ts:381:5
      at src/lib/financial/__tests__/savings-optimizer.test.ts:338:3
      at Object.<anonymous> (src/lib/financial/__tests__/savings-optimizer.test.ts:34:1)

  ΓùÅ SavingsOptimizer ΓÇ║ calculatePotentialSavings() ΓÇ║ should calculate implementation difficulty

    thrown: "Exceeded timeout of 10000 ms for a test.
    Add a timeout value to this test to increase the timeout, if this is a long-running test. See 
https://jestjs.io/docs/api#testname-fn-timeout."

    [0m [90m 387 |[39m     })[33m;[39m
     [90m 388 |[39m
    [31m[1m>[22m[39m[90m 389 |[39m     it([32m'should calculate implementation difficulty'[39m[33m,[39m [36masync[39m () 
[33m=>[39m {
     [90m     |[39m     [31m[1m^[22m[39m
     [90m 390 |[39m       [36mconst[39m summary [33m=[39m [36mawait[39m 
optimizer[33m.[39mcalculatePotentialSavings(mockUserId)[33m;[39m
     [90m 391 |[39m
     [90m 392 |[39m       
expect(summary[33m.[39mimplementationDifficulty)[33m.[39mtoMatch([35m/easy|medium|hard/[39m)[33m;[39m[0m

      at src/lib/financial/__tests__/savings-optimizer.test.ts:389:5
      at src/lib/financial/__tests__/savings-optimizer.test.ts:338:3
      at Object.<anonymous> (src/lib/financial/__tests__/savings-optimizer.test.ts:34:1)

  ΓùÅ SavingsOptimizer ΓÇ║ calculatePotentialSavings() ΓÇ║ should estimate implementation time

    thrown: "Exceeded timeout of 10000 ms for a test.
    Add a timeout value to this test to increase the timeout, if this is a long-running test. See 
https://jestjs.io/docs/api#testname-fn-timeout."

    [0m [90m 393 |[39m     })[33m;[39m
     [90m 394 |[39m
    [31m[1m>[22m[39m[90m 395 |[39m     it([32m'should estimate implementation time'[39m[33m,[39m [36masync[39m () 
[33m=>[39m {
     [90m     |[39m     [31m[1m^[22m[39m
     [90m 396 |[39m       [36mconst[39m summary [33m=[39m [36mawait[39m 
optimizer[33m.[39mcalculatePotentialSavings(mockUserId)[33m;[39m
     [90m 397 |[39m
     [90m 398 |[39m       expect(summary[33m.[39mestimatedTimeToImplement)[33m.[39mtoBeDefined()[33m;[39m[0m

      at src/lib/financial/__tests__/savings-optimizer.test.ts:395:5
      at src/lib/financial/__tests__/savings-optimizer.test.ts:338:3
      at Object.<anonymous> (src/lib/financial/__tests__/savings-optimizer.test.ts:34:1)

  ΓùÅ SavingsOptimizer ΓÇ║ generateSavingsGoalRecommendations() ΓÇ║ should generate savings goal recommendations

    TypeError: supabase_1.supabase.from(...).select(...).eq(...).single is not a function

    [0m [90m 521 |[39m       [33m.[39mselect([32m'monthly_income'[39m)
     [90m 522 |[39m       [33m.[39meq([32m'id'[39m[33m,[39m userId)
    [31m[1m>[22m[39m[90m 523 |[39m       [33m.[39msingle()[33m;[39m
     [90m     |[39m        [31m[1m^[22m[39m
     [90m 524 |[39m
     [90m 525 |[39m     [36mif[39m (error [33m||[39m [33m![39mprofile [33m||[39m [33m![39mprofile[33m.[39mmonthly_income) {
     [90m 526 |[39m       [90m// Fallback: estimate from transaction history[39m[0m

      at SavingsOptimizer.getUserMonthlyIncome (src/lib/financial/savings-optimizer.ts:523:8)
      at SavingsOptimizer.generateSavingsGoalRecommendations (src/lib/financial/savings-optimizer.ts:357:38)
      at Object.<anonymous> (src/lib/financial/__tests__/savings-optimizer.test.ts:418:47)

  ΓùÅ SavingsOptimizer ΓÇ║ generateSavingsGoalRecommendations() ΓÇ║ should provide realistic goal amounts

    TypeError: supabase_1.supabase.from(...).select(...).eq(...).single is not a function

    [0m [90m 521 |[39m       [33m.[39mselect([32m'monthly_income'[39m)
     [90m 522 |[39m       [33m.[39meq([32m'id'[39m[33m,[39m userId)
    [31m[1m>[22m[39m[90m 523 |[39m       [33m.[39msingle()[33m;[39m
     [90m     |[39m        [31m[1m^[22m[39m
     [90m 524 |[39m
     [90m 525 |[39m     [36mif[39m (error [33m||[39m [33m![39mprofile [33m||[39m [33m![39mprofile[33m.[39mmonthly_income) {
     [90m 526 |[39m       [90m// Fallback: estimate from transaction history[39m[0m

      at SavingsOptimizer.getUserMonthlyIncome (src/lib/financial/savings-optimizer.ts:523:8)
      at SavingsOptimizer.generateSavingsGoalRecommendations (src/lib/financial/savings-optimizer.ts:357:38)
      at Object.<anonymous> (src/lib/financial/__tests__/savings-optimizer.test.ts:425:47)

  ΓùÅ SavingsOptimizer ΓÇ║ generateSavingsGoalRecommendations() ΓÇ║ should include reasoning for each goal

    TypeError: supabase_1.supabase.from(...).select(...).eq(...).single is not a function

    [0m [90m 521 |[39m       [33m.[39mselect([32m'monthly_income'[39m)
     [90m 522 |[39m       [33m.[39meq([32m'id'[39m[33m,[39m userId)
    [31m[1m>[22m[39m[90m 523 |[39m       [33m.[39msingle()[33m;[39m
     [90m     |[39m        [31m[1m^[22m[39m
     [90m 524 |[39m
     [90m 525 |[39m     [36mif[39m (error [33m||[39m [33m![39mprofile [33m||[39m [33m![39mprofile[33m.[39mmonthly_income) {
     [90m 526 |[39m       [90m// Fallback: estimate from transaction history[39m[0m

      at SavingsOptimizer.getUserMonthlyIncome (src/lib/financial/savings-optimizer.ts:523:8)
      at SavingsOptimizer.generateSavingsGoalRecommendations (src/lib/financial/savings-optimizer.ts:357:38)
      at Object.<anonymous> (src/lib/financial/__tests__/savings-optimizer.test.ts:435:47)

  ΓùÅ SavingsOptimizer ΓÇ║ Edge Cases ΓÇ║ should handle new users with no transactions

    thrown: "Exceeded timeout of 10000 ms for a test.
    Add a timeout value to this test to increase the timeout, if this is a long-running test. See 
https://jestjs.io/docs/api#testname-fn-timeout."

    [0m [90m 445 |[39m
     [90m 446 |[39m   describe([32m'Edge Cases'[39m[33m,[39m () [33m=>[39m {
    [31m[1m>[22m[39m[90m 447 |[39m     it([32m'should handle new users with no transactions'[39m[33m,[39m [36masync[39m () 
[33m=>[39m {
     [90m     |[39m     [31m[1m^[22m[39m
     [90m 448 |[39m       (supabase[33m.[39m[36mfrom[39m [36mas[39m jest[33m.[39m[33mMock[39m)[33m.[39mmockReturnValue({
     [90m 449 |[39m         select[33m:[39m jest[33m.[39mfn()[33m.[39mmockReturnThis()[33m,[39m
     [90m 450 |[39m         eq[33m:[39m jest[33m.[39mfn()[33m.[39mmockReturnThis()[33m,[39m[0m

      at src/lib/financial/__tests__/savings-optimizer.test.ts:447:5
      at src/lib/financial/__tests__/savings-optimizer.test.ts:446:3
      at Object.<anonymous> (src/lib/financial/__tests__/savings-optimizer.test.ts:34:1)

  ΓùÅ SavingsOptimizer ΓÇ║ Edge Cases ΓÇ║ should handle irregular spending patterns

    thrown: "Exceeded timeout of 10000 ms for a test.
    Add a timeout value to this test to increase the timeout, if this is a long-running test. See 
https://jestjs.io/docs/api#testname-fn-timeout."

    [0m [90m 463 |[39m     })[33m;[39m
     [90m 464 |[39m
    [31m[1m>[22m[39m[90m 465 |[39m     it([32m'should handle irregular spending patterns'[39m[33m,[39m [36masync[39m () 
[33m=>[39m {
     [90m     |[39m     [31m[1m^[22m[39m
     [90m 466 |[39m       [36mconst[39m irregularTransactions [33m=[39m [
     [90m 467 |[39m         { id[33m:[39m [32m'1'[39m[33m,[39m user_id[33m:[39m mockUserId[33m,[39m amount[33m:[39m 
[35m100[39m[33m,[39m merchant_name[33m:[39m [32m'Random Store'[39m[33m,[39m category[33m:[39m 
[32m'shopping'[39m[33m,[39m date[33m:[39m [36mnew[39m [33mDate[39m([32m'2025-01-01'[39m)[33m.[39mtoISOString() }[33m,[39m
     [90m 468 |[39m         { id[33m:[39m [32m'2'[39m[33m,[39m user_id[33m:[39m mockUserId[33m,[39m amount[33m:[39m 
[35m200[39m[33m,[39m merchant_name[33m:[39m [32m'Random Store'[39m[33m,[39m category[33m:[39m 
[32m'shopping'[39m[33m,[39m date[33m:[39m [36mnew[39m [33mDate[39m([32m'2025-01-20'[39m)[33m.[39mtoISOString() 
}[33m,[39m[0m

      at src/lib/financial/__tests__/savings-optimizer.test.ts:465:5
      at src/lib/financial/__tests__/savings-optimizer.test.ts:446:3
      at Object.<anonymous> (src/lib/financial/__tests__/savings-optimizer.test.ts:34:1)

  ΓùÅ SavingsOptimizer ΓÇ║ Edge Cases ΓÇ║ should handle users with no subscriptions

    thrown: "Exceeded timeout of 10000 ms for a test.
    Add a timeout value to this test to increase the timeout, if this is a long-running test. See 
https://jestjs.io/docs/api#testname-fn-timeout."

    [0m [90m 489 |[39m     })[33m;[39m
     [90m 490 |[39m
    [31m[1m>[22m[39m[90m 491 |[39m     it([32m'should handle users with no subscriptions'[39m[33m,[39m [36masync[39m () 
[33m=>[39m {
     [90m     |[39m     [31m[1m^[22m[39m
     [90m 492 |[39m       [36mconst[39m nonSubscriptionTransactions [33m=[39m [
     [90m 493 |[39m         { id[33m:[39m [32m'1'[39m[33m,[39m user_id[33m:[39m mockUserId[33m,[39m amount[33m:[39m 
[35m50[39m[33m,[39m merchant_name[33m:[39m [32m'Grocery Store'[39m[33m,[39m category[33m:[39m 
[32m'groceries'[39m[33m,[39m date[33m:[39m [36mnew[39m [33mDate[39m([32m'2025-01-01'[39m)[33m.[39mtoISOString() 
}[33m,[39m
     [90m 494 |[39m         { id[33m:[39m [32m'2'[39m[33m,[39m user_id[33m:[39m mockUserId[33m,[39m amount[33m:[39m 
[35m30[39m[33m,[39m merchant_name[33m:[39m [32m'Gas Station'[39m[33m,[39m category[33m:[39m 
[32m'transportation'[39m[33m,[39m date[33m:[39m [36mnew[39m [33mDate[39m([32m'2025-01-05'[39m)[33m.[39mtoISOString() 
}[33m,[39m[0m

      at src/lib/financial/__tests__/savings-optimizer.test.ts:491:5
      at src/lib/financial/__tests__/savings-optimizer.test.ts:446:3
      at Object.<anonymous> (src/lib/financial/__tests__/savings-optimizer.test.ts:34:1)

  ΓùÅ SavingsOptimizer ΓÇ║ AI Integration ΓÇ║ should handle AI service failures gracefully

    thrown: "Exceeded timeout of 10000 ms for a test.
    Add a timeout value to this test to increase the timeout, if this is a long-running test. See 
https://jestjs.io/docs/api#testname-fn-timeout."

    [0m [90m 513 |[39m
     [90m 514 |[39m   describe([32m'AI Integration'[39m[33m,[39m () [33m=>[39m {
    [31m[1m>[22m[39m[90m 515 |[39m     it([32m'should handle AI service failures gracefully'[39m[33m,[39m [36masync[39m () 
[33m=>[39m {
     [90m     |[39m     [31m[1m^[22m[39m
     [90m 516 |[39m       [90m// AI service will fail, should fall back to rule-based approach[39m
     [90m 517 |[39m       [36mconst[39m mockTransactions [33m=[39m [
     [90m 518 |[39m         { id[33m:[39m [32m'1'[39m[33m,[39m user_id[33m:[39m mockUserId[33m,[39m amount[33m:[39m 
[35m100[39m[33m,[39m merchant_name[33m:[39m [32m'Test'[39m[33m,[39m category[33m:[39m [32m'other'[39m[33m,[39m 
date[33m:[39m [36mnew[39m [33mDate[39m([32m'2025-01-01'[39m)[33m.[39mtoISOString() }[33m,[39m[0m

      at src/lib/financial/__tests__/savings-optimizer.test.ts:515:5
      at src/lib/financial/__tests__/savings-optimizer.test.ts:514:3
      at Object.<anonymous> (src/lib/financial/__tests__/savings-optimizer.test.ts:34:1)


Test Suites: 8 failed, 1 skipped, 134 passed, 142 of 143 total
Tests:       26 failed, 11 skipped, 1890 passed, 1927 total
Snapshots:   0 total
Time:        214.997 s
Ran all test suites.
